<html>
<body>
<pre>
<h1>µVision Build Log</h1>
<h2>Tool Versions:</h2>
IDE-Version: µVision V5.29.0.0
Copyright (C) 2019 ARM Ltd and ARM Germany GmbH. All rights reserved.
License Information: rw fa.asyrafi@gmail.com, rwrw, LIC=JL22Z-JIWAS-3ZBW1-CRAMB-34TUZ-ABSWH
 
Tool Versions:
Toolchain:       MDK-ARM Plus  Version: 5.29.0.0
Toolchain Path:  C:\Keil_v5\ARM\ARMCC\Bin
C Compiler:      Armcc.exe V5.06 update 6 (build 750)
Assembler:       Armasm.exe V5.06 update 6 (build 750)
Linker/Locator:  ArmLink.exe V5.06 update 6 (build 750)
Library Manager: ArmAr.exe V5.06 update 6 (build 750)
Hex Converter:   FromElf.exe V5.06 update 6 (build 750)
CPU DLL:         SARMCM3.DLL V5.29.0.0
Dialog DLL:      DCM.DLL V1.17.3.0
Target DLL:      STLink\ST-LINKIII-KEIL_SWO.dll V3.0.7.0
Dialog DLL:      TCM.DLL V1.36.5.0
 
<h2>Project:</h2>
D:\TA kuy\Pemanas Vending aja deh\software\ARM\NEW\TA_Fauqi_coba_konverter\MDK-ARM\TA_Fauqi_coba_konverter.uvprojx
Project File Date:  04/09/2022

<h2>Output:</h2>
*** Using Compiler 'V5.06 update 6 (build 750)', folder: 'C:\Keil_v5\ARM\ARMCC\Bin'
Build target 'TA_Fauqi_coba_konverter'
compiling main.c...
../Core/Src/main.c(194): warning:  #940-D: missing return statement at end of non-void function "fin1mf1" 
  }
../Core/Src/main.c(214): warning:  #940-D: missing return statement at end of non-void function "fin1mf2" 
  }
../Core/Src/main.c(235): warning:  #940-D: missing return statement at end of non-void function "fin1mf3" 
  }
../Core/Src/main.c(256): warning:  #940-D: missing return statement at end of non-void function "fin1mf4" 
  }
../Core/Src/main.c(276): warning:  #940-D: missing return statement at end of non-void function "fin1mf5" 
  }
../Core/Src/main.c(297): warning:  #940-D: missing return statement at end of non-void function "fin1mf6" 
  }
../Core/Src/main.c(313): warning:  #940-D: missing return statement at end of non-void function "fin1mf7" 
  }
../Core/Src/main.c(330): warning:  #940-D: missing return statement at end of non-void function "fin2mf1" 
  }
../Core/Src/main.c(350): warning:  #940-D: missing return statement at end of non-void function "fin2mf2" 
  }
../Core/Src/main.c(370): warning:  #940-D: missing return statement at end of non-void function "fin2mf3" 
  }
../Core/Src/main.c(390): warning:  #940-D: missing return statement at end of non-void function "fin2mf4" 
  }
../Core/Src/main.c(411): warning:  #940-D: missing return statement at end of non-void function "fin2mf5" 
  }
../Core/Src/main.c(431): warning:  #940-D: missing return statement at end of non-void function "fin2mf6" 
  }
../Core/Src/main.c(446): warning:  #940-D: missing return statement at end of non-void function "fin2mf7" 
  }
../Core/Src/main.c(844): warning:  #1035-D: single-precision operand implicitly converted to double-precision
      sudut = out_fis*180.0;
../Core/Src/main.c(846): warning:  #1035-D: single-precision operand implicitly converted to double-precision
  	if(sudut>=0.0 && sudut <=180.0)
../Core/Src/main.c(846): warning:  #1035-D: single-precision operand implicitly converted to double-precision
  	if(sudut>=0.0 && sudut <=180.0)
../Core/Src/main.c(848): warning:  #1035-D: single-precision operand implicitly converted to double-precision
        p=((0.01*sudut)/180)/0.000005;
../Core/Src/main.c: 18 warnings, 0 errors
linking...
Program Size: Code=28350 RO-data=1050 RW-data=772 ZI-data=18572  
FromELF: creating hex file...
"TA_Fauqi_coba_konverter\TA_Fauqi_coba_konverter.axf" - 0 Error(s), 18 Warning(s).

<h2>Software Packages used:</h2>

Package Vendor: ARM
                http://www.keil.com/pack/ARM.CMSIS.5.7.0.pack
                ARM.CMSIS.5.7.0
                CMSIS (Cortex Microcontroller Software Interface Standard)
   * Component: CORE Version: 5.4.0

Package Vendor: Keil
                http://www.keil.com/pack/Keil.STM32F4xx_DFP.2.14.0.pack
                Keil.STM32F4xx_DFP.2.14.0
                STMicroelectronics STM32F4 Series Device Support, Drivers and Examples

<h2>Collection of Component include folders:</h2>
  .\RTE\_TA_Fauqi_coba_konverter
  C:\Users\faasy\AppData\Local\Arm\Packs\ARM\CMSIS\5.7.0\CMSIS\Core\Include
  C:\Users\faasy\AppData\Local\Arm\Packs\Keil\STM32F4xx_DFP\2.14.0\Drivers\CMSIS\Device\ST\STM32F4xx\Include

<h2>Collection of Component Files used:</h2>

   * Component: ARM::CMSIS:CORE:5.4.0
Build Time Elapsed:  00:00:04
</pre>
</body>
</html>
