Component: ARM Compiler 5.06 update 6 (build 750) Tool: armlink [4d35ed]

==============================================================================

Section Cross References

    startup_stm32f407xx.o(STACK) refers (Special) to heapauxi.o(.text) for __use_two_region_memory
    startup_stm32f407xx.o(HEAP) refers (Special) to heapauxi.o(.text) for __use_two_region_memory
    startup_stm32f407xx.o(RESET) refers (Special) to heapauxi.o(.text) for __use_two_region_memory
    startup_stm32f407xx.o(RESET) refers to startup_stm32f407xx.o(STACK) for __initial_sp
    startup_stm32f407xx.o(RESET) refers to startup_stm32f407xx.o(.text) for Reset_Handler
    startup_stm32f407xx.o(RESET) refers to stm32f4xx_it.o(i.NMI_Handler) for NMI_Handler
    startup_stm32f407xx.o(RESET) refers to stm32f4xx_it.o(i.HardFault_Handler) for HardFault_Handler
    startup_stm32f407xx.o(RESET) refers to stm32f4xx_it.o(i.MemManage_Handler) for MemManage_Handler
    startup_stm32f407xx.o(RESET) refers to stm32f4xx_it.o(i.BusFault_Handler) for BusFault_Handler
    startup_stm32f407xx.o(RESET) refers to stm32f4xx_it.o(i.UsageFault_Handler) for UsageFault_Handler
    startup_stm32f407xx.o(RESET) refers to stm32f4xx_it.o(i.SVC_Handler) for SVC_Handler
    startup_stm32f407xx.o(RESET) refers to stm32f4xx_it.o(i.DebugMon_Handler) for DebugMon_Handler
    startup_stm32f407xx.o(RESET) refers to stm32f4xx_it.o(i.PendSV_Handler) for PendSV_Handler
    startup_stm32f407xx.o(RESET) refers to stm32f4xx_it.o(i.SysTick_Handler) for SysTick_Handler
    startup_stm32f407xx.o(RESET) refers to stm32f4xx_it.o(i.EXTI2_IRQHandler) for EXTI2_IRQHandler
    startup_stm32f407xx.o(RESET) refers to stm32f4xx_it.o(i.ADC_IRQHandler) for ADC_IRQHandler
    startup_stm32f407xx.o(RESET) refers to stm32f4xx_it.o(i.TIM1_BRK_TIM9_IRQHandler) for TIM1_BRK_TIM9_IRQHandler
    startup_stm32f407xx.o(RESET) refers to stm32f4xx_it.o(i.TIM1_UP_TIM10_IRQHandler) for TIM1_UP_TIM10_IRQHandler
    startup_stm32f407xx.o(RESET) refers to stm32f4xx_it.o(i.TIM1_TRG_COM_TIM11_IRQHandler) for TIM1_TRG_COM_TIM11_IRQHandler
    startup_stm32f407xx.o(RESET) refers to stm32f4xx_it.o(i.TIM1_CC_IRQHandler) for TIM1_CC_IRQHandler
    startup_stm32f407xx.o(RESET) refers to stm32f4xx_it.o(i.DMA2_Stream0_IRQHandler) for DMA2_Stream0_IRQHandler
    startup_stm32f407xx.o(RESET) refers to stm32f4xx_it.o(i.DMA2_Stream1_IRQHandler) for DMA2_Stream1_IRQHandler
    startup_stm32f407xx.o(RESET) refers to stm32f4xx_it.o(i.DMA2_Stream6_IRQHandler) for DMA2_Stream6_IRQHandler
    startup_stm32f407xx.o(RESET) refers to stm32f4xx_it.o(i.USART6_IRQHandler) for USART6_IRQHandler
    startup_stm32f407xx.o(.text) refers (Special) to heapauxi.o(.text) for __use_two_region_memory
    startup_stm32f407xx.o(.text) refers to system_stm32f4xx.o(i.SystemInit) for SystemInit
    startup_stm32f407xx.o(.text) refers to __main.o(!!!main) for __main
    startup_stm32f407xx.o(.text) refers to startup_stm32f407xx.o(HEAP) for Heap_Mem
    startup_stm32f407xx.o(.text) refers to startup_stm32f407xx.o(STACK) for Stack_Mem
    lcd_character.o(i.lcd_Test) refers to stm32f4xx_hal_gpio.o(i.HAL_GPIO_WritePin) for HAL_GPIO_WritePin
    lcd_character.o(i.lcd_bin) refers to lcd_character.o(i.lcd_data) for lcd_data
    lcd_character.o(i.lcd_bin16) refers to lcd_character.o(i.lcd_data) for lcd_data
    lcd_character.o(i.lcd_bit) refers to lcd_character.o(i.lcd_data) for lcd_data
    lcd_character.o(i.lcd_clear) refers to lcd_character.o(i.lcd_cmd) for lcd_cmd
    lcd_character.o(i.lcd_clear) refers to lcd_character.o(i.wait_lcd) for wait_lcd
    lcd_character.o(i.lcd_cmd) refers to lcd_character.o(i.lcd_ins) for lcd_ins
    lcd_character.o(i.lcd_cmd) refers to lcd_character.o(i.wait_lcd) for wait_lcd
    lcd_character.o(i.lcd_data) refers to lcd_character.o(i.lcd_ins2) for lcd_ins2
    lcd_character.o(i.lcd_data) refers to lcd_character.o(i.wait_lcd) for wait_lcd
    lcd_character.o(i.lcd_en_clk) refers to stm32f4xx_hal_gpio.o(i.HAL_GPIO_WritePin) for HAL_GPIO_WritePin
    lcd_character.o(i.lcd_en_clk) refers to lcd_character.o(i.wait_lcd) for wait_lcd
    lcd_character.o(i.lcd_float6) refers to _printf_pad.o(.text) for _printf_pre_padding
    lcd_character.o(i.lcd_float6) refers to _printf_percent.o(.ARM.Collect$$_printf_percent$$00000000) for _printf_percent
    lcd_character.o(i.lcd_float6) refers to _printf_f.o(.ARM.Collect$$_printf_percent$$00000003) for _printf_f
    lcd_character.o(i.lcd_float6) refers to printf1.o(x$fpl$printf1) for _printf_fp_dec
    lcd_character.o(i.lcd_float6) refers to f2d.o(x$fpl$f2d) for __aeabi_f2d
    lcd_character.o(i.lcd_float6) refers to noretval__2sprintf.o(.text) for __2sprintf
    lcd_character.o(i.lcd_float6) refers to lcd_character.o(i.lcd_data) for lcd_data
    lcd_character.o(i.lcd_float6) refers to lcd_character.o(.data) for .data
    lcd_character.o(i.lcd_gotoxy) refers to stm32f4xx_hal_gpio.o(i.HAL_GPIO_WritePin) for HAL_GPIO_WritePin
[...]
    $v0                                      0x0800550c   Number         0  dcheck1.o(x$fpl$dcheck1)
    x$fpl$dcmpinf                            0x0800551c   Section       24  dcmpi.o(x$fpl$dcmpinf)
    $v0                                      0x0800551c   Number         0  dcmpi.o(x$fpl$dcmpinf)
    x$fpl$ddiv                               0x08005534   Section      688  ddiv.o(x$fpl$ddiv)
    $v0                                      0x08005534   Number         0  ddiv.o(x$fpl$ddiv)
    ddiv_entry                               0x0800553b   Thumb Code     0  ddiv.o(x$fpl$ddiv)
    x$fpl$dflt                               0x080057e4   Section       46  dflt_clz.o(x$fpl$dflt)
    $v0                                      0x080057e4   Number         0  dflt_clz.o(x$fpl$dflt)
    x$fpl$dfltu                              0x08005812   Section       38  dflt_clz.o(x$fpl$dfltu)
    $v0                                      0x08005812   Number         0  dflt_clz.o(x$fpl$dfltu)
    x$fpl$dleqf                              0x08005838   Section      120  dleqf.o(x$fpl$dleqf)
    $v0                                      0x08005838   Number         0  dleqf.o(x$fpl$dleqf)
    x$fpl$dmul                               0x080058b0   Section      340  dmul.o(x$fpl$dmul)
    $v0                                      0x080058b0   Number         0  dmul.o(x$fpl$dmul)
    x$fpl$dnaninf                            0x08005a04   Section      156  dnaninf.o(x$fpl$dnaninf)
    $v0                                      0x08005a04   Number         0  dnaninf.o(x$fpl$dnaninf)
    x$fpl$dretinf                            0x08005aa0   Section       12  dretinf.o(x$fpl$dretinf)
    $v0                                      0x08005aa0   Number         0  dretinf.o(x$fpl$dretinf)
    x$fpl$drleqf                             0x08005aac   Section      108  drleqf.o(x$fpl$drleqf)
    $v0                                      0x08005aac   Number         0  drleqf.o(x$fpl$drleqf)
    x$fpl$drsb                               0x08005b18   Section       22  daddsub_clz.o(x$fpl$drsb)
    $v0                                      0x08005b18   Number         0  daddsub_clz.o(x$fpl$drsb)
    x$fpl$dsqrt                              0x08005b30   Section      408  dsqrt_umaal.o(x$fpl$dsqrt)
    $v0                                      0x08005b30   Number         0  dsqrt_umaal.o(x$fpl$dsqrt)
    x$fpl$dsub                               0x08005cc8   Section      468  daddsub_clz.o(x$fpl$dsub)
    $v0                                      0x08005cc8   Number         0  daddsub_clz.o(x$fpl$dsub)
    _dsub1                                   0x08005cd9   Thumb Code     0  daddsub_clz.o(x$fpl$dsub)
    x$fpl$f2d                                0x08005e9c   Section       86  f2d.o(x$fpl$f2d)
    $v0                                      0x08005e9c   Number         0  f2d.o(x$fpl$f2d)
    x$fpl$fnaninf                            0x08005ef2   Section      140  fnaninf.o(x$fpl$fnaninf)
    $v0                                      0x08005ef2   Number         0  fnaninf.o(x$fpl$fnaninf)
    x$fpl$fpinit                             0x08005f7e   Section       10  fpinit.o(x$fpl$fpinit)
    $v0                                      0x08005f7e   Number         0  fpinit.o(x$fpl$fpinit)
    x$fpl$fretinf                            0x08005f88   Section       10  fretinf.o(x$fpl$fretinf)
    $v0                                      0x08005f88   Number         0  fretinf.o(x$fpl$fretinf)
    x$fpl$printf1                            0x08005f92   Section        4  printf1.o(x$fpl$printf1)
    $v0                                      0x08005f92   Number         0  printf1.o(x$fpl$printf1)
    x$fpl$retnan                             0x08005f96   Section      100  retnan.o(x$fpl$retnan)
    $v0                                      0x08005f96   Number         0  retnan.o(x$fpl$retnan)
    x$fpl$scalbn                             0x08005ffa   Section       92  scalbn.o(x$fpl$scalbn)
    $v0                                      0x08005ffa   Number         0  scalbn.o(x$fpl$scalbn)
    x$fpl$trapveneer                         0x08006056   Section       48  trapv.o(x$fpl$trapveneer)
    $v0                                      0x08006056   Number         0  trapv.o(x$fpl$trapveneer)
    .constdata                               0x08006086   Section        8  stm32f4xx_hal_dma.o(.constdata)
    x$fpl$usenofp                            0x08006086   Section        0  usenofp.o(x$fpl$usenofp)
    flagBitshiftOffset                       0x08006086   Data           8  stm32f4xx_hal_dma.o(.constdata)
    .constdata                               0x0800608e   Section       16  system_stm32f4xx.o(.constdata)
    .constdata                               0x0800609e   Section        8  system_stm32f4xx.o(.constdata)
    .constdata                               0x080060a8   Section      136  pow.o(.constdata)
    bp                                       0x080060a8   Data          16  pow.o(.constdata)
    dp_h                                     0x080060b8   Data          16  pow.o(.constdata)
    dp_l                                     0x080060c8   Data          16  pow.o(.constdata)
    L                                        0x080060d8   Data          48  pow.o(.constdata)
    P                                        0x08006108   Data          40  pow.o(.constdata)
    .constdata                               0x08006130   Section        8  qnan.o(.constdata)
    .constdata                               0x08006138   Section      148  bigflt0.o(.constdata)
    tenpwrs_x                                0x08006138   Data          60  bigflt0.o(.constdata)
    tenpwrs_i                                0x08006174   Data          64  bigflt0.o(.constdata)
    locale$$data                             0x080061ec   Section       28  lc_numeric_c.o(locale$$data)
    __lcnum_c_name                           0x080061f0   Data           2  lc_numeric_c.o(locale$$data)
    __lcnum_c_start                          0x080061f8   Data           0  lc_numeric_c.o(locale$$data)
    __lcnum_c_point                          0x08006204   Data           0  lc_numeric_c.o(locale$$data)
    __lcnum_c_thousands                      0x08006206   Data           0  lc_numeric_c.o(locale$$data)
    __lcnum_c_grouping                       0x08006207   Data           0  lc_numeric_c.o(locale$$data)
    locale$$data                             0x08006208   Section      272  lc_ctype_c.o(locale$$data)
    __lcnum_c_end                            0x08006208   Data           0  lc_numeric_c.o(locale$$data)
    __lcctype_c_name                         0x0800620c   Data           2  lc_ctype_c.o(locale$$data)
    __lcctype_c_start                        0x08006214   Data           0  lc_ctype_c.o(locale$$data)
    __lcctype_c_end                          0x08006318   Data           0  lc_ctype_c.o(locale$$data)
    .data                                    0x20000000   Section      323  main.o(.data)
    .data                                    0x20000144   Section       12  stm32f4xx_hal.o(.data)
    .data                                    0x20000150   Section        4  system_stm32f4xx.o(.data)
    .bss                                     0x20000158   Section    16244  main.o(.bss)
    .bss                                     0x200040cc   Section       96  main.o(.bss)
    .bss                                     0x2000412c   Section       96  main.o(.bss)
    .bss                                     0x2000418c   Section       96  main.o(.bss)
    .bss                                     0x200041ec   Section       96  libspace.o(.bss)
    HEAP                                     0x20004250   Section      512  startup_stm32f407xx.o(HEAP)
    Heap_Mem                                 0x20004250   Data         512  startup_stm32f407xx.o(HEAP)
    STACK                                    0x20004450   Section     1024  startup_stm32f407xx.o(STACK)
    Stack_Mem                                0x20004450   Data        1024  startup_stm32f407xx.o(STACK)
    __initial_sp                             0x20004850   Data           0  startup_stm32f407xx.o(STACK)

    Global Symbols

    Symbol Name                              Value     Ov Type        Size  Object(Section)

    BuildAttributes$$THM_ISAv4$E$P$D$K$B$S$7EM$VFPi3$EXTD16$VFPS$VFMA$PE$A:L22UL41UL21$X:L11$S22US41US21$IEEE1$IW$USESV6$~STKCKD$USESV7$~SHL$OTIME$ROPI$IEEEX$EBA8$UX$STANDARDLIB$REQ8$PRES8$EABIv2 0x00000000   Number         0  anon$$obj.o ABSOLUTE
    __ARM_use_no_argv                        0x00000000   Number         0  main.o ABSOLUTE
    _printf_flags                            0x00000000   Number         0  printf_stubs.o ABSOLUTE
    _printf_return_value                     0x00000000   Number         0  printf_stubs.o ABSOLUTE
    _printf_sizespec                         0x00000000   Number         0  printf_stubs.o ABSOLUTE
    _printf_widthprec                        0x00000000   Number         0  printf_stubs.o ABSOLUTE
    __ARM_exceptions_init                     - Undefined Weak Reference
    __alloca_initialize                       - Undefined Weak Reference
    __arm_preinit_                            - Undefined Weak Reference
    __cpp_initialize__aeabi_                  - Undefined Weak Reference
    __cxa_finalize                            - Undefined Weak Reference
    __sigvec_lookup                           - Undefined Weak Reference
    _atexit_init                              - Undefined Weak Reference
    _call_atexit_fns                          - Undefined Weak Reference
    _clock_init                               - Undefined Weak Reference
    _fp_trap_init                             - Undefined Weak Reference
    _fp_trap_shutdown                         - Undefined Weak Reference
    _get_lc_collate                           - Undefined Weak Reference
    _get_lc_monetary                          - Undefined Weak Reference
    _get_lc_time                              - Undefined Weak Reference
    _getenv_init                              - Undefined Weak Reference
    _handle_redirection                       - Undefined Weak Reference
    _init_alloc                               - Undefined Weak Reference
    _init_user_alloc                          - Undefined Weak Reference
    _initio                                   - Undefined Weak Reference
    _printf_truncate_signed                   - Undefined Weak Reference
    _printf_truncate_unsigned                 - Undefined Weak Reference
    _rand_init                                - Undefined Weak Reference
    _signal_finish                            - Undefined Weak Reference
    _signal_init                              - Undefined Weak Reference
    _terminate_alloc                          - Undefined Weak Reference
    _terminate_user_alloc                     - Undefined Weak Reference
    _terminateio                              - Undefined Weak Reference
    __Vectors_Size                           0x00000188   Number         0  startup_stm32f407xx.o ABSOLUTE
    __Vectors                                0x08000000   Data           4  startup_stm32f407xx.o(RESET)
    __Vectors_End                            0x08000188   Data           0  startup_stm32f407xx.o(RESET)
    __main                                   0x08000189   Thumb Code     8  __main.o(!!!main)
    __scatterload                            0x08000191   Thumb Code     0  __scatter.o(!!!scatter)
    __scatterload_rt2                        0x08000191   Thumb Code    44  __scatter.o(!!!scatter)
    __scatterload_rt2_thumb_only             0x08000191   Thumb Code     0  __scatter.o(!!!scatter)
    __scatterload_null                       0x0800019f   Thumb Code     0  __scatter.o(!!!scatter)
    __decompress                             0x080001c5   Thumb Code    58  __dczerorl.o(!!dczerorl)
    __decompress0                            0x080001c5   Thumb Code     0  __dczerorl.o(!!dczerorl)
    __scatterload_zeroinit                   0x08000201   Thumb Code    28  __scatter_zi.o(!!handler_zi)
    _printf_f                                0x0800021d   Thumb Code     0  _printf_f.o(.ARM.Collect$$_printf_percent$$00000003)
    _printf_percent                          0x0800021d   Thumb Code     0  _printf_percent.o(.ARM.Collect$$_printf_percent$$00000000)
    _printf_d                                0x08000223   Thumb Code     0  _printf_d.o(.ARM.Collect$$_printf_percent$$00000009)
    _printf_percent_end                      0x08000229   Thumb Code     0  _printf_percent_end.o(.ARM.Collect$$_printf_percent$$00000017)
    __rt_lib_init                            0x0800022d   Thumb Code     0  libinit.o(.ARM.Collect$$libinit$$00000000)
    __rt_lib_init_fp_1                       0x0800022f   Thumb Code     0  libinit2.o(.ARM.Collect$$libinit$$00000001)
    __rt_lib_init_heap_1                     0x08000233   Thumb Code     0  libinit2.o(.ARM.Collect$$libinit$$0000000A)
    __rt_lib_init_lc_common                  0x08000233   Thumb Code     0  libinit2.o(.ARM.Collect$$libinit$$0000000F)
    __rt_lib_init_preinit_1                  0x08000233   Thumb Code     0  libinit2.o(.ARM.Collect$$libinit$$00000004)
    __rt_lib_init_rand_1                     0x08000233   Thumb Code     0  libinit2.o(.ARM.Collect$$libinit$$0000000E)
    __rt_lib_init_user_alloc_1               0x08000233   Thumb Code     0  libinit2.o(.ARM.Collect$$libinit$$0000000C)
    __rt_lib_init_lc_collate_1               0x08000239   Thumb Code     0  libinit2.o(.ARM.Collect$$libinit$$00000011)
    __rt_lib_init_lc_ctype_2                 0x08000239   Thumb Code     0  libinit2.o(.ARM.Collect$$libinit$$00000012)
    __rt_lib_init_lc_ctype_1                 0x08000245   Thumb Code     0  libinit2.o(.ARM.Collect$$libinit$$00000013)
    __rt_lib_init_lc_monetary_1              0x08000245   Thumb Code     0  libinit2.o(.ARM.Collect$$libinit$$00000015)
    __rt_lib_init_lc_numeric_2               0x08000245   Thumb Code     0  libinit2.o(.ARM.Collect$$libinit$$00000016)
    __rt_lib_init_alloca_1                   0x0800024f   Thumb Code     0  libinit2.o(.ARM.Collect$$libinit$$0000002E)
    __rt_lib_init_argv_1                     0x0800024f   Thumb Code     0  libinit2.o(.ARM.Collect$$libinit$$0000002C)
    __rt_lib_init_atexit_1                   0x0800024f   Thumb Code     0  libinit2.o(.ARM.Collect$$libinit$$0000001B)
    __rt_lib_init_clock_1                    0x0800024f   Thumb Code     0  libinit2.o(.ARM.Collect$$libinit$$00000021)
    __rt_lib_init_cpp_1                      0x0800024f   Thumb Code     0  libinit2.o(.ARM.Collect$$libinit$$00000032)
    __rt_lib_init_exceptions_1               0x0800024f   Thumb Code     0  libinit2.o(.ARM.Collect$$libinit$$00000030)
    __rt_lib_init_fp_trap_1                  0x0800024f   Thumb Code     0  libinit2.o(.ARM.Collect$$libinit$$0000001F)
    __rt_lib_init_getenv_1                   0x0800024f   Thumb Code     0  libinit2.o(.ARM.Collect$$libinit$$00000023)
    __rt_lib_init_lc_numeric_1               0x0800024f   Thumb Code     0  libinit2.o(.ARM.Collect$$libinit$$00000017)
    __rt_lib_init_lc_time_1                  0x0800024f   Thumb Code     0  libinit2.o(.ARM.Collect$$libinit$$00000019)
    __rt_lib_init_return                     0x0800024f   Thumb Code     0  libinit2.o(.ARM.Collect$$libinit$$00000033)
    __rt_lib_init_signal_1                   0x0800024f   Thumb Code     0  libinit2.o(.ARM.Collect$$libinit$$0000001D)
    __rt_lib_init_stdio_1                    0x0800024f   Thumb Code     0  libinit2.o(.ARM.Collect$$libinit$$00000025)
    __rt_lib_shutdown                        0x08000251   Thumb Code     0  libshutdown.o(.ARM.Collect$$libshutdown$$00000000)
    __rt_lib_shutdown_cpp_1                  0x08000253   Thumb Code     0  libshutdown2.o(.ARM.Collect$$libshutdown$$00000002)
    __rt_lib_shutdown_fp_trap_1              0x08000253   Thumb Code     0  libshutdown2.o(.ARM.Collect$$libshutdown$$00000007)
    __rt_lib_shutdown_heap_1                 0x08000253   Thumb Code     0  libshutdown2.o(.ARM.Collect$$libshutdown$$0000000F)
    __rt_lib_shutdown_return                 0x08000253   Thumb Code     0  libshutdown2.o(.ARM.Collect$$libshutdown$$00000010)
    __rt_lib_shutdown_signal_1               0x08000253   Thumb Code     0  libshutdown2.o(.ARM.Collect$$libshutdown$$0000000A)
    __rt_lib_shutdown_stdio_1                0x08000253   Thumb Code     0  libshutdown2.o(.ARM.Collect$$libshutdown$$00000004)
    __rt_lib_shutdown_user_alloc_1           0x08000253   Thumb Code     0  libshutdown2.o(.ARM.Collect$$libshutdown$$0000000C)
    __rt_entry                               0x08000255   Thumb Code     0  __rtentry.o(.ARM.Collect$$rtentry$$00000000)
    __rt_entry_presh_1                       0x08000255   Thumb Code     0  __rtentry2.o(.ARM.Collect$$rtentry$$00000002)
    __rt_entry_sh                            0x08000255   Thumb Code     0  __rtentry4.o(.ARM.Collect$$rtentry$$00000004)
    __rt_entry_li                            0x0800025b   Thumb Code     0  __rtentry2.o(.ARM.Collect$$rtentry$$0000000A)
    __rt_entry_postsh_1                      0x0800025b   Thumb Code     0  __rtentry2.o(.ARM.Collect$$rtentry$$00000009)
    __rt_entry_main                          0x0800025f   Thumb Code     0  __rtentry2.o(.ARM.Collect$$rtentry$$0000000D)
    __rt_entry_postli_1                      0x0800025f   Thumb Code     0  __rtentry2.o(.ARM.Collect$$rtentry$$0000000C)
    __rt_exit                                0x08000267   Thumb Code     0  rtexit.o(.ARM.Collect$$rtexit$$00000000)
    __rt_exit_ls                             0x08000269   Thumb Code     0  rtexit2.o(.ARM.Collect$$rtexit$$00000003)
    __rt_exit_prels_1                        0x08000269   Thumb Code     0  rtexit2.o(.ARM.Collect$$rtexit$$00000002)
    __rt_exit_exit                           0x0800026d   Thumb Code     0  rtexit2.o(.ARM.Collect$$rtexit$$00000004)
    Reset_Handler                            0x08000275   Thumb Code     8  startup_stm32f407xx.o(.text)
    CAN1_RX0_IRQHandler                      0x0800028f   Thumb Code     0  startup_stm32f407xx.o(.text)
    CAN1_RX1_IRQHandler                      0x0800028f   Thumb Code     0  startup_stm32f407xx.o(.text)
    CAN1_SCE_IRQHandler                      0x0800028f   Thumb Code     0  startup_stm32f407xx.o(.text)
    CAN1_TX_IRQHandler                       0x0800028f   Thumb Code     0  startup_stm32f407xx.o(.text)
    CAN2_RX0_IRQHandler                      0x0800028f   Thumb Code     0  startup_stm32f407xx.o(.text)
    CAN2_RX1_IRQHandler                      0x0800028f   Thumb Code     0  startup_stm32f407xx.o(.text)
    CAN2_SCE_IRQHandler                      0x0800028f   Thumb Code     0  startup_stm32f407xx.o(.text)
    CAN2_TX_IRQHandler                       0x0800028f   Thumb Code     0  startup_stm32f407xx.o(.text)
    DCMI_IRQHandler                          0x0800028f   Thumb Code     0  startup_stm32f407xx.o(.text)
    DMA1_Stream0_IRQHandler                  0x0800028f   Thumb Code     0  startup_stm32f407xx.o(.text)
    DMA1_Stream1_IRQHandler                  0x0800028f   Thumb Code     0  startup_stm32f407xx.o(.text)
    DMA1_Stream2_IRQHandler                  0x0800028f   Thumb Code     0  startup_stm32f407xx.o(.text)
    DMA1_Stream3_IRQHandler                  0x0800028f   Thumb Code     0  startup_stm32f407xx.o(.text)
    DMA1_Stream4_IRQHandler                  0x0800028f   Thumb Code     0  startup_stm32f407xx.o(.text)
    DMA1_Stream5_IRQHandler                  0x0800028f   Thumb Code     0  startup_stm32f407xx.o(.text)
    DMA1_Stream6_IRQHandler                  0x0800028f   Thumb Code     0  startup_stm32f407xx.o(.text)
    DMA1_Stream7_IRQHandler                  0x0800028f   Thumb Code     0  startup_stm32f407xx.o(.text)
    DMA2_Stream2_IRQHandler                  0x0800028f   Thumb Code     0  startup_stm32f407xx.o(.text)
    DMA2_Stream3_IRQHandler                  0x0800028f   Thumb Code     0  startup_stm32f407xx.o(.text)
    DMA2_Stream4_IRQHandler                  0x0800028f   Thumb Code     0  startup_stm32f407xx.o(.text)
    DMA2_Stream5_IRQHandler                  0x0800028f   Thumb Code     0  startup_stm32f407xx.o(.text)
    DMA2_Stream7_IRQHandler                  0x0800028f   Thumb Code     0  startup_stm32f407xx.o(.text)
    ETH_IRQHandler                           0x0800028f   Thumb Code     0  startup_stm32f407xx.o(.text)
    ETH_WKUP_IRQHandler                      0x0800028f   Thumb Code     0  startup_stm32f407xx.o(.text)
    EXTI0_IRQHandler                         0x0800028f   Thumb Code     0  startup_stm32f407xx.o(.text)
    EXTI15_10_IRQHandler                     0x0800028f   Thumb Code     0  startup_stm32f407xx.o(.text)
    EXTI1_IRQHandler                         0x0800028f   Thumb Code     0  startup_stm32f407xx.o(.text)
    EXTI3_IRQHandler                         0x0800028f   Thumb Code     0  startup_stm32f407xx.o(.text)
    EXTI4_IRQHandler                         0x0800028f   Thumb Code     0  startup_stm32f407xx.o(.text)
    EXTI9_5_IRQHandler                       0x0800028f   Thumb Code     0  startup_stm32f407xx.o(.text)
    FLASH_IRQHandler                         0x0800028f   Thumb Code     0  startup_stm32f407xx.o(.text)
    FMC_IRQHandler                           0x0800028f   Thumb Code     0  startup_stm32f407xx.o(.text)
    FPU_IRQHandler                           0x0800028f   Thumb Code     0  startup_stm32f407xx.o(.text)
    HASH_RNG_IRQHandler                      0x0800028f   Thumb Code     0  startup_stm32f407xx.o(.text)
    I2C1_ER_IRQHandler                       0x0800028f   Thumb Code     0  startup_stm32f407xx.o(.text)
    I2C1_EV_IRQHandler                       0x0800028f   Thumb Code     0  startup_stm32f407xx.o(.text)
    I2C2_ER_IRQHandler                       0x0800028f   Thumb Code     0  startup_stm32f407xx.o(.text)
    I2C2_EV_IRQHandler                       0x0800028f   Thumb Code     0  startup_stm32f407xx.o(.text)
    I2C3_ER_IRQHandler                       0x0800028f   Thumb Code     0  startup_stm32f407xx.o(.text)
    I2C3_EV_IRQHandler                       0x0800028f   Thumb Code     0  startup_stm32f407xx.o(.text)
    OTG_FS_IRQHandler                        0x0800028f   Thumb Code     0  startup_stm32f407xx.o(.text)
    OTG_FS_WKUP_IRQHandler                   0x0800028f   Thumb Code     0  startup_stm32f407xx.o(.text)
    OTG_HS_EP1_IN_IRQHandler                 0x0800028f   Thumb Code     0  startup_stm32f407xx.o(.text)
    OTG_HS_EP1_OUT_IRQHandler                0x0800028f   Thumb Code     0  startup_stm32f407xx.o(.text)
    OTG_HS_IRQHandler                        0x0800028f   Thumb Code     0  startup_stm32f407xx.o(.text)
    OTG_HS_WKUP_IRQHandler                   0x0800028f   Thumb Code     0  startup_stm32f407xx.o(.text)
    PVD_IRQHandler                           0x0800028f   Thumb Code     0  startup_stm32f407xx.o(.text)
    RCC_IRQHandler                           0x0800028f   Thumb Code     0  startup_stm32f407xx.o(.text)
    RTC_Alarm_IRQHandler                     0x0800028f   Thumb Code     0  startup_stm32f407xx.o(.text)
    RTC_WKUP_IRQHandler                      0x0800028f   Thumb Code     0  startup_stm32f407xx.o(.text)
    SDIO_IRQHandler                          0x0800028f   Thumb Code     0  startup_stm32f407xx.o(.text)
    SPI1_IRQHandler                          0x0800028f   Thumb Code     0  startup_stm32f407xx.o(.text)
    SPI2_IRQHandler                          0x0800028f   Thumb Code     0  startup_stm32f407xx.o(.text)
    SPI3_IRQHandler                          0x0800028f   Thumb Code     0  startup_stm32f407xx.o(.text)
    TAMP_STAMP_IRQHandler                    0x0800028f   Thumb Code     0  startup_stm32f407xx.o(.text)
    TIM2_IRQHandler                          0x0800028f   Thumb Code     0  startup_stm32f407xx.o(.text)
    TIM3_IRQHandler                          0x0800028f   Thumb Code     0  startup_stm32f407xx.o(.text)
    TIM4_IRQHandler                          0x0800028f   Thumb Code     0  startup_stm32f407xx.o(.text)
    TIM5_IRQHandler                          0x0800028f   Thumb Code     0  startup_stm32f407xx.o(.text)
    TIM6_DAC_IRQHandler                      0x0800028f   Thumb Code     0  startup_stm32f407xx.o(.text)
    TIM7_IRQHandler                          0x0800028f   Thumb Code     0  startup_stm32f407xx.o(.text)
    TIM8_BRK_TIM12_IRQHandler                0x0800028f   Thumb Code     0  startup_stm32f407xx.o(.text)
    TIM8_CC_IRQHandler                       0x0800028f   Thumb Code     0  startup_stm32f407xx.o(.text)
    TIM8_TRG_COM_TIM14_IRQHandler            0x0800028f   Thumb Code     0  startup_stm32f407xx.o(.text)
    TIM8_UP_TIM13_IRQHandler                 0x0800028f   Thumb Code     0  startup_stm32f407xx.o(.text)
    UART4_IRQHandler                         0x0800028f   Thumb Code     0  startup_stm32f407xx.o(.text)
    UART5_IRQHandler                         0x0800028f   Thumb Code     0  startup_stm32f407xx.o(.text)
    USART1_IRQHandler                        0x0800028f   Thumb Code     0  startup_stm32f407xx.o(.text)
    USART2_IRQHandler                        0x0800028f   Thumb Code     0  startup_stm32f407xx.o(.text)
    USART3_IRQHandler                        0x0800028f   Thumb Code     0  startup_stm32f407xx.o(.text)
    WWDG_IRQHandler                          0x0800028f   Thumb Code     0  startup_stm32f407xx.o(.text)
    __user_initial_stackheap                 0x08000291   Thumb Code     0  startup_stm32f407xx.o(.text)
    __aeabi_uldivmod                         0x080002b5   Thumb Code     0  lludivv7m.o(.text)
    _ll_udiv                                 0x080002b5   Thumb Code   238  lludivv7m.o(.text)
    __2sprintf                               0x080003a5   Thumb Code    34  noretval__2sprintf.o(.text)
    _printf_pre_padding                      0x080003cd   Thumb Code    44  _printf_pad.o(.text)
    _printf_post_padding                     0x080003f9   Thumb Code    34  _printf_pad.o(.text)
    _printf_int_dec                          0x0800041d   Thumb Code   104  _printf_dec.o(.text)
    __printf                                 0x08000495   Thumb Code   270  __printf_wp.o(.text)
    atoi                                     0x080005a3   Thumb Code    26  atoi.o(.text)
    strcpy                                   0x080005bd   Thumb Code    72  strcpy.o(.text)
    strlen                                   0x08000605   Thumb Code    62  strlen.o(.text)
    strncmp                                  0x08000643   Thumb Code   150  strncmp.o(.text)
    strcat                                   0x080006d9   Thumb Code    24  strcat.o(.text)
    __aeabi_memclr4                          0x080006f1   Thumb Code     0  rt_memclr_w.o(.text)
    __aeabi_memclr8                          0x080006f1   Thumb Code     0  rt_memclr_w.o(.text)
    __rt_memclr_w                            0x080006f1   Thumb Code    78  rt_memclr_w.o(.text)
    _memset_w                                0x080006f5   Thumb Code     0  rt_memclr_w.o(.text)
    __use_two_region_memory                  0x0800073f   Thumb Code     2  heapauxi.o(.text)
    __rt_heap_escrow$2region                 0x08000741   Thumb Code     2  heapauxi.o(.text)
    __rt_heap_expand$2region                 0x08000743   Thumb Code     2  heapauxi.o(.text)
    __aeabi_errno_addr                       0x08000745   Thumb Code     8  rt_errno_addr_intlibspace.o(.text)
    __errno$intlibspace                      0x08000745   Thumb Code     0  rt_errno_addr_intlibspace.o(.text)
    __rt_errno_addr$intlibspace              0x08000745   Thumb Code     0  rt_errno_addr_intlibspace.o(.text)
    __read_errno                             0x0800074d   Thumb Code    10  _rserrno.o(.text)
    __set_errno                              0x08000757   Thumb Code    12  _rserrno.o(.text)
    _printf_int_common                       0x08000763   Thumb Code   178  _printf_intcommon.o(.text)
    __lib_sel_fp_printf                      0x08000815   Thumb Code     2  _printf_fp_dec.o(.text)
    _printf_fp_dec_real                      0x080009c7   Thumb Code   620  _printf_fp_dec.o(.text)
    _printf_char_common                      0x08000c3f   Thumb Code    32  _printf_char_common.o(.text)
    _sputc                                   0x08000c65   Thumb Code    10  _sputc.o(.text)
    strtol                                   0x08000c6f   Thumb Code   112  strtol.o(.text)
    __user_libspace                          0x08000ce1   Thumb Code     8  libspace.o(.text)
    __user_perproc_libspace                  0x08000ce1   Thumb Code     0  libspace.o(.text)
    __user_perthread_libspace                0x08000ce1   Thumb Code     0  libspace.o(.text)
    __rt_ctype_table                         0x08000ce9   Thumb Code    16  rt_ctype_table.o(.text)
    __rt_locale                              0x08000cf9   Thumb Code     8  rt_locale_intlibspace.o(.text)
    _ll_udiv10                               0x08000d01   Thumb Code   138  lludiv10.o(.text)
    _printf_fp_infnan                        0x08000d8d   Thumb Code   112  _printf_fp_infnan.o(.text)
    _strtoul                                 0x08000e0d   Thumb Code   158  _strtoul.o(.text)
    _btod_etento                             0x08000ead   Thumb Code   224  bigflt0.o(.text)
    __user_setup_stackheap                   0x08000f91   Thumb Code    74  sys_stackheap_outer.o(.text)
    _chval                                   0x08000fdb   Thumb Code    28  _chval.o(.text)
    exit                                     0x08000ff7   Thumb Code    18  exit.o(.text)
    strcmp                                   0x08001009   Thumb Code   128  strcmpv7m.o(.text)
    _sys_exit                                0x08001089   Thumb Code     8  sys_exit.o(.text)
    __I$use$semihosting                      0x08001095   Thumb Code     0  use_no_semi.o(.text)
    __use_no_semihosting_swi                 0x08001095   Thumb Code     2  use_no_semi.o(.text)
    __semihosting_library_function           0x08001097   Thumb Code     0  indicate_semi.o(.text)
    _btod_d2e                                0x08001097   Thumb Code    62  btod.o(CL$$btod_d2e)
    _d2e_denorm_low                          0x080010d5   Thumb Code    70  btod.o(CL$$btod_d2e_denorm_low)
    _d2e_norm_op1                            0x0800111b   Thumb Code    96  btod.o(CL$$btod_d2e_norm_op1)
    __btod_div_common                        0x0800117b   Thumb Code   696  btod.o(CL$$btod_div_common)
    _e2e                                     0x080014b3   Thumb Code   220  btod.o(CL$$btod_e2e)
    _btod_ediv                               0x0800158f   Thumb Code    42  btod.o(CL$$btod_ediv)
    _btod_emul                               0x080015b9   Thumb Code    42  btod.o(CL$$btod_emul)
    __btod_mult_common                       0x080015e3   Thumb Code   580  btod.o(CL$$btod_mult_common)
    ADC_IRQHandler                           0x080018b5   Thumb Code     6  stm32f4xx_it.o(i.ADC_IRQHandler)
    BusFault_Handler                         0x080019e9   Thumb Code     2  stm32f4xx_it.o(i.BusFault_Handler)
    DMA2_Stream0_IRQHandler                  0x080019ed   Thumb Code     6  stm32f4xx_it.o(i.DMA2_Stream0_IRQHandler)
    DMA2_Stream1_IRQHandler                  0x080019f9   Thumb Code     6  stm32f4xx_it.o(i.DMA2_Stream1_IRQHandler)
    DMA2_Stream6_IRQHandler                  0x08001a05   Thumb Code     6  stm32f4xx_it.o(i.DMA2_Stream6_IRQHandler)
    DebugMon_Handler                         0x08001ab5   Thumb Code     2  stm32f4xx_it.o(i.DebugMon_Handler)
    EXTI2_IRQHandler                         0x08001ab7   Thumb Code     6  stm32f4xx_it.o(i.EXTI2_IRQHandler)
    Error_Handler                            0x08001abd   Thumb Code     4  main.o(i.Error_Handler)
    HAL_ADCEx_InjectedConvCpltCallback       0x08001ac1   Thumb Code     2  stm32f4xx_hal_adc_ex.o(i.HAL_ADCEx_InjectedConvCpltCallback)
    HAL_ADC_ConfigChannel                    0x08001ac5   Thumb Code   316  stm32f4xx_hal_adc.o(i.HAL_ADC_ConfigChannel)
    HAL_ADC_ConvCpltCallback                 0x08001c11   Thumb Code     2  stm32f4xx_hal_adc.o(i.HAL_ADC_ConvCpltCallback)
    HAL_ADC_ConvHalfCpltCallback             0x08001c13   Thumb Code     2  stm32f4xx_hal_adc.o(i.HAL_ADC_ConvHalfCpltCallback)
    HAL_ADC_ErrorCallback                    0x08001c15   Thumb Code     2  stm32f4xx_hal_adc.o(i.HAL_ADC_ErrorCallback)
    HAL_ADC_IRQHandler                       0x08001c17   Thumb Code   316  stm32f4xx_hal_adc.o(i.HAL_ADC_IRQHandler)
    HAL_ADC_Init                             0x08001d53   Thumb Code    84  stm32f4xx_hal_adc.o(i.HAL_ADC_Init)
    HAL_ADC_LevelOutOfWindowCallback         0x08001da7   Thumb Code     2  stm32f4xx_hal_adc.o(i.HAL_ADC_LevelOutOfWindowCallback)
    HAL_ADC_MspInit                          0x08001da9   Thumb Code   146  stm32f4xx_hal_msp.o(i.HAL_ADC_MspInit)
    HAL_ADC_Start_DMA                        0x08001e51   Thumb Code   302  stm32f4xx_hal_adc.o(i.HAL_ADC_Start_DMA)
    HAL_DMA_Abort                            0x08001fa5   Thumb Code   146  stm32f4xx_hal_dma.o(i.HAL_DMA_Abort)
    HAL_DMA_Abort_IT                         0x08002037   Thumb Code    36  stm32f4xx_hal_dma.o(i.HAL_DMA_Abort_IT)
    HAL_DMA_IRQHandler                       0x0800205d   Thumb Code   412  stm32f4xx_hal_dma.o(i.HAL_DMA_IRQHandler)
    HAL_DMA_Init                             0x080021fd   Thumb Code   206  stm32f4xx_hal_dma.o(i.HAL_DMA_Init)
    HAL_DMA_Start_IT                         0x080022d1   Thumb Code   110  stm32f4xx_hal_dma.o(i.HAL_DMA_Start_IT)
    HAL_Delay                                0x08002341   Thumb Code    32  stm32f4xx_hal.o(i.HAL_Delay)
    HAL_GPIO_EXTI_Callback                   0x08002365   Thumb Code    34  main.o(i.HAL_GPIO_EXTI_Callback)
    HAL_GPIO_EXTI_IRQHandler                 0x08002391   Thumb Code    18  stm32f4xx_hal_gpio.o(i.HAL_GPIO_EXTI_IRQHandler)
    HAL_GPIO_Init                            0x080023a9   Thumb Code   450  stm32f4xx_hal_gpio.o(i.HAL_GPIO_Init)
    HAL_GPIO_ReadPin                         0x08002599   Thumb Code    10  stm32f4xx_hal_gpio.o(i.HAL_GPIO_ReadPin)
    HAL_GPIO_TogglePin                       0x080025a3   Thumb Code    16  stm32f4xx_hal_gpio.o(i.HAL_GPIO_TogglePin)
    HAL_GPIO_WritePin                        0x080025b3   Thumb Code    10  stm32f4xx_hal_gpio.o(i.HAL_GPIO_WritePin)
    HAL_GetTick                              0x080025bd   Thumb Code     6  stm32f4xx_hal.o(i.HAL_GetTick)
    HAL_IncTick                              0x080025c9   Thumb Code    12  stm32f4xx_hal.o(i.HAL_IncTick)
    HAL_Init                                 0x080025d9   Thumb Code    48  stm32f4xx_hal.o(i.HAL_Init)
    HAL_InitTick                             0x0800260d   Thumb Code    54  stm32f4xx_hal.o(i.HAL_InitTick)
    HAL_MspInit                              0x0800264d   Thumb Code    42  stm32f4xx_hal_msp.o(i.HAL_MspInit)
    HAL_NVIC_EnableIRQ                       0x0800267d   Thumb Code    26  stm32f4xx_hal_cortex.o(i.HAL_NVIC_EnableIRQ)
    HAL_NVIC_SetPriority                     0x08002699   Thumb Code    60  stm32f4xx_hal_cortex.o(i.HAL_NVIC_SetPriority)
    HAL_NVIC_SetPriorityGrouping             0x080026d9   Thumb Code    26  stm32f4xx_hal_cortex.o(i.HAL_NVIC_SetPriorityGrouping)
    HAL_RCC_ClockConfig                      0x080026fd   Thumb Code   288  stm32f4xx_hal_rcc.o(i.HAL_RCC_ClockConfig)
    HAL_RCC_GetPCLK1Freq                     0x08002831   Thumb Code    20  stm32f4xx_hal_rcc.o(i.HAL_RCC_GetPCLK1Freq)
    HAL_RCC_GetPCLK2Freq                     0x08002851   Thumb Code    20  stm32f4xx_hal_rcc.o(i.HAL_RCC_GetPCLK2Freq)
    HAL_RCC_GetSysClockFreq                  0x08002871   Thumb Code    88  stm32f4xx_hal_rcc.o(i.HAL_RCC_GetSysClockFreq)
    HAL_RCC_OscConfig                        0x080028d5   Thumb Code   856  stm32f4xx_hal_rcc.o(i.HAL_RCC_OscConfig)
    HAL_SYSTICK_Config                       0x08002c41   Thumb Code    40  stm32f4xx_hal_cortex.o(i.HAL_SYSTICK_Config)
    HAL_TIMEx_BreakCallback                  0x08002c69   Thumb Code     2  stm32f4xx_hal_tim_ex.o(i.HAL_TIMEx_BreakCallback)
    HAL_TIMEx_CommutCallback                 0x08002c6b   Thumb Code     2  stm32f4xx_hal_tim_ex.o(i.HAL_TIMEx_CommutCallback)
    HAL_TIMEx_MasterConfigSynchronization    0x08002c6d   Thumb Code   116  stm32f4xx_hal_tim_ex.o(i.HAL_TIMEx_MasterConfigSynchronization)
    HAL_TIM_Base_Init                        0x08002cfd   Thumb Code    90  stm32f4xx_hal_tim.o(i.HAL_TIM_Base_Init)
    HAL_TIM_Base_MspInit                     0x08002d59   Thumb Code    98  stm32f4xx_hal_msp.o(i.HAL_TIM_Base_MspInit)
    HAL_TIM_Base_Start_IT                    0x08002dc5   Thumb Code   100  stm32f4xx_hal_tim.o(i.HAL_TIM_Base_Start_IT)
    HAL_TIM_ConfigClockSource                0x08002e45   Thumb Code   220  stm32f4xx_hal_tim.o(i.HAL_TIM_ConfigClockSource)
    HAL_TIM_IC_CaptureCallback               0x08002f21   Thumb Code     2  stm32f4xx_hal_tim.o(i.HAL_TIM_IC_CaptureCallback)
    HAL_TIM_IRQHandler                       0x08002f23   Thumb Code   358  stm32f4xx_hal_tim.o(i.HAL_TIM_IRQHandler)
    HAL_TIM_OC_DelayElapsedCallback          0x08003089   Thumb Code     2  stm32f4xx_hal_tim.o(i.HAL_TIM_OC_DelayElapsedCallback)
    HAL_TIM_PWM_PulseFinishedCallback        0x0800308b   Thumb Code     2  stm32f4xx_hal_tim.o(i.HAL_TIM_PWM_PulseFinishedCallback)
    HAL_TIM_PeriodElapsedCallback            0x0800308d   Thumb Code   458  main.o(i.HAL_TIM_PeriodElapsedCallback)
    HAL_TIM_TriggerCallback                  0x080032ad   Thumb Code     2  stm32f4xx_hal_tim.o(i.HAL_TIM_TriggerCallback)
    HAL_UARTEx_RxEventCallback               0x080032af   Thumb Code     2  stm32f4xx_hal_uart.o(i.HAL_UARTEx_RxEventCallback)
    HAL_UART_ErrorCallback                   0x080032b1   Thumb Code     2  stm32f4xx_hal_uart.o(i.HAL_UART_ErrorCallback)
    HAL_UART_IRQHandler                      0x080032b5   Thumb Code   610  stm32f4xx_hal_uart.o(i.HAL_UART_IRQHandler)
    HAL_UART_Init                            0x0800351d   Thumb Code    98  stm32f4xx_hal_uart.o(i.HAL_UART_Init)
    HAL_UART_MspInit                         0x08003581   Thumb Code   206  stm32f4xx_hal_msp.o(i.HAL_UART_MspInit)
    HAL_UART_Receive_IT                      0x08003669   Thumb Code    42  stm32f4xx_hal_uart.o(i.HAL_UART_Receive_IT)
    HAL_UART_RxCpltCallback                  0x08003695   Thumb Code   124  main.o(i.HAL_UART_RxCpltCallback)
    HAL_UART_Transmit_IT                     0x08003729   Thumb Code    62  stm32f4xx_hal_uart.o(i.HAL_UART_Transmit_IT)
    HAL_UART_TxCpltCallback                  0x08003767   Thumb Code     2  stm32f4xx_hal_uart.o(i.HAL_UART_TxCpltCallback)
    HardFault_Handler                        0x08003769   Thumb Code     2  stm32f4xx_it.o(i.HardFault_Handler)
    MemManage_Handler                        0x08003965   Thumb Code     2  stm32f4xx_it.o(i.MemManage_Handler)
    NMI_Handler                              0x08003967   Thumb Code     2  stm32f4xx_it.o(i.NMI_Handler)
    PendSV_Handler                           0x08003969   Thumb Code     2  stm32f4xx_it.o(i.PendSV_Handler)
    SVC_Handler                              0x0800396b   Thumb Code     2  stm32f4xx_it.o(i.SVC_Handler)
    SysTick_Handler                          0x0800396d   Thumb Code     4  stm32f4xx_it.o(i.SysTick_Handler)
    SystemClock_Config                       0x08003971   Thumb Code   136  main.o(i.SystemClock_Config)
    SystemInit                               0x08003a01   Thumb Code    12  system_stm32f4xx.o(i.SystemInit)
    TIM1_BRK_TIM9_IRQHandler                 0x08003a11   Thumb Code     6  stm32f4xx_it.o(i.TIM1_BRK_TIM9_IRQHandler)
    TIM1_CC_IRQHandler                       0x08003a1d   Thumb Code     6  stm32f4xx_it.o(i.TIM1_CC_IRQHandler)
    TIM1_TRG_COM_TIM11_IRQHandler            0x08003a29   Thumb Code     6  stm32f4xx_it.o(i.TIM1_TRG_COM_TIM11_IRQHandler)
    TIM1_UP_TIM10_IRQHandler                 0x08003a35   Thumb Code     6  stm32f4xx_it.o(i.TIM1_UP_TIM10_IRQHandler)
    TIM_Base_SetConfig                       0x08003a41   Thumb Code   156  stm32f4xx_hal_tim.o(i.TIM_Base_SetConfig)
    TIM_ETR_SetConfig                        0x08003b09   Thumb Code    20  stm32f4xx_hal_tim.o(i.TIM_ETR_SetConfig)
    UART_Start_Receive_IT                    0x08003d9d   Thumb Code    54  stm32f4xx_hal_uart.o(i.UART_Start_Receive_IT)
    USART6_IRQHandler                        0x08003dd5   Thumb Code     6  stm32f4xx_it.o(i.USART6_IRQHandler)
    UsageFault_Handler                       0x08003de1   Thumb Code     2  stm32f4xx_it.o(i.UsageFault_Handler)
    __ARM_fpclassify                         0x08003de3   Thumb Code    48  fpclassify.o(i.__ARM_fpclassify)
    __hardfp_pow                             0x08003e39   Thumb Code  3072  pow.o(i.__hardfp_pow)
    __hardfp_sqrt                            0x08004a89   Thumb Code   122  sqrt.o(i.__hardfp_sqrt)
    __kernel_poly                            0x08004b03   Thumb Code   248  poly.o(i.__kernel_poly)
    __mathlib_dbl_divzero                    0x08004c01   Thumb Code    28  dunder.o(i.__mathlib_dbl_divzero)
    __mathlib_dbl_infnan2                    0x08004c31   Thumb Code    20  dunder.o(i.__mathlib_dbl_infnan2)
    __mathlib_dbl_invalid                    0x08004c49   Thumb Code    24  dunder.o(i.__mathlib_dbl_invalid)
    __mathlib_dbl_overflow                   0x08004c69   Thumb Code    24  dunder.o(i.__mathlib_dbl_overflow)
    __mathlib_dbl_underflow                  0x08004c89   Thumb Code    24  dunder.o(i.__mathlib_dbl_underflow)
    _is_digit                                0x08004ca9   Thumb Code    14  __printf_wp.o(i._is_digit)
    fabs                                     0x08004cb7   Thumb Code    24  fabs.o(i.fabs)
    ftoa                                     0x08004cd1   Thumb Code   130  main.o(i.ftoa)
    intToStr                                 0x08004d5d   Thumb Code    62  main.o(i.intToStr)
    lcd_cmd                                  0x08004d9b   Thumb Code    28  lcd_character.o(i.lcd_cmd)
    lcd_data                                 0x08004db7   Thumb Code    28  lcd_character.o(i.lcd_data)
    lcd_en_clk                               0x08004dd5   Thumb Code    34  lcd_character.o(i.lcd_en_clk)
    lcd_gotoxy                               0x08004dfd   Thumb Code    56  lcd_character.o(i.lcd_gotoxy)
    lcd_init                                 0x08004e39   Thumb Code   160  lcd_character.o(i.lcd_init)
    lcd_ins                                  0x08004edd   Thumb Code    38  lcd_character.o(i.lcd_ins)
    lcd_ins2                                 0x08004f09   Thumb Code    38  lcd_character.o(i.lcd_ins2)
    lcd_puts                                 0x08004f35   Thumb Code    20  lcd_character.o(i.lcd_puts)
    lcd_reset                                0x08004f49   Thumb Code   102  lcd_character.o(i.lcd_reset)
    main                                     0x08004fb5   Thumb Code   598  main.o(i.main)
    reverse                                  0x08005251   Thumb Code    26  main.o(i.reverse)
    sqrt                                     0x0800526b   Thumb Code   110  sqrt.o(i.sqrt)
    wait_lcd                                 0x080052d9   Thumb Code    14  lcd_character.o(i.wait_lcd)
    _get_lc_numeric                          0x080052e9   Thumb Code    44  lc_numeric_c.o(locale$$code)
    _get_lc_ctype                            0x08005315   Thumb Code    44  lc_ctype_c.o(locale$$code)
    __aeabi_dneg                             0x08005341   Thumb Code     0  basic.o(x$fpl$basic)
    _dneg                                    0x08005341   Thumb Code     6  basic.o(x$fpl$basic)
    __aeabi_fneg                             0x08005347   Thumb Code     0  basic.o(x$fpl$basic)
    _fneg                                    0x08005347   Thumb Code     6  basic.o(x$fpl$basic)
    _dabs                                    0x0800534d   Thumb Code     6  basic.o(x$fpl$basic)
    _fabs                                    0x08005353   Thumb Code     6  basic.o(x$fpl$basic)
    __aeabi_d2f                              0x08005359   Thumb Code     0  d2f.o(x$fpl$d2f)
    _d2f                                     0x08005359   Thumb Code    98  d2f.o(x$fpl$d2f)
    __aeabi_dadd                             0x080053bd   Thumb Code     0  daddsub_clz.o(x$fpl$dadd)
    _dadd                                    0x080053bd   Thumb Code   332  daddsub_clz.o(x$fpl$dadd)
    __fpl_dcheck_NaN1                        0x0800550d   Thumb Code    10  dcheck1.o(x$fpl$dcheck1)
    __fpl_dcmp_Inf                           0x0800551d   Thumb Code    24  dcmpi.o(x$fpl$dcmpinf)
    __aeabi_ddiv                             0x08005535   Thumb Code     0  ddiv.o(x$fpl$ddiv)
    _ddiv                                    0x08005535   Thumb Code   552  ddiv.o(x$fpl$ddiv)
    __aeabi_i2d                              0x080057e5   Thumb Code     0  dflt_clz.o(x$fpl$dflt)
    _dflt                                    0x080057e5   Thumb Code    46  dflt_clz.o(x$fpl$dflt)
    __aeabi_ui2d                             0x08005813   Thumb Code     0  dflt_clz.o(x$fpl$dfltu)
    _dfltu                                   0x08005813   Thumb Code    38  dflt_clz.o(x$fpl$dfltu)
    __aeabi_cdcmple                          0x08005839   Thumb Code     0  dleqf.o(x$fpl$dleqf)
    _dcmple                                  0x08005839   Thumb Code   120  dleqf.o(x$fpl$dleqf)
    __fpl_dcmple_InfNaN                      0x0800589b   Thumb Code     0  dleqf.o(x$fpl$dleqf)
    __aeabi_dmul                             0x080058b1   Thumb Code     0  dmul.o(x$fpl$dmul)
    _dmul                                    0x080058b1   Thumb Code   332  dmul.o(x$fpl$dmul)
    __fpl_dnaninf                            0x08005a05   Thumb Code   156  dnaninf.o(x$fpl$dnaninf)
    __fpl_dretinf                            0x08005aa1   Thumb Code    12  dretinf.o(x$fpl$dretinf)
    __aeabi_cdrcmple                         0x08005aad   Thumb Code     0  drleqf.o(x$fpl$drleqf)
    _drcmple                                 0x08005aad   Thumb Code   108  drleqf.o(x$fpl$drleqf)
    __aeabi_drsub                            0x08005b19   Thumb Code     0  daddsub_clz.o(x$fpl$drsb)
    _drsb                                    0x08005b19   Thumb Code    22  daddsub_clz.o(x$fpl$drsb)
    _dsqrt                                   0x08005b31   Thumb Code   404  dsqrt_umaal.o(x$fpl$dsqrt)
    __aeabi_dsub                             0x08005cc9   Thumb Code     0  daddsub_clz.o(x$fpl$dsub)
    _dsub                                    0x08005cc9   Thumb Code   464  daddsub_clz.o(x$fpl$dsub)
    __aeabi_f2d                              0x08005e9d   Thumb Code     0  f2d.o(x$fpl$f2d)
    _f2d                                     0x08005e9d   Thumb Code    86  f2d.o(x$fpl$f2d)
    __fpl_fnaninf                            0x08005ef3   Thumb Code   140  fnaninf.o(x$fpl$fnaninf)
    _fp_init                                 0x08005f7f   Thumb Code    10  fpinit.o(x$fpl$fpinit)
    __fplib_config_fpu_vfp                   0x08005f87   Thumb Code     0  fpinit.o(x$fpl$fpinit)
    __fplib_config_pureend_doubles           0x08005f87   Thumb Code     0  fpinit.o(x$fpl$fpinit)
    __fpl_fretinf                            0x08005f89   Thumb Code    10  fretinf.o(x$fpl$fretinf)
    _printf_fp_dec                           0x08005f93   Thumb Code     4  printf1.o(x$fpl$printf1)
    __fpl_return_NaN                         0x08005f97   Thumb Code   100  retnan.o(x$fpl$retnan)
    __ARM_scalbn                             0x08005ffb   Thumb Code    92  scalbn.o(x$fpl$scalbn)
    __fpl_cmpreturn                          0x08006057   Thumb Code    48  trapv.o(x$fpl$trapveneer)
    __I$use$fp                               0x08006086   Number         0  usenofp.o(x$fpl$usenofp)
    AHBPrescTable                            0x0800608e   Data          16  system_stm32f4xx.o(.constdata)
    APBPrescTable                            0x0800609e   Data           8  system_stm32f4xx.o(.constdata)
    __mathlib_zero                           0x08006130   Data           8  qnan.o(.constdata)
    Region$$Table$$Base                      0x080061cc   Number         0  anon$$obj.o(Region$$Table)
    Region$$Table$$Limit                     0x080061ec   Number         0  anon$$obj.o(Region$$Table)
    __ctype                                  0x08006215   Data           0  lc_ctype_c.o(locale$$data)
    RX_Data                                  0x20000000   Data           2  main.o(.data)
    k                                        0x20000004   Data           4  main.o(.data)
    millis                                   0x20000008   Data           4  main.o(.data)
    millis_serial                            0x2000000c   Data           4  main.o(.data)
    count                                    0x20000010   Data           4  main.o(.data)
    relay_state                              0x20000014   Data           4  main.o(.data)
    set_point                                0x20000018   Data           4  main.o(.data)
    flag_konv                                0x2000001c   Data           4  main.o(.data)
    count2                                   0x20000020   Data           4  main.o(.data)
    Nilai_ADC                                0x20000024   Data           4  main.o(.data)
    Vrms                                     0x20000028   Data           8  main.o(.data)
    ADCVrms                                  0x20000030   Data           8  main.o(.data)
    Vsum                                     0x20000038   Data           8  main.o(.data)
    Vadc                                     0x20000040   Data           8  main.o(.data)
    Vrms2                                    0x20000048   Data           8  main.o(.data)
    ADCVrms2                                 0x20000050   Data           8  main.o(.data)
    Vsum2                                    0x20000058   Data           8  main.o(.data)
    Vadc2                                    0x20000060   Data           8  main.o(.data)
    TX_Data                                  0x20000068   Data          99  main.o(.data)
    header                                   0x200000cb   Data          15  main.o(.data)
    csuhu                                    0x200000da   Data          15  main.o(.data)
    sudut_penyalaan                          0x200000e9   Data          15  main.o(.data)
    error                                    0x200000f8   Data          15  main.o(.data)
    derror                                   0x20000107   Data          15  main.o(.data)
    out_fuzzy                                0x20000116   Data          15  main.o(.data)
    koma                                     0x20000125   Data          15  main.o(.data)
    b                                        0x20000134   Data          15  main.o(.data)
    uwTickFreq                               0x20000144   Data           1  stm32f4xx_hal.o(.data)
    uwTickPrio                               0x20000148   Data           4  stm32f4xx_hal.o(.data)
    uwTick                                   0x2000014c   Data           4  stm32f4xx_hal.o(.data)
    SystemCoreClock                          0x20000150   Data           4  system_stm32f4xx.o(.data)
    Vsq                                      0x20000158   Data        8000  main.o(.bss)
    Vsq2                                     0x20002098   Data        8000  main.o(.bss)
    buff                                     0x20003fd8   Data          15  main.o(.bss)
    buff2                                    0x20003fe7   Data          15  main.o(.bss)
    hadc1                                    0x20003ff8   Data          72  main.o(.bss)
    htim1                                    0x20004040   Data          72  main.o(.bss)
    huart6                                   0x20004088   Data          68  main.o(.bss)
    hdma_adc1                                0x200040cc   Data          96  main.o(.bss)
    hdma_usart6_rx                           0x2000412c   Data          96  main.o(.bss)
    hdma_usart6_tx                           0x2000418c   Data          96  main.o(.bss)
    __libspace_start                         0x200041ec   Data          96  libspace.o(.bss)
    __temporary_stack_top$libspace           0x2000424c   Data           0  libspace.o(.bss)



==============================================================================

Memory Map of the image

  Image Entry point : 0x08000189

  Load Region LR_IROM1 (Base: 0x08000000, Size: 0x0000646c, Max: 0x00100000, ABSOLUTE, COMPRESSED[0x00006344])

    Execution Region ER_IROM1 (Exec base: 0x08000000, Load base: 0x08000000, Size: 0x00006318, Max: 0x00100000, ABSOLUTE)

    Exec Addr    Load Addr    Size         Type   Attr      Idx    E Section Name        Object

    0x08000000   0x08000000   0x00000188   Data   RO            3    RESET               startup_stm32f407xx.o
    0x08000188   0x08000188   0x00000008   Code   RO         3456  * !!!main             c_w.l(__main.o)
    0x08000190   0x08000190   0x00000034   Code   RO         3797    !!!scatter          c_w.l(__scatter.o)
    0x080001c4   0x080001c4   0x0000003a   Code   RO         3795    !!dczerorl          c_w.l(__dczerorl.o)
    0x080001fe   0x080001fe   0x00000002   PAD
    0x08000200   0x08000200   0x0000001c   Code   RO         3799    !!handler_zi        c_w.l(__scatter_zi.o)
    0x0800021c   0x0800021c   0x00000000   Code   RO         3441    .ARM.Collect$$_printf_percent$$00000000  c_w.l(_printf_percent.o)
    0x0800021c   0x0800021c   0x00000006   Code   RO         3440    .ARM.Collect$$_printf_percent$$00000003  c_w.l(_printf_f.o)
    0x08000222   0x08000222   0x00000006   Code   RO         3439    .ARM.Collect$$_printf_percent$$00000009  c_w.l(_printf_d.o)
    0x08000228   0x08000228   0x00000004   Code   RO         3528    .ARM.Collect$$_printf_percent$$00000017  c_w.l(_printf_percent_end.o)
    0x0800022c   0x0800022c   0x00000002   Code   RO         3664    .ARM.Collect$$libinit$$00000000  c_w.l(libinit.o)
    0x0800022e   0x0800022e   0x00000004   Code   RO         3665    .ARM.Collect$$libinit$$00000001  c_w.l(libinit2.o)
    0x08000232   0x08000232   0x00000000   Code   RO         3668    .ARM.Collect$$libinit$$00000004  c_w.l(libinit2.o)
    0x08000232   0x08000232   0x00000000   Code   RO         3671    .ARM.Collect$$libinit$$0000000A  c_w.l(libinit2.o)
    0x08000232   0x08000232   0x00000000   Code   RO         3673    .ARM.Collect$$libinit$$0000000C  c_w.l(libinit2.o)
    0x08000232   0x08000232   0x00000000   Code   RO         3675    .ARM.Collect$$libinit$$0000000E  c_w.l(libinit2.o)
    0x08000232   0x08000232   0x00000006   Code   RO         3676    .ARM.Collect$$libinit$$0000000F  c_w.l(libinit2.o)
    0x08000238   0x08000238   0x00000000   Code   RO         3678    .ARM.Collect$$libinit$$00000011  c_w.l(libinit2.o)
    0x08000238   0x08000238   0x0000000c   Code   RO         3679    .ARM.Collect$$libinit$$00000012  c_w.l(libinit2.o)
    0x08000244   0x08000244   0x00000000   Code   RO         3680    .ARM.Collect$$libinit$$00000013  c_w.l(libinit2.o)
    0x08000244   0x08000244   0x00000000   Code   RO         3682    .ARM.Collect$$libinit$$00000015  c_w.l(libinit2.o)
    0x08000244   0x08000244   0x0000000a   Code   RO         3683    .ARM.Collect$$libinit$$00000016  c_w.l(libinit2.o)
    0x0800024e   0x0800024e   0x00000000   Code   RO         3684    .ARM.Collect$$libinit$$00000017  c_w.l(libinit2.o)
    0x0800024e   0x0800024e   0x00000000   Code   RO         3686    .ARM.Collect$$libinit$$00000019  c_w.l(libinit2.o)
    0x0800024e   0x0800024e   0x00000000   Code   RO         3688    .ARM.Collect$$libinit$$0000001B  c_w.l(libinit2.o)
    0x0800024e   0x0800024e   0x00000000   Code   RO         3690    .ARM.Collect$$libinit$$0000001D  c_w.l(libinit2.o)
    0x0800024e   0x0800024e   0x00000000   Code   RO         3692    .ARM.Collect$$libinit$$0000001F  c_w.l(libinit2.o)
    0x0800024e   0x0800024e   0x00000000   Code   RO         3694    .ARM.Collect$$libinit$$00000021  c_w.l(libinit2.o)
    0x0800024e   0x0800024e   0x00000000   Code   RO         3696    .ARM.Collect$$libinit$$00000023  c_w.l(libinit2.o)
    0x0800024e   0x0800024e   0x00000000   Code   RO         3698    .ARM.Collect$$libinit$$00000025  c_w.l(libinit2.o)
    0x0800024e   0x0800024e   0x00000000   Code   RO         3702    .ARM.Collect$$libinit$$0000002C  c_w.l(libinit2.o)
    0x0800024e   0x0800024e   0x00000000   Code   RO         3704    .ARM.Collect$$libinit$$0000002E  c_w.l(libinit2.o)
    0x0800024e   0x0800024e   0x00000000   Code   RO         3706    .ARM.Collect$$libinit$$00000030  c_w.l(libinit2.o)
    0x0800024e   0x0800024e   0x00000000   Code   RO         3708    .ARM.Collect$$libinit$$00000032  c_w.l(libinit2.o)
    0x0800024e   0x0800024e   0x00000002   Code   RO         3709    .ARM.Collect$$libinit$$00000033  c_w.l(libinit2.o)
    0x08000250   0x08000250   0x00000002   Code   RO         3760    .ARM.Collect$$libshutdown$$00000000  c_w.l(libshutdown.o)
    0x08000252   0x08000252   0x00000000   Code   RO         3778    .ARM.Collect$$libshutdown$$00000002  c_w.l(libshutdown2.o)
    0x08000252   0x08000252   0x00000000   Code   RO         3780    .ARM.Collect$$libshutdown$$00000004  c_w.l(libshutdown2.o)
    0x08000252   0x08000252   0x00000000   Code   RO         3783    .ARM.Collect$$libshutdown$$00000007  c_w.l(libshutdown2.o)
    0x08000252   0x08000252   0x00000000   Code   RO         3786    .ARM.Collect$$libshutdown$$0000000A  c_w.l(libshutdown2.o)
    0x08000252   0x08000252   0x00000000   Code   RO         3788    .ARM.Collect$$libshutdown$$0000000C  c_w.l(libshutdown2.o)
    0x08000252   0x08000252   0x00000000   Code   RO         3791    .ARM.Collect$$libshutdown$$0000000F  c_w.l(libshutdown2.o)
    0x08000252   0x08000252   0x00000002   Code   RO         3792    .ARM.Collect$$libshutdown$$00000010  c_w.l(libshutdown2.o)
    0x08000254   0x08000254   0x00000000   Code   RO         3508    .ARM.Collect$$rtentry$$00000000  c_w.l(__rtentry.o)
    0x08000254   0x08000254   0x00000000   Code   RO         3579    .ARM.Collect$$rtentry$$00000002  c_w.l(__rtentry2.o)
    0x08000254   0x08000254   0x00000006   Code   RO         3591    .ARM.Collect$$rtentry$$00000004  c_w.l(__rtentry4.o)
    0x0800025a   0x0800025a   0x00000000   Code   RO         3581    .ARM.Collect$$rtentry$$00000009  c_w.l(__rtentry2.o)
    0x0800025a   0x0800025a   0x00000004   Code   RO         3582    .ARM.Collect$$rtentry$$0000000A  c_w.l(__rtentry2.o)
    0x0800025e   0x0800025e   0x00000000   Code   RO         3584    .ARM.Collect$$rtentry$$0000000C  c_w.l(__rtentry2.o)
    0x0800025e   0x0800025e   0x00000008   Code   RO         3585    .ARM.Collect$$rtentry$$0000000D  c_w.l(__rtentry2.o)
    0x08000266   0x08000266   0x00000002   Code   RO         3712    .ARM.Collect$$rtexit$$00000000  c_w.l(rtexit.o)
    0x08000268   0x08000268   0x00000000   Code   RO         3729    .ARM.Collect$$rtexit$$00000002  c_w.l(rtexit2.o)
    0x08000268   0x08000268   0x00000004   Code   RO         3730    .ARM.Collect$$rtexit$$00000003  c_w.l(rtexit2.o)
    0x0800026c   0x0800026c   0x00000006   Code   RO         3731    .ARM.Collect$$rtexit$$00000004  c_w.l(rtexit2.o)
    0x08000272   0x08000272   0x00000002   PAD
    0x08000274   0x08000274   0x00000040   Code   RO            4    .text               startup_stm32f407xx.o
    0x080002b4   0x080002b4   0x000000ee   Code   RO         3407    .text               c_w.l(lludivv7m.o)
    0x080003a2   0x080003a2   0x00000002   PAD
    0x080003a4   0x080003a4   0x00000028   Code   RO         3411    .text               c_w.l(noretval__2sprintf.o)
    0x080003cc   0x080003cc   0x0000004e   Code   RO         3415    .text               c_w.l(_printf_pad.o)
    0x0800041a   0x0800041a   0x00000002   PAD
    0x0800041c   0x0800041c   0x00000078   Code   RO         3417    .text               c_w.l(_printf_dec.o)
    0x08000494   0x08000494   0x0000010e   Code   RO         3427    .text               c_w.l(__printf_wp.o)
    0x080005a2   0x080005a2   0x0000001a   Code   RO         3442    .text               c_w.l(atoi.o)
    0x080005bc   0x080005bc   0x00000048   Code   RO         3444    .text               c_w.l(strcpy.o)
    0x08000604   0x08000604   0x0000003e   Code   RO         3446    .text               c_w.l(strlen.o)
    0x08000642   0x08000642   0x00000096   Code   RO         3448    .text               c_w.l(strncmp.o)
    0x080006d8   0x080006d8   0x00000018   Code   RO         3450    .text               c_w.l(strcat.o)
    0x080006f0   0x080006f0   0x0000004e   Code   RO         3452    .text               c_w.l(rt_memclr_w.o)
    0x0800073e   0x0800073e   0x00000006   Code   RO         3454    .text               c_w.l(heapauxi.o)
    0x08000744   0x08000744   0x00000008   Code   RO         3516    .text               c_w.l(rt_errno_addr_intlibspace.o)
    0x0800074c   0x0800074c   0x00000016   Code   RO         3518    .text               c_w.l(_rserrno.o)
    0x08000762   0x08000762   0x000000b2   Code   RO         3520    .text               c_w.l(_printf_intcommon.o)
    0x08000814   0x08000814   0x0000041e   Code   RO         3522    .text               c_w.l(_printf_fp_dec.o)
    0x08000c32   0x08000c32   0x00000002   PAD
    0x08000c34   0x08000c34   0x00000030   Code   RO         3524    .text               c_w.l(_printf_char_common.o)
    0x08000c64   0x08000c64   0x0000000a   Code   RO         3526    .text               c_w.l(_sputc.o)
    0x08000c6e   0x08000c6e   0x00000070   Code   RO         3529    .text               c_w.l(strtol.o)
    0x08000cde   0x08000cde   0x00000002   PAD
    0x08000ce0   0x08000ce0   0x00000008   Code   RO         3575    .text               c_w.l(libspace.o)
    0x08000ce8   0x08000ce8   0x00000010   Code   RO         3593    .text               c_w.l(rt_ctype_table.o)
    0x08000cf8   0x08000cf8   0x00000008   Code   RO         3600    .text               c_w.l(rt_locale_intlibspace.o)
    0x08000d00   0x08000d00   0x0000008a   Code   RO         3602    .text               c_w.l(lludiv10.o)
    0x08000d8a   0x08000d8a   0x00000002   PAD
    0x08000d8c   0x08000d8c   0x00000080   Code   RO         3604    .text               c_w.l(_printf_fp_infnan.o)
    0x08000e0c   0x08000e0c   0x0000009e   Code   RO         3608    .text               c_w.l(_strtoul.o)
    0x08000eaa   0x08000eaa   0x00000002   PAD
    0x08000eac   0x08000eac   0x000000e4   Code   RO         3610    .text               c_w.l(bigflt0.o)
    0x08000f90   0x08000f90   0x0000004a   Code   RO         3644    .text               c_w.l(sys_stackheap_outer.o)
    0x08000fda   0x08000fda   0x0000001c   Code   RO         3646    .text               c_w.l(_chval.o)
    0x08000ff6   0x08000ff6   0x00000012   Code   RO         3651    .text               c_w.l(exit.o)
    0x08001008   0x08001008   0x00000080   Code   RO         3657    .text               c_w.l(strcmpv7m.o)
    0x08001088   0x08001088   0x0000000c   Code   RO         3726    .text               c_w.l(sys_exit.o)
    0x08001094   0x08001094   0x00000002   Code   RO         3747    .text               c_w.l(use_no_semi.o)
    0x08001096   0x08001096   0x00000000   Code   RO         3749    .text               c_w.l(indicate_semi.o)
    0x08001096   0x08001096   0x0000003e   Code   RO         3613    CL$$btod_d2e        c_w.l(btod.o)
    0x080010d4   0x080010d4   0x00000046   Code   RO         3615    CL$$btod_d2e_denorm_low  c_w.l(btod.o)
    0x0800111a   0x0800111a   0x00000060   Code   RO         3614    CL$$btod_d2e_norm_op1  c_w.l(btod.o)
    0x0800117a   0x0800117a   0x00000338   Code   RO         3623    CL$$btod_div_common  c_w.l(btod.o)
    0x080014b2   0x080014b2   0x000000dc   Code   RO         3620    CL$$btod_e2e        c_w.l(btod.o)
    0x0800158e   0x0800158e   0x0000002a   Code   RO         3617    CL$$btod_ediv       c_w.l(btod.o)
    0x080015b8   0x080015b8   0x0000002a   Code   RO         3616    CL$$btod_emul       c_w.l(btod.o)
    0x080015e2   0x080015e2   0x00000244   Code   RO         3622    CL$$btod_mult_common  c_w.l(btod.o)
    0x08001826   0x08001826   0x0000006e   Code   RO          630    i.ADC_DMAConvCplt   stm32f4xx_hal_adc.o
    0x08001894   0x08001894   0x00000016   Code   RO          631    i.ADC_DMAError      stm32f4xx_hal_adc.o
    0x080018aa   0x080018aa   0x0000000a   Code   RO          632    i.ADC_DMAHalfConvCplt  stm32f4xx_hal_adc.o
    0x080018b4   0x080018b4   0x0000000c   Code   RO          433    i.ADC_IRQHandler    stm32f4xx_it.o
    0x080018c0   0x080018c0   0x00000128   Code   RO          633    i.ADC_Init          stm32f4xx_hal_adc.o
    0x080019e8   0x080019e8   0x00000002   Code   RO          434    i.BusFault_Handler  stm32f4xx_it.o
    0x080019ea   0x080019ea   0x00000002   PAD
    0x080019ec   0x080019ec   0x0000000c   Code   RO          435    i.DMA2_Stream0_IRQHandler  stm32f4xx_it.o
    0x080019f8   0x080019f8   0x0000000c   Code   RO          436    i.DMA2_Stream1_IRQHandler  stm32f4xx_it.o
    0x08001a04   0x08001a04   0x0000000c   Code   RO          437    i.DMA2_Stream6_IRQHandler  stm32f4xx_it.o
    0x08001a10   0x08001a10   0x00000028   Code   RO         1367    i.DMA_CalcBaseAndBitshift  stm32f4xx_hal_dma.o
    0x08001a38   0x08001a38   0x00000054   Code   RO         1368    i.DMA_CheckFifoParam  stm32f4xx_hal_dma.o
    0x08001a8c   0x08001a8c   0x00000028   Code   RO         1369    i.DMA_SetConfig     stm32f4xx_hal_dma.o
    0x08001ab4   0x08001ab4   0x00000002   Code   RO          438    i.DebugMon_Handler  stm32f4xx_it.o
    0x08001ab6   0x08001ab6   0x00000006   Code   RO          439    i.EXTI2_IRQHandler  stm32f4xx_it.o
    0x08001abc   0x08001abc   0x00000004   Code   RO          290    i.Error_Handler     main.o
    0x08001ac0   0x08001ac0   0x00000002   Code   RO          804    i.HAL_ADCEx_InjectedConvCpltCallback  stm32f4xx_hal_adc_ex.o
    0x08001ac2   0x08001ac2   0x00000002   PAD
    0x08001ac4   0x08001ac4   0x0000014c   Code   RO          635    i.HAL_ADC_ConfigChannel  stm32f4xx_hal_adc.o
    0x08001c10   0x08001c10   0x00000002   Code   RO          636    i.HAL_ADC_ConvCpltCallback  stm32f4xx_hal_adc.o
    0x08001c12   0x08001c12   0x00000002   Code   RO          637    i.HAL_ADC_ConvHalfCpltCallback  stm32f4xx_hal_adc.o
    0x08001c14   0x08001c14   0x00000002   Code   RO          639    i.HAL_ADC_ErrorCallback  stm32f4xx_hal_adc.o
    0x08001c16   0x08001c16   0x0000013c   Code   RO          643    i.HAL_ADC_IRQHandler  stm32f4xx_hal_adc.o
    0x08001d52   0x08001d52   0x00000054   Code   RO          644    i.HAL_ADC_Init      stm32f4xx_hal_adc.o
    0x08001da6   0x08001da6   0x00000002   Code   RO          645    i.HAL_ADC_LevelOutOfWindowCallback  stm32f4xx_hal_adc.o
    0x08001da8   0x08001da8   0x000000a8   Code   RO          570    i.HAL_ADC_MspInit   stm32f4xx_hal_msp.o
    0x08001e50   0x08001e50   0x00000154   Code   RO          651    i.HAL_ADC_Start_DMA  stm32f4xx_hal_adc.o
    0x08001fa4   0x08001fa4   0x00000092   Code   RO         1370    i.HAL_DMA_Abort     stm32f4xx_hal_dma.o
    0x08002036   0x08002036   0x00000024   Code   RO         1371    i.HAL_DMA_Abort_IT  stm32f4xx_hal_dma.o
    0x0800205a   0x0800205a   0x00000002   PAD
    0x0800205c   0x0800205c   0x000001a0   Code   RO         1375    i.HAL_DMA_IRQHandler  stm32f4xx_hal_dma.o
    0x080021fc   0x080021fc   0x000000d4   Code   RO         1376    i.HAL_DMA_Init      stm32f4xx_hal_dma.o
    0x080022d0   0x080022d0   0x0000006e   Code   RO         1380    i.HAL_DMA_Start_IT  stm32f4xx_hal_dma.o
    0x0800233e   0x0800233e   0x00000002   PAD
    0x08002340   0x08002340   0x00000024   Code   RO         1789    i.HAL_Delay         stm32f4xx_hal.o
    0x08002364   0x08002364   0x0000002c   Code   RO          291    i.HAL_GPIO_EXTI_Callback  main.o
    0x08002390   0x08002390   0x00000018   Code   RO         1262    i.HAL_GPIO_EXTI_IRQHandler  stm32f4xx_hal_gpio.o
    0x080023a8   0x080023a8   0x000001f0   Code   RO         1263    i.HAL_GPIO_Init     stm32f4xx_hal_gpio.o
    0x08002598   0x08002598   0x0000000a   Code   RO         1265    i.HAL_GPIO_ReadPin  stm32f4xx_hal_gpio.o
    0x080025a2   0x080025a2   0x00000010   Code   RO         1266    i.HAL_GPIO_TogglePin  stm32f4xx_hal_gpio.o
    0x080025b2   0x080025b2   0x0000000a   Code   RO         1267    i.HAL_GPIO_WritePin  stm32f4xx_hal_gpio.o
    0x080025bc   0x080025bc   0x0000000c   Code   RO         1795    i.HAL_GetTick       stm32f4xx_hal.o
    0x080025c8   0x080025c8   0x00000010   Code   RO         1801    i.HAL_IncTick       stm32f4xx_hal.o
    0x080025d8   0x080025d8   0x00000034   Code   RO         1802    i.HAL_Init          stm32f4xx_hal.o
    0x0800260c   0x0800260c   0x00000040   Code   RO         1803    i.HAL_InitTick      stm32f4xx_hal.o
    0x0800264c   0x0800264c   0x00000030   Code   RO          571    i.HAL_MspInit       stm32f4xx_hal_msp.o
    0x0800267c   0x0800267c   0x0000001a   Code   RO         1652    i.HAL_NVIC_EnableIRQ  stm32f4xx_hal_cortex.o
    0x08002696   0x08002696   0x00000002   PAD
    0x08002698   0x08002698   0x00000040   Code   RO         1658    i.HAL_NVIC_SetPriority  stm32f4xx_hal_cortex.o
    0x080026d8   0x080026d8   0x00000024   Code   RO         1659    i.HAL_NVIC_SetPriorityGrouping  stm32f4xx_hal_cortex.o
    0x080026fc   0x080026fc   0x00000134   Code   RO          909    i.HAL_RCC_ClockConfig  stm32f4xx_hal_rcc.o
    0x08002830   0x08002830   0x00000020   Code   RO          916    i.HAL_RCC_GetPCLK1Freq  stm32f4xx_hal_rcc.o
    0x08002850   0x08002850   0x00000020   Code   RO          917    i.HAL_RCC_GetPCLK2Freq  stm32f4xx_hal_rcc.o
    0x08002870   0x08002870   0x00000064   Code   RO          918    i.HAL_RCC_GetSysClockFreq  stm32f4xx_hal_rcc.o
    0x080028d4   0x080028d4   0x0000036c   Code   RO          921    i.HAL_RCC_OscConfig  stm32f4xx_hal_rcc.o
    0x08002c40   0x08002c40   0x00000028   Code   RO         1663    i.HAL_SYSTICK_Config  stm32f4xx_hal_cortex.o
    0x08002c68   0x08002c68   0x00000002   Code   RO         2746    i.HAL_TIMEx_BreakCallback  stm32f4xx_hal_tim_ex.o
    0x08002c6a   0x08002c6a   0x00000002   Code   RO         2747    i.HAL_TIMEx_CommutCallback  stm32f4xx_hal_tim_ex.o
    0x08002c6c   0x08002c6c   0x00000090   Code   RO         2765    i.HAL_TIMEx_MasterConfigSynchronization  stm32f4xx_hal_tim_ex.o
    0x08002cfc   0x08002cfc   0x0000005a   Code   RO         2042    i.HAL_TIM_Base_Init  stm32f4xx_hal_tim.o
    0x08002d56   0x08002d56   0x00000002   PAD
    0x08002d58   0x08002d58   0x0000006c   Code   RO          573    i.HAL_TIM_Base_MspInit  stm32f4xx_hal_msp.o
    0x08002dc4   0x08002dc4   0x00000080   Code   RO         2047    i.HAL_TIM_Base_Start_IT  stm32f4xx_hal_tim.o
    0x08002e44   0x08002e44   0x000000dc   Code   RO         2051    i.HAL_TIM_ConfigClockSource  stm32f4xx_hal_tim.o
    0x08002f20   0x08002f20   0x00000002   Code   RO         2076    i.HAL_TIM_IC_CaptureCallback  stm32f4xx_hal_tim.o
    0x08002f22   0x08002f22   0x00000166   Code   RO         2090    i.HAL_TIM_IRQHandler  stm32f4xx_hal_tim.o
    0x08003088   0x08003088   0x00000002   Code   RO         2093    i.HAL_TIM_OC_DelayElapsedCallback  stm32f4xx_hal_tim.o
    0x0800308a   0x0800308a   0x00000002   Code   RO         2120    i.HAL_TIM_PWM_PulseFinishedCallback  stm32f4xx_hal_tim.o
    0x0800308c   0x0800308c   0x00000220   Code   RO          292    i.HAL_TIM_PeriodElapsedCallback  main.o
    0x080032ac   0x080032ac   0x00000002   Code   RO         2133    i.HAL_TIM_TriggerCallback  stm32f4xx_hal_tim.o
    0x080032ae   0x080032ae   0x00000002   Code   RO         3024    i.HAL_UARTEx_RxEventCallback  stm32f4xx_hal_uart.o
    0x080032b0   0x080032b0   0x00000002   Code   RO         3038    i.HAL_UART_ErrorCallback  stm32f4xx_hal_uart.o
    0x080032b2   0x080032b2   0x00000002   PAD
    0x080032b4   0x080032b4   0x00000268   Code   RO         3041    i.HAL_UART_IRQHandler  stm32f4xx_hal_uart.o
    0x0800351c   0x0800351c   0x00000062   Code   RO         3042    i.HAL_UART_Init     stm32f4xx_hal_uart.o
    0x0800357e   0x0800357e   0x00000002   PAD
    0x08003580   0x08003580   0x000000e8   Code   RO          575    i.HAL_UART_MspInit  stm32f4xx_hal_msp.o
    0x08003668   0x08003668   0x0000002a   Code   RO         3047    i.HAL_UART_Receive_IT  stm32f4xx_hal_uart.o
    0x08003692   0x08003692   0x00000002   PAD
    0x08003694   0x08003694   0x00000094   Code   RO          293    i.HAL_UART_RxCpltCallback  main.o
    0x08003728   0x08003728   0x0000003e   Code   RO         3052    i.HAL_UART_Transmit_IT  stm32f4xx_hal_uart.o
    0x08003766   0x08003766   0x00000002   Code   RO         3053    i.HAL_UART_TxCpltCallback  stm32f4xx_hal_uart.o
    0x08003768   0x08003768   0x00000002   Code   RO          440    i.HardFault_Handler  stm32f4xx_it.o
    0x0800376a   0x0800376a   0x00000002   PAD
    0x0800376c   0x0800376c   0x00000078   Code   RO          294    i.MX_ADC1_Init      main.o
    0x080037e4   0x080037e4   0x00000114   Code   RO          295    i.MX_GPIO_Init      main.o
    0x080038f8   0x080038f8   0x0000006c   Code   RO          296    i.MX_TIM1_Init      main.o
    0x08003964   0x08003964   0x00000002   Code   RO          441    i.MemManage_Handler  stm32f4xx_it.o
    0x08003966   0x08003966   0x00000002   Code   RO          442    i.NMI_Handler       stm32f4xx_it.o
    0x08003968   0x08003968   0x00000002   Code   RO          443    i.PendSV_Handler    stm32f4xx_it.o
    0x0800396a   0x0800396a   0x00000002   Code   RO          444    i.SVC_Handler       stm32f4xx_it.o
    0x0800396c   0x0800396c   0x00000004   Code   RO          445    i.SysTick_Handler   stm32f4xx_it.o
    0x08003970   0x08003970   0x00000090   Code   RO          297    i.SystemClock_Config  main.o
    0x08003a00   0x08003a00   0x00000010   Code   RO         3371    i.SystemInit        system_stm32f4xx.o
    0x08003a10   0x08003a10   0x0000000c   Code   RO          446    i.TIM1_BRK_TIM9_IRQHandler  stm32f4xx_it.o
    0x08003a1c   0x08003a1c   0x0000000c   Code   RO          447    i.TIM1_CC_IRQHandler  stm32f4xx_it.o
    0x08003a28   0x08003a28   0x0000000c   Code   RO          448    i.TIM1_TRG_COM_TIM11_IRQHandler  stm32f4xx_it.o
    0x08003a34   0x08003a34   0x0000000c   Code   RO          449    i.TIM1_UP_TIM10_IRQHandler  stm32f4xx_it.o
    0x08003a40   0x08003a40   0x000000c8   Code   RO         2135    i.TIM_Base_SetConfig  stm32f4xx_hal_tim.o
    0x08003b08   0x08003b08   0x00000014   Code   RO         2146    i.TIM_ETR_SetConfig  stm32f4xx_hal_tim.o
    0x08003b1c   0x08003b1c   0x00000010   Code   RO         2147    i.TIM_ITRx_SetConfig  stm32f4xx_hal_tim.o
    0x08003b2c   0x08003b2c   0x00000022   Code   RO         2153    i.TIM_TI1_ConfigInputStage  stm32f4xx_hal_tim.o
    0x08003b4e   0x08003b4e   0x00000024   Code   RO         2155    i.TIM_TI2_ConfigInputStage  stm32f4xx_hal_tim.o
    0x08003b72   0x08003b72   0x00000010   Code   RO         3055    i.UART_DMAAbortOnError  stm32f4xx_hal_uart.o
    0x08003b82   0x08003b82   0x0000004e   Code   RO         3065    i.UART_EndRxTransfer  stm32f4xx_hal_uart.o
    0x08003bd0   0x08003bd0   0x000000c0   Code   RO         3067    i.UART_Receive_IT   stm32f4xx_hal_uart.o
    0x08003c90   0x08003c90   0x0000010c   Code   RO         3068    i.UART_SetConfig    stm32f4xx_hal_uart.o
    0x08003d9c   0x08003d9c   0x00000036   Code   RO         3070    i.UART_Start_Receive_IT  stm32f4xx_hal_uart.o
    0x08003dd2   0x08003dd2   0x00000002   PAD
    0x08003dd4   0x08003dd4   0x0000000c   Code   RO          450    i.USART6_IRQHandler  stm32f4xx_it.o
    0x08003de0   0x08003de0   0x00000002   Code   RO          451    i.UsageFault_Handler  stm32f4xx_it.o
    0x08003de2   0x08003de2   0x00000030   Code   RO         3570    i.__ARM_fpclassify  m_wm.l(fpclassify.o)
    0x08003e12   0x08003e12   0x00000020   Code   RO         1665    i.__NVIC_SetPriority  stm32f4xx_hal_cortex.o
    0x08003e32   0x08003e32   0x00000006   PAD
    0x08003e38   0x08003e38   0x00000c50   Code   RO         3482    i.__hardfp_pow      m_wm.l(pow.o)
    0x08004a88   0x08004a88   0x0000007a   Code   RO         3496    i.__hardfp_sqrt     m_wm.l(sqrt.o)
    0x08004b02   0x08004b02   0x000000f8   Code   RO         3572    i.__kernel_poly     m_wm.l(poly.o)
    0x08004bfa   0x08004bfa   0x00000006   PAD
    0x08004c00   0x08004c00   0x00000030   Code   RO         3550    i.__mathlib_dbl_divzero  m_wm.l(dunder.o)
    0x08004c30   0x08004c30   0x00000014   Code   RO         3552    i.__mathlib_dbl_infnan2  m_wm.l(dunder.o)
    0x08004c44   0x08004c44   0x00000004   PAD
    0x08004c48   0x08004c48   0x00000020   Code   RO         3553    i.__mathlib_dbl_invalid  m_wm.l(dunder.o)
    0x08004c68   0x08004c68   0x00000020   Code   RO         3554    i.__mathlib_dbl_overflow  m_wm.l(dunder.o)
    0x08004c88   0x08004c88   0x00000020   Code   RO         3556    i.__mathlib_dbl_underflow  m_wm.l(dunder.o)
    0x08004ca8   0x08004ca8   0x0000000e   Code   RO         3429    i._is_digit         c_w.l(__printf_wp.o)
    0x08004cb6   0x08004cb6   0x00000018   Code   RO         3566    i.fabs              m_wm.l(fabs.o)
    0x08004cce   0x08004cce   0x00000002   PAD
    0x08004cd0   0x08004cd0   0x0000008c   Code   RO          298    i.ftoa              main.o
    0x08004d5c   0x08004d5c   0x0000003e   Code   RO          299    i.intToStr          main.o
    0x08004d9a   0x08004d9a   0x0000001c   Code   RO           18    i.lcd_cmd           lcd_character.o
    0x08004db6   0x08004db6   0x0000001c   Code   RO           19    i.lcd_data          lcd_character.o
    0x08004dd2   0x08004dd2   0x00000002   PAD
    0x08004dd4   0x08004dd4   0x00000028   Code   RO           20    i.lcd_en_clk        lcd_character.o
    0x08004dfc   0x08004dfc   0x0000003c   Code   RO           22    i.lcd_gotoxy        lcd_character.o
    0x08004e38   0x08004e38   0x000000a4   Code   RO           27    i.lcd_init          lcd_character.o
    0x08004edc   0x08004edc   0x0000002c   Code   RO           28    i.lcd_ins           lcd_character.o
    0x08004f08   0x08004f08   0x0000002c   Code   RO           29    i.lcd_ins2          lcd_character.o
    0x08004f34   0x08004f34   0x00000014   Code   RO           32    i.lcd_puts          lcd_character.o
    0x08004f48   0x08004f48   0x0000006c   Code   RO           33    i.lcd_reset         lcd_character.o
    0x08004fb4   0x08004fb4   0x0000029c   Code   RO          300    i.main              main.o
    0x08005250   0x08005250   0x0000001a   Code   RO          301    i.reverse           main.o
    0x0800526a   0x0800526a   0x0000006e   Code   RO         3498    i.sqrt              m_wm.l(sqrt.o)
    0x080052d8   0x080052d8   0x0000000e   Code   RO           38    i.wait_lcd          lcd_character.o
    0x080052e6   0x080052e6   0x00000002   PAD
    0x080052e8   0x080052e8   0x0000002c   Code   RO         3636    locale$$code        c_w.l(lc_numeric_c.o)
    0x08005314   0x08005314   0x0000002c   Code   RO         3649    locale$$code        c_w.l(lc_ctype_c.o)
    0x08005340   0x08005340   0x00000018   Code   RO         3531    x$fpl$basic         fz_wm.l(basic.o)
    0x08005358   0x08005358   0x00000062   Code   RO         3458    x$fpl$d2f           fz_wm.l(d2f.o)
    0x080053ba   0x080053ba   0x00000002   PAD
    0x080053bc   0x080053bc   0x00000150   Code   RO         3460    x$fpl$dadd          fz_wm.l(daddsub_clz.o)
    0x0800550c   0x0800550c   0x00000010   Code   RO         3638    x$fpl$dcheck1       fz_wm.l(dcheck1.o)
    0x0800551c   0x0800551c   0x00000018   Code   RO         3640    x$fpl$dcmpinf       fz_wm.l(dcmpi.o)
    0x08005534   0x08005534   0x000002b0   Code   RO         3467    x$fpl$ddiv          fz_wm.l(ddiv.o)
    0x080057e4   0x080057e4   0x0000002e   Code   RO         3471    x$fpl$dflt          fz_wm.l(dflt_clz.o)
    0x08005812   0x08005812   0x00000026   Code   RO         3470    x$fpl$dfltu         fz_wm.l(dflt_clz.o)
    0x08005838   0x08005838   0x00000078   Code   RO         3533    x$fpl$dleqf         fz_wm.l(dleqf.o)
    0x080058b0   0x080058b0   0x00000154   Code   RO         3476    x$fpl$dmul          fz_wm.l(dmul.o)
    0x08005a04   0x08005a04   0x0000009c   Code   RO         3535    x$fpl$dnaninf       fz_wm.l(dnaninf.o)
    0x08005aa0   0x08005aa0   0x0000000c   Code   RO         3537    x$fpl$dretinf       fz_wm.l(dretinf.o)
    0x08005aac   0x08005aac   0x0000006c   Code   RO         3539    x$fpl$drleqf        fz_wm.l(drleqf.o)
    0x08005b18   0x08005b18   0x00000016   Code   RO         3461    x$fpl$drsb          fz_wm.l(daddsub_clz.o)
    0x08005b2e   0x08005b2e   0x00000002   PAD
    0x08005b30   0x08005b30   0x00000198   Code   RO         3541    x$fpl$dsqrt         fz_wm.l(dsqrt_umaal.o)
    0x08005cc8   0x08005cc8   0x000001d4   Code   RO         3462    x$fpl$dsub          fz_wm.l(daddsub_clz.o)
    0x08005e9c   0x08005e9c   0x00000056   Code   RO         3478    x$fpl$f2d           fz_wm.l(f2d.o)
    0x08005ef2   0x08005ef2   0x0000008c   Code   RO         3543    x$fpl$fnaninf       fz_wm.l(fnaninf.o)
    0x08005f7e   0x08005f7e   0x0000000a   Code   RO         3722    x$fpl$fpinit        fz_wm.l(fpinit.o)
    0x08005f88   0x08005f88   0x0000000a   Code   RO         3545    x$fpl$fretinf       fz_wm.l(fretinf.o)
    0x08005f92   0x08005f92   0x00000004   Code   RO         3480    x$fpl$printf1       fz_wm.l(printf1.o)
    0x08005f96   0x08005f96   0x00000064   Code   RO         3710    x$fpl$retnan        fz_wm.l(retnan.o)
    0x08005ffa   0x08005ffa   0x0000005c   Code   RO         3547    x$fpl$scalbn        fz_wm.l(scalbn.o)
    0x08006056   0x08006056   0x00000030   Code   RO         3724    x$fpl$trapveneer    fz_wm.l(trapv.o)
    0x08006086   0x08006086   0x00000000   Code   RO         3549    x$fpl$usenofp       fz_wm.l(usenofp.o)
    0x08006086   0x08006086   0x00000008   Data   RO         1382    .constdata          stm32f4xx_hal_dma.o
    0x0800608e   0x0800608e   0x00000010   Data   RO         3372    .constdata          system_stm32f4xx.o
    0x0800609e   0x0800609e   0x00000008   Data   RO         3373    .constdata          system_stm32f4xx.o
    0x080060a6   0x080060a6   0x00000002   PAD
    0x080060a8   0x080060a8   0x00000088   Data   RO         3485    .constdata          m_wm.l(pow.o)
    0x08006130   0x08006130   0x00000008   Data   RO         3574    .constdata          m_wm.l(qnan.o)
    0x08006138   0x08006138   0x00000094   Data   RO         3611    .constdata          c_w.l(bigflt0.o)
    0x080061cc   0x080061cc   0x00000020   Data   RO         3793    Region$$Table       anon$$obj.o
    0x080061ec   0x080061ec   0x0000001c   Data   RO         3635    locale$$data        c_w.l(lc_numeric_c.o)
    0x08006208   0x08006208   0x00000110   Data   RO         3648    locale$$data        c_w.l(lc_ctype_c.o)


    Execution Region RW_IRAM1 (Exec base: 0x20000000, Load base: 0x08006318, Size: 0x00004850, Max: 0x0001c000, ABSOLUTE, COMPRESSED[0x0000002c])

    Exec Addr    Load Addr    Size         Type   Attr      Idx    E Section Name        Object

    0x20000000   COMPRESSED   0x00000143   Data   RW          309    .data               main.o
    0x20000143   COMPRESSED   0x00000001   PAD
    0x20000144   COMPRESSED   0x0000000c   Data   RW         1809    .data               stm32f4xx_hal.o
    0x20000150   COMPRESSED   0x00000004   Data   RW         3374    .data               system_stm32f4xx.o
    0x20000154   COMPRESSED   0x00000004   PAD
    0x20000158        -       0x00003f74   Zero   RW          303    .bss                main.o
    0x200040cc        -       0x00000060   Zero   RW          305    .bss                main.o
    0x2000412c        -       0x00000060   Zero   RW          306    .bss                main.o
    0x2000418c        -       0x00000060   Zero   RW          307    .bss                main.o
    0x200041ec        -       0x00000060   Zero   RW         3576    .bss                c_w.l(libspace.o)
    0x2000424c   COMPRESSED   0x00000004   PAD
    0x20004250        -       0x00000200   Zero   RW            2    HEAP                startup_stm32f407xx.o
    0x20004450        -       0x00000400   Zero   RW            1    STACK               startup_stm32f407xx.o


    Execution Region RW_IRAM2 (Exec base: 0x2001c000, Load base: 0x08006344, Size: 0x00000000, Max: 0x00004000, ABSOLUTE)

    **** No section assigned to this execution region ****


==============================================================================

Image component sizes


      Code (inc. data)   RO Data    RW Data    ZI Data      Debug   Object Name

       550         32          0          0          0     719145   lcd_character.o
      2284        250          0        323      16532      11993   main.o
        64         26        392          0       1536        880   startup_stm32f407xx.o
       180         28          0         12          0       9709   stm32f4xx_hal.o
      1518         66          0          0          0       9405   stm32f4xx_hal_adc.o
         2          0          0          0          0       1057   stm32f4xx_hal_adc_ex.o
       198         14          0          0          0      34175   stm32f4xx_hal_cortex.o
      1084         16          8          0          0       7690   stm32f4xx_hal_dma.o
       556         52          0          0          0       4351   stm32f4xx_hal_gpio.o
       556         64          0          0          0       3424   stm32f4xx_hal_msp.o
      1348         76          0          0          0       5468   stm32f4xx_hal_rcc.o
      1110         72          0          0          0      10705   stm32f4xx_hal_tim.o
       148         28          0          0          0       2609   stm32f4xx_hal_tim_ex.o
      1432         16          0          0          0      10455   stm32f4xx_hal_uart.o
       134         54          0          0          0       9651   stm32f4xx_it.o
        16          4         24          4          0       1243   system_stm32f4xx.o

    ----------------------------------------------------------------------
     11212        798        458        340      18072     841960   Object Totals
         0          0         32          0          0          0   (incl. Generated)
        32          0          2          1          4          0   (incl. Padding)

    ----------------------------------------------------------------------

      Code (inc. data)   RO Data    RW Data    ZI Data      Debug   Library Member Name

        58          0          0          0          0          0   __dczerorl.o
         8          0          0          0          0         68   __main.o
       284          0          0          0          0        156   __printf_wp.o
         0          0          0          0          0          0   __rtentry.o
        12          0          0          0          0          0   __rtentry2.o
         6          0          0          0          0          0   __rtentry4.o
        52          8          0          0          0          0   __scatter.o
        28          0          0          0          0          0   __scatter_zi.o
        28          0          0          0          0         68   _chval.o
        48          6          0          0          0         96   _printf_char_common.o
         6          0          0          0          0          0   _printf_d.o
       120         16          0          0          0         92   _printf_dec.o
         6          0          0          0          0          0   _printf_f.o
      1054          0          0          0          0        216   _printf_fp_dec.o
       128         16          0          0          0         84   _printf_fp_infnan.o
       178          0          0          0          0         88   _printf_intcommon.o
        78          0          0          0          0        108   _printf_pad.o
         0          0          0          0          0          0   _printf_percent.o
         4          0          0          0          0          0   _printf_percent_end.o
        22          0          0          0          0        100   _rserrno.o
        10          0          0          0          0         68   _sputc.o
       158          0          0          0          0         92   _strtoul.o
        26          0          0          0          0         80   atoi.o
       228          4        148          0          0         96   bigflt0.o
      1936        128          0          0          0        672   btod.o
        18          0          0          0          0         80   exit.o
         6          0          0          0          0        152   heapauxi.o
         0          0          0          0          0          0   indicate_semi.o
        44         10        272          0          0         76   lc_ctype_c.o
        44         10         28          0          0         76   lc_numeric_c.o
         2          0          0          0          0          0   libinit.o
        34          0          0          0          0          0   libinit2.o
         2          0          0          0          0          0   libshutdown.o
         2          0          0          0          0          0   libshutdown2.o
         8          4          0          0         96         68   libspace.o
       138          0          0          0          0         80   lludiv10.o
       238          0          0          0          0        100   lludivv7m.o
        40          6          0          0          0         84   noretval__2sprintf.o
        16          4          0          0          0         76   rt_ctype_table.o
         8          4          0          0          0         68   rt_errno_addr_intlibspace.o
         8          4          0          0          0         68   rt_locale_intlibspace.o
        78          0          0          0          0         80   rt_memclr_w.o
         2          0          0          0          0          0   rtexit.o
        10          0          0          0          0          0   rtexit2.o
        24          0          0          0          0         68   strcat.o
       128          0          0          0          0         68   strcmpv7m.o
        72          0          0          0          0         80   strcpy.o
        62          0          0          0          0         76   strlen.o
       150          0          0          0          0         80   strncmp.o
       112          0          0          0          0         88   strtol.o
        12          4          0          0          0         68   sys_exit.o
        74          0          0          0          0         80   sys_stackheap_outer.o
         2          0          0          0          0         68   use_no_semi.o
        24          0          0          0          0        164   basic.o
        98          4          0          0          0        140   d2f.o
       826         16          0          0          0        492   daddsub_clz.o
        16          4          0          0          0        116   dcheck1.o
        24          0          0          0          0        116   dcmpi.o
       688        140          0          0          0        256   ddiv.o
        84          0          0          0          0        232   dflt_clz.o
       120          4          0          0          0        140   dleqf.o
       340         12          0          0          0        152   dmul.o
       156          4          0          0          0        140   dnaninf.o
        12          0          0          0          0        116   dretinf.o
       108          0          0          0          0        128   drleqf.o
       408         56          0          0          0        168   dsqrt_umaal.o
        86          4          0          0          0        132   f2d.o
       140          4          0          0          0        132   fnaninf.o
        10          0          0          0          0        116   fpinit.o
        10          0          0          0          0        116   fretinf.o
         4          0          0          0          0        116   printf1.o
       100          0          0          0          0        116   retnan.o
        92          0          0          0          0        116   scalbn.o
        48          0          0          0          0        116   trapv.o
         0          0          0          0          0          0   usenofp.o
       164         44          0          0          0        620   dunder.o
        24          0          0          0          0        124   fabs.o
        48          0          0          0          0        124   fpclassify.o
       248          0          0          0          0        152   poly.o
      3152        296        136          0          0        352   pow.o
         0          0          8          0          0          0   qnan.o
       232          0          0          0          0        296   sqrt.o

    ----------------------------------------------------------------------
     13106        812        592          0        100       8756   Library Totals
        32          0          0          0          4          0   (incl. Padding)

    ----------------------------------------------------------------------

      Code (inc. data)   RO Data    RW Data    ZI Data      Debug   Library Name

      5812        224        448          0         96       3768   c_w.l
      3394        248          0          0          0       3320   fz_wm.l
      3868        340        144          0          0       1668   m_wm.l

    ----------------------------------------------------------------------
     13106        812        592          0        100       8756   Library Totals

    ----------------------------------------------------------------------

==============================================================================


      Code (inc. data)   RO Data    RW Data    ZI Data      Debug   

     24318       1610       1050        340      18172     834384   Grand Totals
     24318       1610       1050         44      18172     834384   ELF Image Totals (compressed)
     24318       1610       1050         44          0          0   ROM Totals

==============================================================================

    Total RO  Size (Code + RO Data)                25368 (  24.77kB)
    Total RW  Size (RW Data + ZI Data)             18512 (  18.08kB)
    Total ROM Size (Code + RO Data + RW Data)      25412 (  24.82kB)

==============================================================================

