Component: ARM Compiler 5.06 update 6 (build 750) Tool: armlink [4d35ed]

==============================================================================

Section Cross References

    startup_stm32f407xx.o(STACK) refers (Special) to heapauxi.o(.text) for __use_two_region_memory
    startup_stm32f407xx.o(HEAP) refers (Special) to heapauxi.o(.text) for __use_two_region_memory
    startup_stm32f407xx.o(RESET) refers (Special) to heapauxi.o(.text) for __use_two_region_memory
    startup_stm32f407xx.o(RESET) refers to startup_stm32f407xx.o(STACK) for __initial_sp
    startup_stm32f407xx.o(RESET) refers to startup_stm32f407xx.o(.text) for Reset_Handler
    startup_stm32f407xx.o(RESET) refers to stm32f4xx_it.o(i.NMI_Handler) for NMI_Handler
    startup_stm32f407xx.o(RESET) refers to stm32f4xx_it.o(i.HardFault_Handler) for HardFault_Handler
    startup_stm32f407xx.o(RESET) refers to stm32f4xx_it.o(i.MemManage_Handler) for MemManage_Handler
    startup_stm32f407xx.o(RESET) refers to stm32f4xx_it.o(i.BusFault_Handler) for BusFault_Handler
    startup_stm32f407xx.o(RESET) refers to stm32f4xx_it.o(i.UsageFault_Handler) for UsageFault_Handler
    startup_stm32f407xx.o(RESET) refers to stm32f4xx_it.o(i.SVC_Handler) for SVC_Handler
    startup_stm32f407xx.o(RESET) refers to stm32f4xx_it.o(i.DebugMon_Handler) for DebugMon_Handler
    startup_stm32f407xx.o(RESET) refers to stm32f4xx_it.o(i.PendSV_Handler) for PendSV_Handler
    startup_stm32f407xx.o(RESET) refers to stm32f4xx_it.o(i.SysTick_Handler) for SysTick_Handler
    startup_stm32f407xx.o(RESET) refers to stm32f4xx_it.o(i.EXTI2_IRQHandler) for EXTI2_IRQHandler
    startup_stm32f407xx.o(RESET) refers to stm32f4xx_it.o(i.ADC_IRQHandler) for ADC_IRQHandler
    startup_stm32f407xx.o(RESET) refers to stm32f4xx_it.o(i.TIM1_BRK_TIM9_IRQHandler) for TIM1_BRK_TIM9_IRQHandler
    startup_stm32f407xx.o(RESET) refers to stm32f4xx_it.o(i.TIM1_UP_TIM10_IRQHandler) for TIM1_UP_TIM10_IRQHandler
    startup_stm32f407xx.o(RESET) refers to stm32f4xx_it.o(i.TIM1_TRG_COM_TIM11_IRQHandler) for TIM1_TRG_COM_TIM11_IRQHandler
    startup_stm32f407xx.o(RESET) refers to stm32f4xx_it.o(i.TIM1_CC_IRQHandler) for TIM1_CC_IRQHandler
    startup_stm32f407xx.o(RESET) refers to stm32f4xx_it.o(i.DMA2_Stream0_IRQHandler) for DMA2_Stream0_IRQHandler
    startup_stm32f407xx.o(RESET) refers to stm32f4xx_it.o(i.DMA2_Stream1_IRQHandler) for DMA2_Stream1_IRQHandler
    startup_stm32f407xx.o(RESET) refers to stm32f4xx_it.o(i.DMA2_Stream6_IRQHandler) for DMA2_Stream6_IRQHandler
    startup_stm32f407xx.o(RESET) refers to stm32f4xx_it.o(i.USART6_IRQHandler) for USART6_IRQHandler
    startup_stm32f407xx.o(.text) refers (Special) to heapauxi.o(.text) for __use_two_region_memory
    startup_stm32f407xx.o(.text) refers to system_stm32f4xx.o(i.SystemInit) for SystemInit
    startup_stm32f407xx.o(.text) refers to __main.o(!!!main) for __main
    startup_stm32f407xx.o(.text) refers to startup_stm32f407xx.o(HEAP) for Heap_Mem
    startup_stm32f407xx.o(.text) refers to startup_stm32f407xx.o(STACK) for Stack_Mem
    lcd_character.o(i.lcd_Test) refers to stm32f4xx_hal_gpio.o(i.HAL_GPIO_WritePin) for HAL_GPIO_WritePin
    lcd_character.o(i.lcd_bin) refers to lcd_character.o(i.lcd_data) for lcd_data
    lcd_character.o(i.lcd_bin16) refers to lcd_character.o(i.lcd_data) for lcd_data
    lcd_character.o(i.lcd_bit) refers to lcd_character.o(i.lcd_data) for lcd_data
    lcd_character.o(i.lcd_clear) refers to lcd_character.o(i.lcd_cmd) for lcd_cmd
    lcd_character.o(i.lcd_clear) refers to lcd_character.o(i.wait_lcd) for wait_lcd
    lcd_character.o(i.lcd_cmd) refers to lcd_character.o(i.lcd_ins) for lcd_ins
    lcd_character.o(i.lcd_cmd) refers to lcd_character.o(i.wait_lcd) for wait_lcd
    lcd_character.o(i.lcd_data) refers to lcd_character.o(i.lcd_ins2) for lcd_ins2
    lcd_character.o(i.lcd_data) refers to lcd_character.o(i.wait_lcd) for wait_lcd
    lcd_character.o(i.lcd_en_clk) refers to stm32f4xx_hal_gpio.o(i.HAL_GPIO_WritePin) for HAL_GPIO_WritePin
    lcd_character.o(i.lcd_en_clk) refers to lcd_character.o(i.wait_lcd) for wait_lcd
    lcd_character.o(i.lcd_float6) refers to _printf_pad.o(.text) for _printf_pre_padding
    lcd_character.o(i.lcd_float6) refers to _printf_percent.o(.ARM.Collect$$_printf_percent$$00000000) for _printf_percent
    lcd_character.o(i.lcd_float6) refers to _printf_f.o(.ARM.Collect$$_printf_percent$$00000003) for _printf_f
    lcd_character.o(i.lcd_float6) refers to printf1.o(x$fpl$printf1) for _printf_fp_dec
    lcd_character.o(i.lcd_float6) refers to f2d.o(x$fpl$f2d) for __aeabi_f2d
    lcd_character.o(i.lcd_float6) refers to noretval__2sprintf.o(.text) for __2sprintf
    lcd_character.o(i.lcd_float6) refers to lcd_character.o(i.lcd_data) for lcd_data
    lcd_character.o(i.lcd_float6) refers to lcd_character.o(.data) for .data
    lcd_character.o(i.lcd_gotoxy) refers to stm32f4xx_hal_gpio.o(i.HAL_GPIO_WritePin) for HAL_GPIO_WritePin
[...]
    _get_lc_collate                           - Undefined Weak Reference
    _get_lc_monetary                          - Undefined Weak Reference
    _get_lc_time                              - Undefined Weak Reference
    _getenv_init                              - Undefined Weak Reference
    _handle_redirection                       - Undefined Weak Reference
    _init_alloc                               - Undefined Weak Reference
    _init_user_alloc                          - Undefined Weak Reference
    _initio                                   - Undefined Weak Reference
    _printf_truncate_signed                   - Undefined Weak Reference
    _printf_truncate_unsigned                 - Undefined Weak Reference
    _rand_init                                - Undefined Weak Reference
    _signal_finish                            - Undefined Weak Reference
    _signal_init                              - Undefined Weak Reference
    _terminate_alloc                          - Undefined Weak Reference
    _terminate_user_alloc                     - Undefined Weak Reference
    _terminateio                              - Undefined Weak Reference
    __Vectors_Size                           0x00000188   Number         0  startup_stm32f407xx.o ABSOLUTE
    __Vectors                                0x08000000   Data           4  startup_stm32f407xx.o(RESET)
    __Vectors_End                            0x08000188   Data           0  startup_stm32f407xx.o(RESET)
    __main                                   0x08000189   Thumb Code     8  __main.o(!!!main)
    __scatterload                            0x08000191   Thumb Code     0  __scatter.o(!!!scatter)
    __scatterload_rt2                        0x08000191   Thumb Code    44  __scatter.o(!!!scatter)
    __scatterload_rt2_thumb_only             0x08000191   Thumb Code     0  __scatter.o(!!!scatter)
    __scatterload_null                       0x0800019f   Thumb Code     0  __scatter.o(!!!scatter)
    __decompress                             0x080001c5   Thumb Code    90  __dczerorl2.o(!!dczerorl2)
    __decompress1                            0x080001c5   Thumb Code     0  __dczerorl2.o(!!dczerorl2)
    __scatterload_zeroinit                   0x08000221   Thumb Code    28  __scatter_zi.o(!!handler_zi)
    _printf_f                                0x0800023d   Thumb Code     0  _printf_f.o(.ARM.Collect$$_printf_percent$$00000003)
    _printf_percent                          0x0800023d   Thumb Code     0  _printf_percent.o(.ARM.Collect$$_printf_percent$$00000000)
    _printf_d                                0x08000243   Thumb Code     0  _printf_d.o(.ARM.Collect$$_printf_percent$$00000009)
    _printf_percent_end                      0x08000249   Thumb Code     0  _printf_percent_end.o(.ARM.Collect$$_printf_percent$$00000017)
    __rt_lib_init                            0x0800024d   Thumb Code     0  libinit.o(.ARM.Collect$$libinit$$00000000)
    __rt_lib_init_fp_1                       0x0800024f   Thumb Code     0  libinit2.o(.ARM.Collect$$libinit$$00000001)
    __rt_lib_init_heap_1                     0x08000253   Thumb Code     0  libinit2.o(.ARM.Collect$$libinit$$0000000A)
    __rt_lib_init_lc_common                  0x08000253   Thumb Code     0  libinit2.o(.ARM.Collect$$libinit$$0000000F)
    __rt_lib_init_preinit_1                  0x08000253   Thumb Code     0  libinit2.o(.ARM.Collect$$libinit$$00000004)
    __rt_lib_init_rand_1                     0x08000253   Thumb Code     0  libinit2.o(.ARM.Collect$$libinit$$0000000E)
    __rt_lib_init_user_alloc_1               0x08000253   Thumb Code     0  libinit2.o(.ARM.Collect$$libinit$$0000000C)
    __rt_lib_init_lc_collate_1               0x08000259   Thumb Code     0  libinit2.o(.ARM.Collect$$libinit$$00000011)
    __rt_lib_init_lc_ctype_2                 0x08000259   Thumb Code     0  libinit2.o(.ARM.Collect$$libinit$$00000012)
    __rt_lib_init_lc_ctype_1                 0x08000265   Thumb Code     0  libinit2.o(.ARM.Collect$$libinit$$00000013)
    __rt_lib_init_lc_monetary_1              0x08000265   Thumb Code     0  libinit2.o(.ARM.Collect$$libinit$$00000015)
    __rt_lib_init_lc_numeric_2               0x08000265   Thumb Code     0  libinit2.o(.ARM.Collect$$libinit$$00000016)
    __rt_lib_init_alloca_1                   0x0800026f   Thumb Code     0  libinit2.o(.ARM.Collect$$libinit$$0000002E)
    __rt_lib_init_argv_1                     0x0800026f   Thumb Code     0  libinit2.o(.ARM.Collect$$libinit$$0000002C)
    __rt_lib_init_atexit_1                   0x0800026f   Thumb Code     0  libinit2.o(.ARM.Collect$$libinit$$0000001B)
    __rt_lib_init_clock_1                    0x0800026f   Thumb Code     0  libinit2.o(.ARM.Collect$$libinit$$00000021)
    __rt_lib_init_cpp_1                      0x0800026f   Thumb Code     0  libinit2.o(.ARM.Collect$$libinit$$00000032)
    __rt_lib_init_exceptions_1               0x0800026f   Thumb Code     0  libinit2.o(.ARM.Collect$$libinit$$00000030)
    __rt_lib_init_fp_trap_1                  0x0800026f   Thumb Code     0  libinit2.o(.ARM.Collect$$libinit$$0000001F)
    __rt_lib_init_getenv_1                   0x0800026f   Thumb Code     0  libinit2.o(.ARM.Collect$$libinit$$00000023)
    __rt_lib_init_lc_numeric_1               0x0800026f   Thumb Code     0  libinit2.o(.ARM.Collect$$libinit$$00000017)
    __rt_lib_init_lc_time_1                  0x0800026f   Thumb Code     0  libinit2.o(.ARM.Collect$$libinit$$00000019)
    __rt_lib_init_return                     0x0800026f   Thumb Code     0  libinit2.o(.ARM.Collect$$libinit$$00000033)
    __rt_lib_init_signal_1                   0x0800026f   Thumb Code     0  libinit2.o(.ARM.Collect$$libinit$$0000001D)
    __rt_lib_init_stdio_1                    0x0800026f   Thumb Code     0  libinit2.o(.ARM.Collect$$libinit$$00000025)
    __rt_lib_shutdown                        0x08000271   Thumb Code     0  libshutdown.o(.ARM.Collect$$libshutdown$$00000000)
    __rt_lib_shutdown_cpp_1                  0x08000273   Thumb Code     0  libshutdown2.o(.ARM.Collect$$libshutdown$$00000002)
    __rt_lib_shutdown_fp_trap_1              0x08000273   Thumb Code     0  libshutdown2.o(.ARM.Collect$$libshutdown$$00000007)
    __rt_lib_shutdown_heap_1                 0x08000273   Thumb Code     0  libshutdown2.o(.ARM.Collect$$libshutdown$$0000000F)
    __rt_lib_shutdown_return                 0x08000273   Thumb Code     0  libshutdown2.o(.ARM.Collect$$libshutdown$$00000010)
    __rt_lib_shutdown_signal_1               0x08000273   Thumb Code     0  libshutdown2.o(.ARM.Collect$$libshutdown$$0000000A)
    __rt_lib_shutdown_stdio_1                0x08000273   Thumb Code     0  libshutdown2.o(.ARM.Collect$$libshutdown$$00000004)
    __rt_lib_shutdown_user_alloc_1           0x08000273   Thumb Code     0  libshutdown2.o(.ARM.Collect$$libshutdown$$0000000C)
    __rt_entry                               0x08000275   Thumb Code     0  __rtentry.o(.ARM.Collect$$rtentry$$00000000)
    __rt_entry_presh_1                       0x08000275   Thumb Code     0  __rtentry2.o(.ARM.Collect$$rtentry$$00000002)
    __rt_entry_sh                            0x08000275   Thumb Code     0  __rtentry4.o(.ARM.Collect$$rtentry$$00000004)
    __rt_entry_li                            0x0800027b   Thumb Code     0  __rtentry2.o(.ARM.Collect$$rtentry$$0000000A)
    __rt_entry_postsh_1                      0x0800027b   Thumb Code     0  __rtentry2.o(.ARM.Collect$$rtentry$$00000009)
    __rt_entry_main                          0x0800027f   Thumb Code     0  __rtentry2.o(.ARM.Collect$$rtentry$$0000000D)
    __rt_entry_postli_1                      0x0800027f   Thumb Code     0  __rtentry2.o(.ARM.Collect$$rtentry$$0000000C)
    __rt_exit                                0x08000287   Thumb Code     0  rtexit.o(.ARM.Collect$$rtexit$$00000000)
    __rt_exit_ls                             0x08000289   Thumb Code     0  rtexit2.o(.ARM.Collect$$rtexit$$00000003)
    __rt_exit_prels_1                        0x08000289   Thumb Code     0  rtexit2.o(.ARM.Collect$$rtexit$$00000002)
    __rt_exit_exit                           0x0800028d   Thumb Code     0  rtexit2.o(.ARM.Collect$$rtexit$$00000004)
    Reset_Handler                            0x08000295   Thumb Code     8  startup_stm32f407xx.o(.text)
    CAN1_RX0_IRQHandler                      0x080002af   Thumb Code     0  startup_stm32f407xx.o(.text)
    CAN1_RX1_IRQHandler                      0x080002af   Thumb Code     0  startup_stm32f407xx.o(.text)
    CAN1_SCE_IRQHandler                      0x080002af   Thumb Code     0  startup_stm32f407xx.o(.text)
    CAN1_TX_IRQHandler                       0x080002af   Thumb Code     0  startup_stm32f407xx.o(.text)
    CAN2_RX0_IRQHandler                      0x080002af   Thumb Code     0  startup_stm32f407xx.o(.text)
    CAN2_RX1_IRQHandler                      0x080002af   Thumb Code     0  startup_stm32f407xx.o(.text)
    CAN2_SCE_IRQHandler                      0x080002af   Thumb Code     0  startup_stm32f407xx.o(.text)
    CAN2_TX_IRQHandler                       0x080002af   Thumb Code     0  startup_stm32f407xx.o(.text)
    DCMI_IRQHandler                          0x080002af   Thumb Code     0  startup_stm32f407xx.o(.text)
    DMA1_Stream0_IRQHandler                  0x080002af   Thumb Code     0  startup_stm32f407xx.o(.text)
    DMA1_Stream1_IRQHandler                  0x080002af   Thumb Code     0  startup_stm32f407xx.o(.text)
    DMA1_Stream2_IRQHandler                  0x080002af   Thumb Code     0  startup_stm32f407xx.o(.text)
    DMA1_Stream3_IRQHandler                  0x080002af   Thumb Code     0  startup_stm32f407xx.o(.text)
    DMA1_Stream4_IRQHandler                  0x080002af   Thumb Code     0  startup_stm32f407xx.o(.text)
    DMA1_Stream5_IRQHandler                  0x080002af   Thumb Code     0  startup_stm32f407xx.o(.text)
    DMA1_Stream6_IRQHandler                  0x080002af   Thumb Code     0  startup_stm32f407xx.o(.text)
    DMA1_Stream7_IRQHandler                  0x080002af   Thumb Code     0  startup_stm32f407xx.o(.text)
    DMA2_Stream2_IRQHandler                  0x080002af   Thumb Code     0  startup_stm32f407xx.o(.text)
    DMA2_Stream3_IRQHandler                  0x080002af   Thumb Code     0  startup_stm32f407xx.o(.text)
    DMA2_Stream4_IRQHandler                  0x080002af   Thumb Code     0  startup_stm32f407xx.o(.text)
    DMA2_Stream5_IRQHandler                  0x080002af   Thumb Code     0  startup_stm32f407xx.o(.text)
    DMA2_Stream7_IRQHandler                  0x080002af   Thumb Code     0  startup_stm32f407xx.o(.text)
    ETH_IRQHandler                           0x080002af   Thumb Code     0  startup_stm32f407xx.o(.text)
    ETH_WKUP_IRQHandler                      0x080002af   Thumb Code     0  startup_stm32f407xx.o(.text)
    EXTI0_IRQHandler                         0x080002af   Thumb Code     0  startup_stm32f407xx.o(.text)
    EXTI15_10_IRQHandler                     0x080002af   Thumb Code     0  startup_stm32f407xx.o(.text)
    EXTI1_IRQHandler                         0x080002af   Thumb Code     0  startup_stm32f407xx.o(.text)
    EXTI3_IRQHandler                         0x080002af   Thumb Code     0  startup_stm32f407xx.o(.text)
    EXTI4_IRQHandler                         0x080002af   Thumb Code     0  startup_stm32f407xx.o(.text)
    EXTI9_5_IRQHandler                       0x080002af   Thumb Code     0  startup_stm32f407xx.o(.text)
    FLASH_IRQHandler                         0x080002af   Thumb Code     0  startup_stm32f407xx.o(.text)
    FMC_IRQHandler                           0x080002af   Thumb Code     0  startup_stm32f407xx.o(.text)
    FPU_IRQHandler                           0x080002af   Thumb Code     0  startup_stm32f407xx.o(.text)
    HASH_RNG_IRQHandler                      0x080002af   Thumb Code     0  startup_stm32f407xx.o(.text)
    I2C1_ER_IRQHandler                       0x080002af   Thumb Code     0  startup_stm32f407xx.o(.text)
    I2C1_EV_IRQHandler                       0x080002af   Thumb Code     0  startup_stm32f407xx.o(.text)
    I2C2_ER_IRQHandler                       0x080002af   Thumb Code     0  startup_stm32f407xx.o(.text)
    I2C2_EV_IRQHandler                       0x080002af   Thumb Code     0  startup_stm32f407xx.o(.text)
    I2C3_ER_IRQHandler                       0x080002af   Thumb Code     0  startup_stm32f407xx.o(.text)
    I2C3_EV_IRQHandler                       0x080002af   Thumb Code     0  startup_stm32f407xx.o(.text)
    OTG_FS_IRQHandler                        0x080002af   Thumb Code     0  startup_stm32f407xx.o(.text)
    OTG_FS_WKUP_IRQHandler                   0x080002af   Thumb Code     0  startup_stm32f407xx.o(.text)
    OTG_HS_EP1_IN_IRQHandler                 0x080002af   Thumb Code     0  startup_stm32f407xx.o(.text)
    OTG_HS_EP1_OUT_IRQHandler                0x080002af   Thumb Code     0  startup_stm32f407xx.o(.text)
    OTG_HS_IRQHandler                        0x080002af   Thumb Code     0  startup_stm32f407xx.o(.text)
    OTG_HS_WKUP_IRQHandler                   0x080002af   Thumb Code     0  startup_stm32f407xx.o(.text)
    PVD_IRQHandler                           0x080002af   Thumb Code     0  startup_stm32f407xx.o(.text)
    RCC_IRQHandler                           0x080002af   Thumb Code     0  startup_stm32f407xx.o(.text)
    RTC_Alarm_IRQHandler                     0x080002af   Thumb Code     0  startup_stm32f407xx.o(.text)
    RTC_WKUP_IRQHandler                      0x080002af   Thumb Code     0  startup_stm32f407xx.o(.text)
    SDIO_IRQHandler                          0x080002af   Thumb Code     0  startup_stm32f407xx.o(.text)
    SPI1_IRQHandler                          0x080002af   Thumb Code     0  startup_stm32f407xx.o(.text)
    SPI2_IRQHandler                          0x080002af   Thumb Code     0  startup_stm32f407xx.o(.text)
    SPI3_IRQHandler                          0x080002af   Thumb Code     0  startup_stm32f407xx.o(.text)
    TAMP_STAMP_IRQHandler                    0x080002af   Thumb Code     0  startup_stm32f407xx.o(.text)
    TIM2_IRQHandler                          0x080002af   Thumb Code     0  startup_stm32f407xx.o(.text)
    TIM3_IRQHandler                          0x080002af   Thumb Code     0  startup_stm32f407xx.o(.text)
    TIM4_IRQHandler                          0x080002af   Thumb Code     0  startup_stm32f407xx.o(.text)
    TIM5_IRQHandler                          0x080002af   Thumb Code     0  startup_stm32f407xx.o(.text)
    TIM6_DAC_IRQHandler                      0x080002af   Thumb Code     0  startup_stm32f407xx.o(.text)
    TIM7_IRQHandler                          0x080002af   Thumb Code     0  startup_stm32f407xx.o(.text)
    TIM8_BRK_TIM12_IRQHandler                0x080002af   Thumb Code     0  startup_stm32f407xx.o(.text)
    TIM8_CC_IRQHandler                       0x080002af   Thumb Code     0  startup_stm32f407xx.o(.text)
    TIM8_TRG_COM_TIM14_IRQHandler            0x080002af   Thumb Code     0  startup_stm32f407xx.o(.text)
    TIM8_UP_TIM13_IRQHandler                 0x080002af   Thumb Code     0  startup_stm32f407xx.o(.text)
    UART4_IRQHandler                         0x080002af   Thumb Code     0  startup_stm32f407xx.o(.text)
    UART5_IRQHandler                         0x080002af   Thumb Code     0  startup_stm32f407xx.o(.text)
    USART1_IRQHandler                        0x080002af   Thumb Code     0  startup_stm32f407xx.o(.text)
    USART2_IRQHandler                        0x080002af   Thumb Code     0  startup_stm32f407xx.o(.text)
    USART3_IRQHandler                        0x080002af   Thumb Code     0  startup_stm32f407xx.o(.text)
    WWDG_IRQHandler                          0x080002af   Thumb Code     0  startup_stm32f407xx.o(.text)
    __user_initial_stackheap                 0x080002b1   Thumb Code     0  startup_stm32f407xx.o(.text)
    __aeabi_uldivmod                         0x080002d5   Thumb Code     0  lludivv7m.o(.text)
    _ll_udiv                                 0x080002d5   Thumb Code   238  lludivv7m.o(.text)
    __2sprintf                               0x080003c5   Thumb Code    34  noretval__2sprintf.o(.text)
    _printf_pre_padding                      0x080003ed   Thumb Code    44  _printf_pad.o(.text)
    _printf_post_padding                     0x08000419   Thumb Code    34  _printf_pad.o(.text)
    _printf_int_dec                          0x0800043d   Thumb Code   104  _printf_dec.o(.text)
    __printf                                 0x080004b5   Thumb Code   270  __printf_wp.o(.text)
    atoi                                     0x080005c3   Thumb Code    26  atoi.o(.text)
    strcpy                                   0x080005dd   Thumb Code    72  strcpy.o(.text)
    strlen                                   0x08000625   Thumb Code    62  strlen.o(.text)
    strncmp                                  0x08000663   Thumb Code   150  strncmp.o(.text)
    strcat                                   0x080006f9   Thumb Code    24  strcat.o(.text)
    __aeabi_memclr4                          0x08000711   Thumb Code     0  rt_memclr_w.o(.text)
    __aeabi_memclr8                          0x08000711   Thumb Code     0  rt_memclr_w.o(.text)
    __rt_memclr_w                            0x08000711   Thumb Code    78  rt_memclr_w.o(.text)
    _memset_w                                0x08000715   Thumb Code     0  rt_memclr_w.o(.text)
    __use_two_region_memory                  0x0800075f   Thumb Code     2  heapauxi.o(.text)
    __rt_heap_escrow$2region                 0x08000761   Thumb Code     2  heapauxi.o(.text)
    __rt_heap_expand$2region                 0x08000763   Thumb Code     2  heapauxi.o(.text)
    __aeabi_errno_addr                       0x08000765   Thumb Code     8  rt_errno_addr_intlibspace.o(.text)
    __errno$intlibspace                      0x08000765   Thumb Code     0  rt_errno_addr_intlibspace.o(.text)
    __rt_errno_addr$intlibspace              0x08000765   Thumb Code     0  rt_errno_addr_intlibspace.o(.text)
    __read_errno                             0x0800076d   Thumb Code    10  _rserrno.o(.text)
    __set_errno                              0x08000777   Thumb Code    12  _rserrno.o(.text)
    _printf_int_common                       0x08000783   Thumb Code   178  _printf_intcommon.o(.text)
    __lib_sel_fp_printf                      0x08000835   Thumb Code     2  _printf_fp_dec.o(.text)
    _printf_fp_dec_real                      0x080009e7   Thumb Code   620  _printf_fp_dec.o(.text)
    _printf_char_common                      0x08000c5f   Thumb Code    32  _printf_char_common.o(.text)
    _sputc                                   0x08000c85   Thumb Code    10  _sputc.o(.text)
    strtol                                   0x08000c8f   Thumb Code   112  strtol.o(.text)
    __user_libspace                          0x08000d01   Thumb Code     8  libspace.o(.text)
    __user_perproc_libspace                  0x08000d01   Thumb Code     0  libspace.o(.text)
    __user_perthread_libspace                0x08000d01   Thumb Code     0  libspace.o(.text)
    __rt_ctype_table                         0x08000d09   Thumb Code    16  rt_ctype_table.o(.text)
    __rt_locale                              0x08000d19   Thumb Code     8  rt_locale_intlibspace.o(.text)
    _ll_udiv10                               0x08000d21   Thumb Code   138  lludiv10.o(.text)
    _printf_fp_infnan                        0x08000dad   Thumb Code   112  _printf_fp_infnan.o(.text)
    _strtoul                                 0x08000e2d   Thumb Code   158  _strtoul.o(.text)
    _btod_etento                             0x08000ecd   Thumb Code   224  bigflt0.o(.text)
    __user_setup_stackheap                   0x08000fb1   Thumb Code    74  sys_stackheap_outer.o(.text)
    _chval                                   0x08000ffb   Thumb Code    28  _chval.o(.text)
    exit                                     0x08001017   Thumb Code    18  exit.o(.text)
    strcmp                                   0x08001029   Thumb Code   128  strcmpv7m.o(.text)
    _sys_exit                                0x080010a9   Thumb Code     8  sys_exit.o(.text)
    __I$use$semihosting                      0x080010b5   Thumb Code     0  use_no_semi.o(.text)
    __use_no_semihosting_swi                 0x080010b5   Thumb Code     2  use_no_semi.o(.text)
    __semihosting_library_function           0x080010b7   Thumb Code     0  indicate_semi.o(.text)
    _btod_d2e                                0x080010b7   Thumb Code    62  btod.o(CL$$btod_d2e)
    _d2e_denorm_low                          0x080010f5   Thumb Code    70  btod.o(CL$$btod_d2e_denorm_low)
    _d2e_norm_op1                            0x0800113b   Thumb Code    96  btod.o(CL$$btod_d2e_norm_op1)
    __btod_div_common                        0x0800119b   Thumb Code   696  btod.o(CL$$btod_div_common)
    _e2e                                     0x080014d3   Thumb Code   220  btod.o(CL$$btod_e2e)
    _btod_ediv                               0x080015af   Thumb Code    42  btod.o(CL$$btod_ediv)
    _btod_emul                               0x080015d9   Thumb Code    42  btod.o(CL$$btod_emul)
    __btod_mult_common                       0x08001603   Thumb Code   580  btod.o(CL$$btod_mult_common)
    ADC_IRQHandler                           0x080018d5   Thumb Code     6  stm32f4xx_it.o(i.ADC_IRQHandler)
    BusFault_Handler                         0x08001a09   Thumb Code     2  stm32f4xx_it.o(i.BusFault_Handler)
    DMA2_Stream0_IRQHandler                  0x08001a0d   Thumb Code     6  stm32f4xx_it.o(i.DMA2_Stream0_IRQHandler)
    DMA2_Stream1_IRQHandler                  0x08001a19   Thumb Code     6  stm32f4xx_it.o(i.DMA2_Stream1_IRQHandler)
    DMA2_Stream6_IRQHandler                  0x08001a25   Thumb Code     6  stm32f4xx_it.o(i.DMA2_Stream6_IRQHandler)
    DebugMon_Handler                         0x08001ad5   Thumb Code     2  stm32f4xx_it.o(i.DebugMon_Handler)
    EXTI2_IRQHandler                         0x08001ad7   Thumb Code     6  stm32f4xx_it.o(i.EXTI2_IRQHandler)
    Error_Handler                            0x08001add   Thumb Code     4  main.o(i.Error_Handler)
    HAL_ADCEx_InjectedConvCpltCallback       0x08001ae1   Thumb Code     2  stm32f4xx_hal_adc_ex.o(i.HAL_ADCEx_InjectedConvCpltCallback)
    HAL_ADC_ConfigChannel                    0x08001ae5   Thumb Code   316  stm32f4xx_hal_adc.o(i.HAL_ADC_ConfigChannel)
    HAL_ADC_ConvCpltCallback                 0x08001c31   Thumb Code     2  stm32f4xx_hal_adc.o(i.HAL_ADC_ConvCpltCallback)
    HAL_ADC_ConvHalfCpltCallback             0x08001c33   Thumb Code     2  stm32f4xx_hal_adc.o(i.HAL_ADC_ConvHalfCpltCallback)
    HAL_ADC_ErrorCallback                    0x08001c35   Thumb Code     2  stm32f4xx_hal_adc.o(i.HAL_ADC_ErrorCallback)
    HAL_ADC_IRQHandler                       0x08001c37   Thumb Code   316  stm32f4xx_hal_adc.o(i.HAL_ADC_IRQHandler)
    HAL_ADC_Init                             0x08001d73   Thumb Code    84  stm32f4xx_hal_adc.o(i.HAL_ADC_Init)
    HAL_ADC_LevelOutOfWindowCallback         0x08001dc7   Thumb Code     2  stm32f4xx_hal_adc.o(i.HAL_ADC_LevelOutOfWindowCallback)
    HAL_ADC_MspInit                          0x08001dc9   Thumb Code   146  stm32f4xx_hal_msp.o(i.HAL_ADC_MspInit)
    HAL_ADC_Start_DMA                        0x08001e71   Thumb Code   302  stm32f4xx_hal_adc.o(i.HAL_ADC_Start_DMA)
    HAL_DMA_Abort                            0x08001fc5   Thumb Code   146  stm32f4xx_hal_dma.o(i.HAL_DMA_Abort)
    HAL_DMA_Abort_IT                         0x08002057   Thumb Code    36  stm32f4xx_hal_dma.o(i.HAL_DMA_Abort_IT)
    HAL_DMA_IRQHandler                       0x0800207d   Thumb Code   412  stm32f4xx_hal_dma.o(i.HAL_DMA_IRQHandler)
    HAL_DMA_Init                             0x0800221d   Thumb Code   206  stm32f4xx_hal_dma.o(i.HAL_DMA_Init)
    HAL_DMA_Start_IT                         0x080022f1   Thumb Code   110  stm32f4xx_hal_dma.o(i.HAL_DMA_Start_IT)
    HAL_Delay                                0x08002361   Thumb Code    32  stm32f4xx_hal.o(i.HAL_Delay)
    HAL_GPIO_EXTI_Callback                   0x08002385   Thumb Code    34  main.o(i.HAL_GPIO_EXTI_Callback)
    HAL_GPIO_EXTI_IRQHandler                 0x080023b1   Thumb Code    18  stm32f4xx_hal_gpio.o(i.HAL_GPIO_EXTI_IRQHandler)
    HAL_GPIO_Init                            0x080023c9   Thumb Code   450  stm32f4xx_hal_gpio.o(i.HAL_GPIO_Init)
    HAL_GPIO_ReadPin                         0x080025b9   Thumb Code    10  stm32f4xx_hal_gpio.o(i.HAL_GPIO_ReadPin)
    HAL_GPIO_TogglePin                       0x080025c3   Thumb Code    16  stm32f4xx_hal_gpio.o(i.HAL_GPIO_TogglePin)
    HAL_GPIO_WritePin                        0x080025d3   Thumb Code    10  stm32f4xx_hal_gpio.o(i.HAL_GPIO_WritePin)
    HAL_GetTick                              0x080025dd   Thumb Code     6  stm32f4xx_hal.o(i.HAL_GetTick)
    HAL_IncTick                              0x080025e9   Thumb Code    12  stm32f4xx_hal.o(i.HAL_IncTick)
    HAL_Init                                 0x080025f9   Thumb Code    48  stm32f4xx_hal.o(i.HAL_Init)
    HAL_InitTick                             0x0800262d   Thumb Code    54  stm32f4xx_hal.o(i.HAL_InitTick)
    HAL_MspInit                              0x0800266d   Thumb Code    42  stm32f4xx_hal_msp.o(i.HAL_MspInit)
    HAL_NVIC_EnableIRQ                       0x0800269d   Thumb Code    26  stm32f4xx_hal_cortex.o(i.HAL_NVIC_EnableIRQ)
    HAL_NVIC_SetPriority                     0x080026b9   Thumb Code    60  stm32f4xx_hal_cortex.o(i.HAL_NVIC_SetPriority)
    HAL_NVIC_SetPriorityGrouping             0x080026f9   Thumb Code    26  stm32f4xx_hal_cortex.o(i.HAL_NVIC_SetPriorityGrouping)
    HAL_RCC_ClockConfig                      0x0800271d   Thumb Code   288  stm32f4xx_hal_rcc.o(i.HAL_RCC_ClockConfig)
    HAL_RCC_GetPCLK1Freq                     0x08002851   Thumb Code    20  stm32f4xx_hal_rcc.o(i.HAL_RCC_GetPCLK1Freq)
    HAL_RCC_GetPCLK2Freq                     0x08002871   Thumb Code    20  stm32f4xx_hal_rcc.o(i.HAL_RCC_GetPCLK2Freq)
    HAL_RCC_GetSysClockFreq                  0x08002891   Thumb Code    88  stm32f4xx_hal_rcc.o(i.HAL_RCC_GetSysClockFreq)
    HAL_RCC_OscConfig                        0x080028f5   Thumb Code   856  stm32f4xx_hal_rcc.o(i.HAL_RCC_OscConfig)
    HAL_SYSTICK_Config                       0x08002c61   Thumb Code    40  stm32f4xx_hal_cortex.o(i.HAL_SYSTICK_Config)
    HAL_TIMEx_BreakCallback                  0x08002c89   Thumb Code     2  stm32f4xx_hal_tim_ex.o(i.HAL_TIMEx_BreakCallback)
    HAL_TIMEx_CommutCallback                 0x08002c8b   Thumb Code     2  stm32f4xx_hal_tim_ex.o(i.HAL_TIMEx_CommutCallback)
    HAL_TIMEx_MasterConfigSynchronization    0x08002c8d   Thumb Code   116  stm32f4xx_hal_tim_ex.o(i.HAL_TIMEx_MasterConfigSynchronization)
    HAL_TIM_Base_Init                        0x08002d1d   Thumb Code    90  stm32f4xx_hal_tim.o(i.HAL_TIM_Base_Init)
    HAL_TIM_Base_MspInit                     0x08002d79   Thumb Code    98  stm32f4xx_hal_msp.o(i.HAL_TIM_Base_MspInit)
    HAL_TIM_Base_Start_IT                    0x08002de5   Thumb Code   100  stm32f4xx_hal_tim.o(i.HAL_TIM_Base_Start_IT)
    HAL_TIM_ConfigClockSource                0x08002e65   Thumb Code   220  stm32f4xx_hal_tim.o(i.HAL_TIM_ConfigClockSource)
    HAL_TIM_IC_CaptureCallback               0x08002f41   Thumb Code     2  stm32f4xx_hal_tim.o(i.HAL_TIM_IC_CaptureCallback)
    HAL_TIM_IRQHandler                       0x08002f43   Thumb Code   358  stm32f4xx_hal_tim.o(i.HAL_TIM_IRQHandler)
    HAL_TIM_OC_DelayElapsedCallback          0x080030a9   Thumb Code     2  stm32f4xx_hal_tim.o(i.HAL_TIM_OC_DelayElapsedCallback)
    HAL_TIM_PWM_PulseFinishedCallback        0x080030ab   Thumb Code     2  stm32f4xx_hal_tim.o(i.HAL_TIM_PWM_PulseFinishedCallback)
    HAL_TIM_PeriodElapsedCallback            0x080030ad   Thumb Code   668  main.o(i.HAL_TIM_PeriodElapsedCallback)
    HAL_TIM_TriggerCallback                  0x080033a1   Thumb Code     2  stm32f4xx_hal_tim.o(i.HAL_TIM_TriggerCallback)
    HAL_UARTEx_RxEventCallback               0x080033a3   Thumb Code     2  stm32f4xx_hal_uart.o(i.HAL_UARTEx_RxEventCallback)
    HAL_UART_ErrorCallback                   0x080033a5   Thumb Code     2  stm32f4xx_hal_uart.o(i.HAL_UART_ErrorCallback)
    HAL_UART_IRQHandler                      0x080033a9   Thumb Code   610  stm32f4xx_hal_uart.o(i.HAL_UART_IRQHandler)
    HAL_UART_Init                            0x08003611   Thumb Code    98  stm32f4xx_hal_uart.o(i.HAL_UART_Init)
    HAL_UART_MspInit                         0x08003675   Thumb Code   206  stm32f4xx_hal_msp.o(i.HAL_UART_MspInit)
    HAL_UART_Receive_IT                      0x0800375d   Thumb Code    42  stm32f4xx_hal_uart.o(i.HAL_UART_Receive_IT)
    HAL_UART_RxCpltCallback                  0x08003789   Thumb Code   142  main.o(i.HAL_UART_RxCpltCallback)
    HAL_UART_Transmit_IT                     0x0800383d   Thumb Code    62  stm32f4xx_hal_uart.o(i.HAL_UART_Transmit_IT)
    HAL_UART_TxCpltCallback                  0x0800387b   Thumb Code     2  stm32f4xx_hal_uart.o(i.HAL_UART_TxCpltCallback)
    HardFault_Handler                        0x0800387d   Thumb Code     2  stm32f4xx_it.o(i.HardFault_Handler)
    MemManage_Handler                        0x08003a79   Thumb Code     2  stm32f4xx_it.o(i.MemManage_Handler)
    NMI_Handler                              0x08003a7b   Thumb Code     2  stm32f4xx_it.o(i.NMI_Handler)
    PendSV_Handler                           0x08003a7d   Thumb Code     2  stm32f4xx_it.o(i.PendSV_Handler)
    SVC_Handler                              0x08003a7f   Thumb Code     2  stm32f4xx_it.o(i.SVC_Handler)
    SysTick_Handler                          0x08003a81   Thumb Code     4  stm32f4xx_it.o(i.SysTick_Handler)
    SystemClock_Config                       0x08003a85   Thumb Code   136  main.o(i.SystemClock_Config)
    SystemInit                               0x08003b15   Thumb Code    12  system_stm32f4xx.o(i.SystemInit)
    TIM1_BRK_TIM9_IRQHandler                 0x08003b25   Thumb Code     6  stm32f4xx_it.o(i.TIM1_BRK_TIM9_IRQHandler)
    TIM1_CC_IRQHandler                       0x08003b31   Thumb Code     6  stm32f4xx_it.o(i.TIM1_CC_IRQHandler)
    TIM1_TRG_COM_TIM11_IRQHandler            0x08003b3d   Thumb Code     6  stm32f4xx_it.o(i.TIM1_TRG_COM_TIM11_IRQHandler)
    TIM1_UP_TIM10_IRQHandler                 0x08003b49   Thumb Code     6  stm32f4xx_it.o(i.TIM1_UP_TIM10_IRQHandler)
    TIM_Base_SetConfig                       0x08003b55   Thumb Code   156  stm32f4xx_hal_tim.o(i.TIM_Base_SetConfig)
    TIM_ETR_SetConfig                        0x08003c1d   Thumb Code    20  stm32f4xx_hal_tim.o(i.TIM_ETR_SetConfig)
    UART_Start_Receive_IT                    0x08003eb1   Thumb Code    54  stm32f4xx_hal_uart.o(i.UART_Start_Receive_IT)
    USART6_IRQHandler                        0x08003ee9   Thumb Code     6  stm32f4xx_it.o(i.USART6_IRQHandler)
    UsageFault_Handler                       0x08003ef5   Thumb Code     2  stm32f4xx_it.o(i.UsageFault_Handler)
    __ARM_fpclassify                         0x08003ef7   Thumb Code    48  fpclassify.o(i.__ARM_fpclassify)
    __hardfp_floor                           0x08003f49   Thumb Code   252  floor.o(i.__hardfp_floor)
    __hardfp_pow                             0x08004061   Thumb Code  3072  pow.o(i.__hardfp_pow)
    __hardfp_sqrt                            0x08004cb1   Thumb Code   122  sqrt.o(i.__hardfp_sqrt)
    __kernel_poly                            0x08004d2b   Thumb Code   248  poly.o(i.__kernel_poly)
    __mathlib_dbl_divzero                    0x08004e29   Thumb Code    28  dunder.o(i.__mathlib_dbl_divzero)
    __mathlib_dbl_infnan2                    0x08004e59   Thumb Code    20  dunder.o(i.__mathlib_dbl_infnan2)
    __mathlib_dbl_invalid                    0x08004e71   Thumb Code    24  dunder.o(i.__mathlib_dbl_invalid)
    __mathlib_dbl_overflow                   0x08004e91   Thumb Code    24  dunder.o(i.__mathlib_dbl_overflow)
    __mathlib_dbl_underflow                  0x08004eb1   Thumb Code    24  dunder.o(i.__mathlib_dbl_underflow)
    _is_digit                                0x08004ed1   Thumb Code    14  __printf_wp.o(i._is_digit)
    calculateSD                              0x08004ee1   Thumb Code   164  main.o(i.calculateSD)
    fabs                                     0x08004f91   Thumb Code    24  fabs.o(i.fabs)
    ftoa                                     0x08004fa9   Thumb Code   130  main.o(i.ftoa)
    intToStr                                 0x08005035   Thumb Code    62  main.o(i.intToStr)
    lcd_cmd                                  0x08005073   Thumb Code    28  lcd_character.o(i.lcd_cmd)
    lcd_data                                 0x0800508f   Thumb Code    28  lcd_character.o(i.lcd_data)
    lcd_en_clk                               0x080050ad   Thumb Code    34  lcd_character.o(i.lcd_en_clk)
    lcd_gotoxy                               0x080050d5   Thumb Code    56  lcd_character.o(i.lcd_gotoxy)
    lcd_init                                 0x08005111   Thumb Code   160  lcd_character.o(i.lcd_init)
    lcd_ins                                  0x080051b5   Thumb Code    38  lcd_character.o(i.lcd_ins)
    lcd_ins2                                 0x080051e1   Thumb Code    38  lcd_character.o(i.lcd_ins2)
    lcd_puts                                 0x0800520d   Thumb Code    20  lcd_character.o(i.lcd_puts)
    lcd_reset                                0x08005221   Thumb Code   102  lcd_character.o(i.lcd_reset)
    main                                     0x0800528d   Thumb Code  1572  main.o(i.main)
    reverse                                  0x080058d5   Thumb Code    26  main.o(i.reverse)
    sqrt                                     0x080058ef   Thumb Code   110  sqrt.o(i.sqrt)
    wait_lcd                                 0x0800595d   Thumb Code    14  lcd_character.o(i.wait_lcd)
    _get_lc_numeric                          0x0800596d   Thumb Code    44  lc_numeric_c.o(locale$$code)
    _get_lc_ctype                            0x08005999   Thumb Code    44  lc_ctype_c.o(locale$$code)
    __aeabi_dneg                             0x080059c5   Thumb Code     0  basic.o(x$fpl$basic)
    _dneg                                    0x080059c5   Thumb Code     6  basic.o(x$fpl$basic)
    __aeabi_fneg                             0x080059cb   Thumb Code     0  basic.o(x$fpl$basic)
    _fneg                                    0x080059cb   Thumb Code     6  basic.o(x$fpl$basic)
    _dabs                                    0x080059d1   Thumb Code     6  basic.o(x$fpl$basic)
    _fabs                                    0x080059d7   Thumb Code     6  basic.o(x$fpl$basic)
    __aeabi_d2f                              0x080059dd   Thumb Code     0  d2f.o(x$fpl$d2f)
    _d2f                                     0x080059dd   Thumb Code    98  d2f.o(x$fpl$d2f)
    __aeabi_dadd                             0x08005a41   Thumb Code     0  daddsub_clz.o(x$fpl$dadd)
    _dadd                                    0x08005a41   Thumb Code   332  daddsub_clz.o(x$fpl$dadd)
    __fpl_dcheck_NaN1                        0x08005b91   Thumb Code    10  dcheck1.o(x$fpl$dcheck1)
    __fpl_dcmp_Inf                           0x08005ba1   Thumb Code    24  dcmpi.o(x$fpl$dcmpinf)
    __aeabi_ddiv                             0x08005bb9   Thumb Code     0  ddiv.o(x$fpl$ddiv)
    _ddiv                                    0x08005bb9   Thumb Code   552  ddiv.o(x$fpl$ddiv)
    __aeabi_d2iz                             0x08005e69   Thumb Code     0  dfix.o(x$fpl$dfix)
    _dfix                                    0x08005e69   Thumb Code    94  dfix.o(x$fpl$dfix)
    __aeabi_i2d                              0x08005ec7   Thumb Code     0  dflt_clz.o(x$fpl$dflt)
    _dflt                                    0x08005ec7   Thumb Code    46  dflt_clz.o(x$fpl$dflt)
    __aeabi_ui2d                             0x08005ef5   Thumb Code     0  dflt_clz.o(x$fpl$dfltu)
    _dfltu                                   0x08005ef5   Thumb Code    38  dflt_clz.o(x$fpl$dfltu)
    __aeabi_cdcmple                          0x08005f1d   Thumb Code     0  dleqf.o(x$fpl$dleqf)
    _dcmple                                  0x08005f1d   Thumb Code   120  dleqf.o(x$fpl$dleqf)
    __fpl_dcmple_InfNaN                      0x08005f7f   Thumb Code     0  dleqf.o(x$fpl$dleqf)
    __aeabi_dmul                             0x08005f95   Thumb Code     0  dmul.o(x$fpl$dmul)
    _dmul                                    0x08005f95   Thumb Code   332  dmul.o(x$fpl$dmul)
    __fpl_dnaninf                            0x080060e9   Thumb Code   156  dnaninf.o(x$fpl$dnaninf)
    __fpl_dretinf                            0x08006185   Thumb Code    12  dretinf.o(x$fpl$dretinf)
    __aeabi_cdrcmple                         0x08006191   Thumb Code     0  drleqf.o(x$fpl$drleqf)
    _drcmple                                 0x08006191   Thumb Code   108  drleqf.o(x$fpl$drleqf)
    __aeabi_drsub                            0x080061fd   Thumb Code     0  daddsub_clz.o(x$fpl$drsb)
    _drsb                                    0x080061fd   Thumb Code    22  daddsub_clz.o(x$fpl$drsb)
    _dsqrt                                   0x08006215   Thumb Code   404  dsqrt_umaal.o(x$fpl$dsqrt)
    __aeabi_dsub                             0x080063ad   Thumb Code     0  daddsub_clz.o(x$fpl$dsub)
    _dsub                                    0x080063ad   Thumb Code   464  daddsub_clz.o(x$fpl$dsub)
    __aeabi_f2d                              0x08006581   Thumb Code     0  f2d.o(x$fpl$f2d)
    _f2d                                     0x08006581   Thumb Code    86  f2d.o(x$fpl$f2d)
    __fpl_fnaninf                            0x080065d7   Thumb Code   140  fnaninf.o(x$fpl$fnaninf)
    _fp_init                                 0x08006663   Thumb Code    10  fpinit.o(x$fpl$fpinit)
    __fplib_config_fpu_vfp                   0x0800666b   Thumb Code     0  fpinit.o(x$fpl$fpinit)
    __fplib_config_pureend_doubles           0x0800666b   Thumb Code     0  fpinit.o(x$fpl$fpinit)
    __fpl_fretinf                            0x0800666d   Thumb Code    10  fretinf.o(x$fpl$fretinf)
    _printf_fp_dec                           0x08006677   Thumb Code     4  printf1.o(x$fpl$printf1)
    __fpl_return_NaN                         0x0800667b   Thumb Code   100  retnan.o(x$fpl$retnan)
    __ARM_scalbn                             0x080066df   Thumb Code    92  scalbn.o(x$fpl$scalbn)
    __fpl_cmpreturn                          0x0800673b   Thumb Code    48  trapv.o(x$fpl$trapveneer)
    __I$use$fp                               0x0800676a   Number         0  usenofp.o(x$fpl$usenofp)
    AHBPrescTable                            0x08006772   Data          16  system_stm32f4xx.o(.constdata)
    APBPrescTable                            0x08006782   Data           8  system_stm32f4xx.o(.constdata)
    __mathlib_zero                           0x08006818   Data           8  qnan.o(.constdata)
    Region$$Table$$Base                      0x080068b4   Number         0  anon$$obj.o(Region$$Table)
    Region$$Table$$Limit                     0x080068d4   Number         0  anon$$obj.o(Region$$Table)
    __ctype                                  0x080068fd   Data           0  lc_ctype_c.o(locale$$data)
    RX_Data                                  0x20000000   Data           2  main.o(.data)
    previousMillis                           0x20000004   Data           4  main.o(.data)
    currentMillis                            0x20000008   Data           4  main.o(.data)
    temp_read_Delay                          0x2000000c   Data           4  main.o(.data)
    real_temperature                         0x20000010   Data           4  main.o(.data)
    PID_error                                0x20000014   Data           4  main.o(.data)
    previous_error                           0x20000018   Data           4  main.o(.data)
    PID_value                                0x2000001c   Data           4  main.o(.data)
    kp                                       0x20000020   Data           4  main.o(.data)
    ki                                       0x20000024   Data           4  main.o(.data)
    kd                                       0x20000028   Data           4  main.o(.data)
    PID_p                                    0x2000002c   Data           4  main.o(.data)
    PID_i                                    0x20000030   Data           4  main.o(.data)
    PID_d                                    0x20000034   Data           4  main.o(.data)
    millis_value                             0x20000038   Data           4  main.o(.data)
    v                                        0x2000003c   Data           4  main.o(.data)
    errors                                   0x20000040   Data           4  main.o(.data)
    k                                        0x20000044   Data           4  main.o(.data)
    alert                                    0x20000048   Data           4  main.o(.data)
    flag_ds                                  0x2000004c   Data           4  main.o(.data)
    ds                                       0x20000050   Data           4  main.o(.data)
    count_sd                                 0x20000054   Data           4  main.o(.data)
    sudut                                    0x20000058   Data           4  main.o(.data)
    flag_error                               0x2000005c   Data           4  main.o(.data)
    millis                                   0x20000060   Data           4  main.o(.data)
    millis_serial                            0x20000064   Data           4  main.o(.data)
    count                                    0x20000068   Data           4  main.o(.data)
    relay_state                              0x2000006c   Data           4  main.o(.data)
    set_point                                0x20000070   Data           4  main.o(.data)
    flag_konv                                0x20000074   Data           4  main.o(.data)
    count2                                   0x20000078   Data           4  main.o(.data)
    counter                                  0x2000007c   Data           4  main.o(.data)
    derror                                   0x20000080   Data           4  main.o(.data)
    out1mf1                                  0x20000084   Data           4  main.o(.data)
    out1mf2                                  0x20000088   Data           4  main.o(.data)
    out1mf3                                  0x2000008c   Data           4  main.o(.data)
    out1mf4                                  0x20000090   Data           4  main.o(.data)
    out1mf5                                  0x20000094   Data           4  main.o(.data)
    out1mf6                                  0x20000098   Data           4  main.o(.data)
    out1mf7                                  0x2000009c   Data           4  main.o(.data)
    out1mf8                                  0x200000a0   Data           4  main.o(.data)
    out1mf9                                  0x200000a4   Data           4  main.o(.data)
    out1mf10                                 0x200000a8   Data           4  main.o(.data)
    out1mf11                                 0x200000ac   Data           4  main.o(.data)
    out1mf12                                 0x200000b0   Data           4  main.o(.data)
    out1mf13                                 0x200000b4   Data           4  main.o(.data)
    out1mf14                                 0x200000b8   Data           4  main.o(.data)
    out1mf15                                 0x200000bc   Data           4  main.o(.data)
    out1mf16                                 0x200000c0   Data           4  main.o(.data)
    out1mf17                                 0x200000c4   Data           4  main.o(.data)
    out1mf18                                 0x200000c8   Data           4  main.o(.data)
    out1mf19                                 0x200000cc   Data           4  main.o(.data)
    out1mf20                                 0x200000d0   Data           4  main.o(.data)
    out1mf21                                 0x200000d4   Data           4  main.o(.data)
    out1mf22                                 0x200000d8   Data           4  main.o(.data)
    out1mf23                                 0x200000dc   Data           4  main.o(.data)
    out1mf24                                 0x200000e0   Data           4  main.o(.data)
    out1mf25                                 0x200000e4   Data           4  main.o(.data)
    out1mf26                                 0x200000e8   Data           4  main.o(.data)
    out1mf27                                 0x200000ec   Data           4  main.o(.data)
    out1mf28                                 0x200000f0   Data           4  main.o(.data)
    out1mf29                                 0x200000f4   Data           4  main.o(.data)
    out1mf30                                 0x200000f8   Data           4  main.o(.data)
    out1mf31                                 0x200000fc   Data           4  main.o(.data)
    out1mf32                                 0x20000100   Data           4  main.o(.data)
    out1mf33                                 0x20000104   Data           4  main.o(.data)
    out1mf34                                 0x20000108   Data           4  main.o(.data)
    out1mf35                                 0x2000010c   Data           4  main.o(.data)
    out1mf36                                 0x20000110   Data           4  main.o(.data)
    out1mf37                                 0x20000114   Data           4  main.o(.data)
    out1mf38                                 0x20000118   Data           4  main.o(.data)
    out1mf39                                 0x2000011c   Data           4  main.o(.data)
    out1mf40                                 0x20000120   Data           4  main.o(.data)
    out1mf41                                 0x20000124   Data           4  main.o(.data)
    out1mf42                                 0x20000128   Data           4  main.o(.data)
    out1mf43                                 0x2000012c   Data           4  main.o(.data)
    out1mf44                                 0x20000130   Data           4  main.o(.data)
    out1mf45                                 0x20000134   Data           4  main.o(.data)
    out1mf46                                 0x20000138   Data           4  main.o(.data)
    out1mf47                                 0x2000013c   Data           4  main.o(.data)
    out1mf48                                 0x20000140   Data           4  main.o(.data)
    out1mf49                                 0x20000144   Data           4  main.o(.data)
    Nilai_ADC                                0x20000148   Data           4  main.o(.data)
    elapsedTime                              0x2000014c   Data           4  main.o(.data)
    Time                                     0x20000150   Data           4  main.o(.data)
    timePrev                                 0x20000154   Data           4  main.o(.data)
    error                                    0x20000158   Data           4  main.o(.data)
    error2                                   0x2000015c   Data           4  main.o(.data)
    A                                        0x20000160   Data           4  main.o(.data)
    B                                        0x20000164   Data           4  main.o(.data)
    Vrms                                     0x20000168   Data           8  main.o(.data)
    ADCVrms                                  0x20000170   Data           8  main.o(.data)
    Vsum                                     0x20000178   Data           8  main.o(.data)
    Vadc                                     0x20000180   Data           8  main.o(.data)
    Vrms2                                    0x20000188   Data           8  main.o(.data)
    ADCVrms2                                 0x20000190   Data           8  main.o(.data)
    Vsum2                                    0x20000198   Data           8  main.o(.data)
    Vadc2                                    0x200001a0   Data           8  main.o(.data)
    p                                        0x200001a8   Data           8  main.o(.data)
    TX_Data                                  0x200001b0   Data          99  main.o(.data)
    header                                   0x20000213   Data          15  main.o(.data)
    csuhu                                    0x20000222   Data          15  main.o(.data)
    ctegangan                                0x20000231   Data          15  main.o(.data)
    csudut                                   0x20000240   Data          15  main.o(.data)
    cerror                                   0x2000024f   Data          99  main.o(.data)
    cderror                                  0x200002b2   Data          99  main.o(.data)
    cout_fis                                 0x20000315   Data          99  main.o(.data)
    koma                                     0x20000378   Data          15  main.o(.data)
    b                                        0x20000387   Data          15  main.o(.data)
    in1mf1                                   0x20000398   Data          12  main.o(.data)
    in1mf2                                   0x200003a4   Data          12  main.o(.data)
    in1mf3                                   0x200003b0   Data          12  main.o(.data)
    in1mf4                                   0x200003bc   Data          12  main.o(.data)
    in1mf5                                   0x200003c8   Data          12  main.o(.data)
    in1mf6                                   0x200003d4   Data          12  main.o(.data)
    in1mf7                                   0x200003e0   Data          12  main.o(.data)
    in2mf1                                   0x200003ec   Data          12  main.o(.data)
    in2mf2                                   0x200003f8   Data          12  main.o(.data)
    in2mf3                                   0x20000404   Data          12  main.o(.data)
    in2mf4                                   0x20000410   Data          12  main.o(.data)
    in2mf5                                   0x2000041c   Data          12  main.o(.data)
    in2mf6                                   0x20000428   Data          12  main.o(.data)
    in2mf7                                   0x20000434   Data          12  main.o(.data)
    uwTickFreq                               0x20000440   Data           1  stm32f4xx_hal.o(.data)
    uwTickPrio                               0x20000444   Data           4  stm32f4xx_hal.o(.data)
    uwTick                                   0x20000448   Data           4  stm32f4xx_hal.o(.data)
    SystemCoreClock                          0x2000044c   Data           4  system_stm32f4xx.o(.data)
    Vsq                                      0x20000450   Data        8000  main.o(.bss)
    Vsq2                                     0x20002390   Data        8000  main.o(.bss)
    data                                     0x200042d0   Data          44  main.o(.bss)
    temp_data                                0x200042fc   Data          44  main.o(.bss)
    buff                                     0x20004328   Data          15  main.o(.bss)
    buff2                                    0x20004337   Data          15  main.o(.bss)
    minr                                     0x20004348   Data         200  main.o(.bss)
    Rule                                     0x20004410   Data         200  main.o(.bss)
    hadc1                                    0x200044d8   Data          72  main.o(.bss)
    htim1                                    0x20004520   Data          72  main.o(.bss)
    huart6                                   0x20004568   Data          68  main.o(.bss)
    hdma_adc1                                0x200045ac   Data          96  main.o(.bss)
    hdma_usart6_rx                           0x2000460c   Data          96  main.o(.bss)
    hdma_usart6_tx                           0x2000466c   Data          96  main.o(.bss)
    __libspace_start                         0x200046cc   Data          96  libspace.o(.bss)
    __temporary_stack_top$libspace           0x2000472c   Data           0  libspace.o(.bss)



==============================================================================

Memory Map of the image

  Image Entry point : 0x08000189

  Load Region LR_IROM1 (Base: 0x08000000, Size: 0x00006e50, Max: 0x00100000, ABSOLUTE, COMPRESSED[0x00006ba8])

    Execution Region ER_IROM1 (Exec base: 0x08000000, Load base: 0x08000000, Size: 0x00006a00, Max: 0x00100000, ABSOLUTE)

    Exec Addr    Load Addr    Size         Type   Attr      Idx    E Section Name        Object

    0x08000000   0x08000000   0x00000188   Data   RO            3    RESET               startup_stm32f407xx.o
    0x08000188   0x08000188   0x00000008   Code   RO         3570  * !!!main             c_w.l(__main.o)
    0x08000190   0x08000190   0x00000034   Code   RO         3921    !!!scatter          c_w.l(__scatter.o)
    0x080001c4   0x080001c4   0x0000005a   Code   RO         3919    !!dczerorl2         c_w.l(__dczerorl2.o)
    0x0800021e   0x0800021e   0x00000002   PAD
    0x08000220   0x08000220   0x0000001c   Code   RO         3923    !!handler_zi        c_w.l(__scatter_zi.o)
    0x0800023c   0x0800023c   0x00000000   Code   RO         3555    .ARM.Collect$$_printf_percent$$00000000  c_w.l(_printf_percent.o)
    0x0800023c   0x0800023c   0x00000006   Code   RO         3554    .ARM.Collect$$_printf_percent$$00000003  c_w.l(_printf_f.o)
    0x08000242   0x08000242   0x00000006   Code   RO         3553    .ARM.Collect$$_printf_percent$$00000009  c_w.l(_printf_d.o)
    0x08000248   0x08000248   0x00000004   Code   RO         3652    .ARM.Collect$$_printf_percent$$00000017  c_w.l(_printf_percent_end.o)
    0x0800024c   0x0800024c   0x00000002   Code   RO         3788    .ARM.Collect$$libinit$$00000000  c_w.l(libinit.o)
    0x0800024e   0x0800024e   0x00000004   Code   RO         3789    .ARM.Collect$$libinit$$00000001  c_w.l(libinit2.o)
    0x08000252   0x08000252   0x00000000   Code   RO         3792    .ARM.Collect$$libinit$$00000004  c_w.l(libinit2.o)
    0x08000252   0x08000252   0x00000000   Code   RO         3795    .ARM.Collect$$libinit$$0000000A  c_w.l(libinit2.o)
    0x08000252   0x08000252   0x00000000   Code   RO         3797    .ARM.Collect$$libinit$$0000000C  c_w.l(libinit2.o)
    0x08000252   0x08000252   0x00000000   Code   RO         3799    .ARM.Collect$$libinit$$0000000E  c_w.l(libinit2.o)
    0x08000252   0x08000252   0x00000006   Code   RO         3800    .ARM.Collect$$libinit$$0000000F  c_w.l(libinit2.o)
    0x08000258   0x08000258   0x00000000   Code   RO         3802    .ARM.Collect$$libinit$$00000011  c_w.l(libinit2.o)
    0x08000258   0x08000258   0x0000000c   Code   RO         3803    .ARM.Collect$$libinit$$00000012  c_w.l(libinit2.o)
    0x08000264   0x08000264   0x00000000   Code   RO         3804    .ARM.Collect$$libinit$$00000013  c_w.l(libinit2.o)
    0x08000264   0x08000264   0x00000000   Code   RO         3806    .ARM.Collect$$libinit$$00000015  c_w.l(libinit2.o)
    0x08000264   0x08000264   0x0000000a   Code   RO         3807    .ARM.Collect$$libinit$$00000016  c_w.l(libinit2.o)
    0x0800026e   0x0800026e   0x00000000   Code   RO         3808    .ARM.Collect$$libinit$$00000017  c_w.l(libinit2.o)
    0x0800026e   0x0800026e   0x00000000   Code   RO         3810    .ARM.Collect$$libinit$$00000019  c_w.l(libinit2.o)
    0x0800026e   0x0800026e   0x00000000   Code   RO         3812    .ARM.Collect$$libinit$$0000001B  c_w.l(libinit2.o)
    0x0800026e   0x0800026e   0x00000000   Code   RO         3814    .ARM.Collect$$libinit$$0000001D  c_w.l(libinit2.o)
    0x0800026e   0x0800026e   0x00000000   Code   RO         3816    .ARM.Collect$$libinit$$0000001F  c_w.l(libinit2.o)
    0x0800026e   0x0800026e   0x00000000   Code   RO         3818    .ARM.Collect$$libinit$$00000021  c_w.l(libinit2.o)
    0x0800026e   0x0800026e   0x00000000   Code   RO         3820    .ARM.Collect$$libinit$$00000023  c_w.l(libinit2.o)
    0x0800026e   0x0800026e   0x00000000   Code   RO         3822    .ARM.Collect$$libinit$$00000025  c_w.l(libinit2.o)
    0x0800026e   0x0800026e   0x00000000   Code   RO         3826    .ARM.Collect$$libinit$$0000002C  c_w.l(libinit2.o)
    0x0800026e   0x0800026e   0x00000000   Code   RO         3828    .ARM.Collect$$libinit$$0000002E  c_w.l(libinit2.o)
    0x0800026e   0x0800026e   0x00000000   Code   RO         3830    .ARM.Collect$$libinit$$00000030  c_w.l(libinit2.o)
    0x0800026e   0x0800026e   0x00000000   Code   RO         3832    .ARM.Collect$$libinit$$00000032  c_w.l(libinit2.o)
    0x0800026e   0x0800026e   0x00000002   Code   RO         3833    .ARM.Collect$$libinit$$00000033  c_w.l(libinit2.o)
    0x08000270   0x08000270   0x00000002   Code   RO         3884    .ARM.Collect$$libshutdown$$00000000  c_w.l(libshutdown.o)
    0x08000272   0x08000272   0x00000000   Code   RO         3902    .ARM.Collect$$libshutdown$$00000002  c_w.l(libshutdown2.o)
    0x08000272   0x08000272   0x00000000   Code   RO         3904    .ARM.Collect$$libshutdown$$00000004  c_w.l(libshutdown2.o)
    0x08000272   0x08000272   0x00000000   Code   RO         3907    .ARM.Collect$$libshutdown$$00000007  c_w.l(libshutdown2.o)
    0x08000272   0x08000272   0x00000000   Code   RO         3910    .ARM.Collect$$libshutdown$$0000000A  c_w.l(libshutdown2.o)
    0x08000272   0x08000272   0x00000000   Code   RO         3912    .ARM.Collect$$libshutdown$$0000000C  c_w.l(libshutdown2.o)
    0x08000272   0x08000272   0x00000000   Code   RO         3915    .ARM.Collect$$libshutdown$$0000000F  c_w.l(libshutdown2.o)
    0x08000272   0x08000272   0x00000002   Code   RO         3916    .ARM.Collect$$libshutdown$$00000010  c_w.l(libshutdown2.o)
    0x08000274   0x08000274   0x00000000   Code   RO         3632    .ARM.Collect$$rtentry$$00000000  c_w.l(__rtentry.o)
    0x08000274   0x08000274   0x00000000   Code   RO         3703    .ARM.Collect$$rtentry$$00000002  c_w.l(__rtentry2.o)
    0x08000274   0x08000274   0x00000006   Code   RO         3715    .ARM.Collect$$rtentry$$00000004  c_w.l(__rtentry4.o)
    0x0800027a   0x0800027a   0x00000000   Code   RO         3705    .ARM.Collect$$rtentry$$00000009  c_w.l(__rtentry2.o)
    0x0800027a   0x0800027a   0x00000004   Code   RO         3706    .ARM.Collect$$rtentry$$0000000A  c_w.l(__rtentry2.o)
    0x0800027e   0x0800027e   0x00000000   Code   RO         3708    .ARM.Collect$$rtentry$$0000000C  c_w.l(__rtentry2.o)
    0x0800027e   0x0800027e   0x00000008   Code   RO         3709    .ARM.Collect$$rtentry$$0000000D  c_w.l(__rtentry2.o)
    0x08000286   0x08000286   0x00000002   Code   RO         3836    .ARM.Collect$$rtexit$$00000000  c_w.l(rtexit.o)
    0x08000288   0x08000288   0x00000000   Code   RO         3853    .ARM.Collect$$rtexit$$00000002  c_w.l(rtexit2.o)
    0x08000288   0x08000288   0x00000004   Code   RO         3854    .ARM.Collect$$rtexit$$00000003  c_w.l(rtexit2.o)
    0x0800028c   0x0800028c   0x00000006   Code   RO         3855    .ARM.Collect$$rtexit$$00000004  c_w.l(rtexit2.o)
    0x08000292   0x08000292   0x00000002   PAD
    0x08000294   0x08000294   0x00000040   Code   RO            4    .text               startup_stm32f407xx.o
    0x080002d4   0x080002d4   0x000000ee   Code   RO         3521    .text               c_w.l(lludivv7m.o)
    0x080003c2   0x080003c2   0x00000002   PAD
    0x080003c4   0x080003c4   0x00000028   Code   RO         3525    .text               c_w.l(noretval__2sprintf.o)
    0x080003ec   0x080003ec   0x0000004e   Code   RO         3529    .text               c_w.l(_printf_pad.o)
    0x0800043a   0x0800043a   0x00000002   PAD
    0x0800043c   0x0800043c   0x00000078   Code   RO         3531    .text               c_w.l(_printf_dec.o)
    0x080004b4   0x080004b4   0x0000010e   Code   RO         3541    .text               c_w.l(__printf_wp.o)
    0x080005c2   0x080005c2   0x0000001a   Code   RO         3556    .text               c_w.l(atoi.o)
    0x080005dc   0x080005dc   0x00000048   Code   RO         3558    .text               c_w.l(strcpy.o)
    0x08000624   0x08000624   0x0000003e   Code   RO         3560    .text               c_w.l(strlen.o)
    0x08000662   0x08000662   0x00000096   Code   RO         3562    .text               c_w.l(strncmp.o)
    0x080006f8   0x080006f8   0x00000018   Code   RO         3564    .text               c_w.l(strcat.o)
    0x08000710   0x08000710   0x0000004e   Code   RO         3566    .text               c_w.l(rt_memclr_w.o)
    0x0800075e   0x0800075e   0x00000006   Code   RO         3568    .text               c_w.l(heapauxi.o)
    0x08000764   0x08000764   0x00000008   Code   RO         3640    .text               c_w.l(rt_errno_addr_intlibspace.o)
    0x0800076c   0x0800076c   0x00000016   Code   RO         3642    .text               c_w.l(_rserrno.o)
    0x08000782   0x08000782   0x000000b2   Code   RO         3644    .text               c_w.l(_printf_intcommon.o)
    0x08000834   0x08000834   0x0000041e   Code   RO         3646    .text               c_w.l(_printf_fp_dec.o)
    0x08000c52   0x08000c52   0x00000002   PAD
    0x08000c54   0x08000c54   0x00000030   Code   RO         3648    .text               c_w.l(_printf_char_common.o)
    0x08000c84   0x08000c84   0x0000000a   Code   RO         3650    .text               c_w.l(_sputc.o)
    0x08000c8e   0x08000c8e   0x00000070   Code   RO         3653    .text               c_w.l(strtol.o)
    0x08000cfe   0x08000cfe   0x00000002   PAD
    0x08000d00   0x08000d00   0x00000008   Code   RO         3699    .text               c_w.l(libspace.o)
    0x08000d08   0x08000d08   0x00000010   Code   RO         3717    .text               c_w.l(rt_ctype_table.o)
    0x08000d18   0x08000d18   0x00000008   Code   RO         3724    .text               c_w.l(rt_locale_intlibspace.o)
    0x08000d20   0x08000d20   0x0000008a   Code   RO         3726    .text               c_w.l(lludiv10.o)
    0x08000daa   0x08000daa   0x00000002   PAD
    0x08000dac   0x08000dac   0x00000080   Code   RO         3728    .text               c_w.l(_printf_fp_infnan.o)
    0x08000e2c   0x08000e2c   0x0000009e   Code   RO         3732    .text               c_w.l(_strtoul.o)
    0x08000eca   0x08000eca   0x00000002   PAD
    0x08000ecc   0x08000ecc   0x000000e4   Code   RO         3734    .text               c_w.l(bigflt0.o)
    0x08000fb0   0x08000fb0   0x0000004a   Code   RO         3768    .text               c_w.l(sys_stackheap_outer.o)
    0x08000ffa   0x08000ffa   0x0000001c   Code   RO         3770    .text               c_w.l(_chval.o)
    0x08001016   0x08001016   0x00000012   Code   RO         3775    .text               c_w.l(exit.o)
    0x08001028   0x08001028   0x00000080   Code   RO         3781    .text               c_w.l(strcmpv7m.o)
    0x080010a8   0x080010a8   0x0000000c   Code   RO         3850    .text               c_w.l(sys_exit.o)
    0x080010b4   0x080010b4   0x00000002   Code   RO         3871    .text               c_w.l(use_no_semi.o)
    0x080010b6   0x080010b6   0x00000000   Code   RO         3873    .text               c_w.l(indicate_semi.o)
    0x080010b6   0x080010b6   0x0000003e   Code   RO         3737    CL$$btod_d2e        c_w.l(btod.o)
    0x080010f4   0x080010f4   0x00000046   Code   RO         3739    CL$$btod_d2e_denorm_low  c_w.l(btod.o)
    0x0800113a   0x0800113a   0x00000060   Code   RO         3738    CL$$btod_d2e_norm_op1  c_w.l(btod.o)
    0x0800119a   0x0800119a   0x00000338   Code   RO         3747    CL$$btod_div_common  c_w.l(btod.o)
    0x080014d2   0x080014d2   0x000000dc   Code   RO         3744    CL$$btod_e2e        c_w.l(btod.o)
    0x080015ae   0x080015ae   0x0000002a   Code   RO         3741    CL$$btod_ediv       c_w.l(btod.o)
    0x080015d8   0x080015d8   0x0000002a   Code   RO         3740    CL$$btod_emul       c_w.l(btod.o)
    0x08001602   0x08001602   0x00000244   Code   RO         3746    CL$$btod_mult_common  c_w.l(btod.o)
    0x08001846   0x08001846   0x0000006e   Code   RO          744    i.ADC_DMAConvCplt   stm32f4xx_hal_adc.o
    0x080018b4   0x080018b4   0x00000016   Code   RO          745    i.ADC_DMAError      stm32f4xx_hal_adc.o
    0x080018ca   0x080018ca   0x0000000a   Code   RO          746    i.ADC_DMAHalfConvCplt  stm32f4xx_hal_adc.o
    0x080018d4   0x080018d4   0x0000000c   Code   RO          547    i.ADC_IRQHandler    stm32f4xx_it.o
    0x080018e0   0x080018e0   0x00000128   Code   RO          747    i.ADC_Init          stm32f4xx_hal_adc.o
    0x08001a08   0x08001a08   0x00000002   Code   RO          548    i.BusFault_Handler  stm32f4xx_it.o
    0x08001a0a   0x08001a0a   0x00000002   PAD
    0x08001a0c   0x08001a0c   0x0000000c   Code   RO          549    i.DMA2_Stream0_IRQHandler  stm32f4xx_it.o
    0x08001a18   0x08001a18   0x0000000c   Code   RO          550    i.DMA2_Stream1_IRQHandler  stm32f4xx_it.o
    0x08001a24   0x08001a24   0x0000000c   Code   RO          551    i.DMA2_Stream6_IRQHandler  stm32f4xx_it.o
    0x08001a30   0x08001a30   0x00000028   Code   RO         1481    i.DMA_CalcBaseAndBitshift  stm32f4xx_hal_dma.o
    0x08001a58   0x08001a58   0x00000054   Code   RO         1482    i.DMA_CheckFifoParam  stm32f4xx_hal_dma.o
    0x08001aac   0x08001aac   0x00000028   Code   RO         1483    i.DMA_SetConfig     stm32f4xx_hal_dma.o
    0x08001ad4   0x08001ad4   0x00000002   Code   RO          552    i.DebugMon_Handler  stm32f4xx_it.o
    0x08001ad6   0x08001ad6   0x00000006   Code   RO          553    i.EXTI2_IRQHandler  stm32f4xx_it.o
    0x08001adc   0x08001adc   0x00000004   Code   RO          290    i.Error_Handler     main.o
    0x08001ae0   0x08001ae0   0x00000002   Code   RO          918    i.HAL_ADCEx_InjectedConvCpltCallback  stm32f4xx_hal_adc_ex.o
    0x08001ae2   0x08001ae2   0x00000002   PAD
    0x08001ae4   0x08001ae4   0x0000014c   Code   RO          749    i.HAL_ADC_ConfigChannel  stm32f4xx_hal_adc.o
    0x08001c30   0x08001c30   0x00000002   Code   RO          750    i.HAL_ADC_ConvCpltCallback  stm32f4xx_hal_adc.o
    0x08001c32   0x08001c32   0x00000002   Code   RO          751    i.HAL_ADC_ConvHalfCpltCallback  stm32f4xx_hal_adc.o
    0x08001c34   0x08001c34   0x00000002   Code   RO          753    i.HAL_ADC_ErrorCallback  stm32f4xx_hal_adc.o
    0x08001c36   0x08001c36   0x0000013c   Code   RO          757    i.HAL_ADC_IRQHandler  stm32f4xx_hal_adc.o
    0x08001d72   0x08001d72   0x00000054   Code   RO          758    i.HAL_ADC_Init      stm32f4xx_hal_adc.o
    0x08001dc6   0x08001dc6   0x00000002   Code   RO          759    i.HAL_ADC_LevelOutOfWindowCallback  stm32f4xx_hal_adc.o
    0x08001dc8   0x08001dc8   0x000000a8   Code   RO          684    i.HAL_ADC_MspInit   stm32f4xx_hal_msp.o
    0x08001e70   0x08001e70   0x00000154   Code   RO          765    i.HAL_ADC_Start_DMA  stm32f4xx_hal_adc.o
    0x08001fc4   0x08001fc4   0x00000092   Code   RO         1484    i.HAL_DMA_Abort     stm32f4xx_hal_dma.o
    0x08002056   0x08002056   0x00000024   Code   RO         1485    i.HAL_DMA_Abort_IT  stm32f4xx_hal_dma.o
    0x0800207a   0x0800207a   0x00000002   PAD
    0x0800207c   0x0800207c   0x000001a0   Code   RO         1489    i.HAL_DMA_IRQHandler  stm32f4xx_hal_dma.o
    0x0800221c   0x0800221c   0x000000d4   Code   RO         1490    i.HAL_DMA_Init      stm32f4xx_hal_dma.o
    0x080022f0   0x080022f0   0x0000006e   Code   RO         1494    i.HAL_DMA_Start_IT  stm32f4xx_hal_dma.o
    0x0800235e   0x0800235e   0x00000002   PAD
    0x08002360   0x08002360   0x00000024   Code   RO         1903    i.HAL_Delay         stm32f4xx_hal.o
    0x08002384   0x08002384   0x0000002c   Code   RO          291    i.HAL_GPIO_EXTI_Callback  main.o
    0x080023b0   0x080023b0   0x00000018   Code   RO         1376    i.HAL_GPIO_EXTI_IRQHandler  stm32f4xx_hal_gpio.o
    0x080023c8   0x080023c8   0x000001f0   Code   RO         1377    i.HAL_GPIO_Init     stm32f4xx_hal_gpio.o
    0x080025b8   0x080025b8   0x0000000a   Code   RO         1379    i.HAL_GPIO_ReadPin  stm32f4xx_hal_gpio.o
    0x080025c2   0x080025c2   0x00000010   Code   RO         1380    i.HAL_GPIO_TogglePin  stm32f4xx_hal_gpio.o
    0x080025d2   0x080025d2   0x0000000a   Code   RO         1381    i.HAL_GPIO_WritePin  stm32f4xx_hal_gpio.o
    0x080025dc   0x080025dc   0x0000000c   Code   RO         1909    i.HAL_GetTick       stm32f4xx_hal.o
    0x080025e8   0x080025e8   0x00000010   Code   RO         1915    i.HAL_IncTick       stm32f4xx_hal.o
    0x080025f8   0x080025f8   0x00000034   Code   RO         1916    i.HAL_Init          stm32f4xx_hal.o
    0x0800262c   0x0800262c   0x00000040   Code   RO         1917    i.HAL_InitTick      stm32f4xx_hal.o
    0x0800266c   0x0800266c   0x00000030   Code   RO          685    i.HAL_MspInit       stm32f4xx_hal_msp.o
    0x0800269c   0x0800269c   0x0000001a   Code   RO         1766    i.HAL_NVIC_EnableIRQ  stm32f4xx_hal_cortex.o
    0x080026b6   0x080026b6   0x00000002   PAD
    0x080026b8   0x080026b8   0x00000040   Code   RO         1772    i.HAL_NVIC_SetPriority  stm32f4xx_hal_cortex.o
    0x080026f8   0x080026f8   0x00000024   Code   RO         1773    i.HAL_NVIC_SetPriorityGrouping  stm32f4xx_hal_cortex.o
    0x0800271c   0x0800271c   0x00000134   Code   RO         1023    i.HAL_RCC_ClockConfig  stm32f4xx_hal_rcc.o
    0x08002850   0x08002850   0x00000020   Code   RO         1030    i.HAL_RCC_GetPCLK1Freq  stm32f4xx_hal_rcc.o
    0x08002870   0x08002870   0x00000020   Code   RO         1031    i.HAL_RCC_GetPCLK2Freq  stm32f4xx_hal_rcc.o
    0x08002890   0x08002890   0x00000064   Code   RO         1032    i.HAL_RCC_GetSysClockFreq  stm32f4xx_hal_rcc.o
    0x080028f4   0x080028f4   0x0000036c   Code   RO         1035    i.HAL_RCC_OscConfig  stm32f4xx_hal_rcc.o
    0x08002c60   0x08002c60   0x00000028   Code   RO         1777    i.HAL_SYSTICK_Config  stm32f4xx_hal_cortex.o
    0x08002c88   0x08002c88   0x00000002   Code   RO         2860    i.HAL_TIMEx_BreakCallback  stm32f4xx_hal_tim_ex.o
    0x08002c8a   0x08002c8a   0x00000002   Code   RO         2861    i.HAL_TIMEx_CommutCallback  stm32f4xx_hal_tim_ex.o
    0x08002c8c   0x08002c8c   0x00000090   Code   RO         2879    i.HAL_TIMEx_MasterConfigSynchronization  stm32f4xx_hal_tim_ex.o
    0x08002d1c   0x08002d1c   0x0000005a   Code   RO         2156    i.HAL_TIM_Base_Init  stm32f4xx_hal_tim.o
    0x08002d76   0x08002d76   0x00000002   PAD
    0x08002d78   0x08002d78   0x0000006c   Code   RO          687    i.HAL_TIM_Base_MspInit  stm32f4xx_hal_msp.o
    0x08002de4   0x08002de4   0x00000080   Code   RO         2161    i.HAL_TIM_Base_Start_IT  stm32f4xx_hal_tim.o
    0x08002e64   0x08002e64   0x000000dc   Code   RO         2165    i.HAL_TIM_ConfigClockSource  stm32f4xx_hal_tim.o
    0x08002f40   0x08002f40   0x00000002   Code   RO         2190    i.HAL_TIM_IC_CaptureCallback  stm32f4xx_hal_tim.o
    0x08002f42   0x08002f42   0x00000166   Code   RO         2204    i.HAL_TIM_IRQHandler  stm32f4xx_hal_tim.o
    0x080030a8   0x080030a8   0x00000002   Code   RO         2207    i.HAL_TIM_OC_DelayElapsedCallback  stm32f4xx_hal_tim.o
    0x080030aa   0x080030aa   0x00000002   Code   RO         2234    i.HAL_TIM_PWM_PulseFinishedCallback  stm32f4xx_hal_tim.o
    0x080030ac   0x080030ac   0x000002f4   Code   RO          292    i.HAL_TIM_PeriodElapsedCallback  main.o
    0x080033a0   0x080033a0   0x00000002   Code   RO         2247    i.HAL_TIM_TriggerCallback  stm32f4xx_hal_tim.o
    0x080033a2   0x080033a2   0x00000002   Code   RO         3138    i.HAL_UARTEx_RxEventCallback  stm32f4xx_hal_uart.o
    0x080033a4   0x080033a4   0x00000002   Code   RO         3152    i.HAL_UART_ErrorCallback  stm32f4xx_hal_uart.o
    0x080033a6   0x080033a6   0x00000002   PAD
    0x080033a8   0x080033a8   0x00000268   Code   RO         3155    i.HAL_UART_IRQHandler  stm32f4xx_hal_uart.o
    0x08003610   0x08003610   0x00000062   Code   RO         3156    i.HAL_UART_Init     stm32f4xx_hal_uart.o
    0x08003672   0x08003672   0x00000002   PAD
    0x08003674   0x08003674   0x000000e8   Code   RO          689    i.HAL_UART_MspInit  stm32f4xx_hal_msp.o
    0x0800375c   0x0800375c   0x0000002a   Code   RO         3161    i.HAL_UART_Receive_IT  stm32f4xx_hal_uart.o
    0x08003786   0x08003786   0x00000002   PAD
    0x08003788   0x08003788   0x000000b4   Code   RO          293    i.HAL_UART_RxCpltCallback  main.o
    0x0800383c   0x0800383c   0x0000003e   Code   RO         3166    i.HAL_UART_Transmit_IT  stm32f4xx_hal_uart.o
    0x0800387a   0x0800387a   0x00000002   Code   RO         3167    i.HAL_UART_TxCpltCallback  stm32f4xx_hal_uart.o
    0x0800387c   0x0800387c   0x00000002   Code   RO          554    i.HardFault_Handler  stm32f4xx_it.o
    0x0800387e   0x0800387e   0x00000002   PAD
    0x08003880   0x08003880   0x00000078   Code   RO          294    i.MX_ADC1_Init      main.o
    0x080038f8   0x080038f8   0x00000114   Code   RO          295    i.MX_GPIO_Init      main.o
    0x08003a0c   0x08003a0c   0x0000006c   Code   RO          296    i.MX_TIM1_Init      main.o
    0x08003a78   0x08003a78   0x00000002   Code   RO          555    i.MemManage_Handler  stm32f4xx_it.o
    0x08003a7a   0x08003a7a   0x00000002   Code   RO          556    i.NMI_Handler       stm32f4xx_it.o
    0x08003a7c   0x08003a7c   0x00000002   Code   RO          557    i.PendSV_Handler    stm32f4xx_it.o
    0x08003a7e   0x08003a7e   0x00000002   Code   RO          558    i.SVC_Handler       stm32f4xx_it.o
    0x08003a80   0x08003a80   0x00000004   Code   RO          559    i.SysTick_Handler   stm32f4xx_it.o
    0x08003a84   0x08003a84   0x00000090   Code   RO          298    i.SystemClock_Config  main.o
    0x08003b14   0x08003b14   0x00000010   Code   RO         3485    i.SystemInit        system_stm32f4xx.o
    0x08003b24   0x08003b24   0x0000000c   Code   RO          560    i.TIM1_BRK_TIM9_IRQHandler  stm32f4xx_it.o
    0x08003b30   0x08003b30   0x0000000c   Code   RO          561    i.TIM1_CC_IRQHandler  stm32f4xx_it.o
    0x08003b3c   0x08003b3c   0x0000000c   Code   RO          562    i.TIM1_TRG_COM_TIM11_IRQHandler  stm32f4xx_it.o
    0x08003b48   0x08003b48   0x0000000c   Code   RO          563    i.TIM1_UP_TIM10_IRQHandler  stm32f4xx_it.o
    0x08003b54   0x08003b54   0x000000c8   Code   RO         2249    i.TIM_Base_SetConfig  stm32f4xx_hal_tim.o
    0x08003c1c   0x08003c1c   0x00000014   Code   RO         2260    i.TIM_ETR_SetConfig  stm32f4xx_hal_tim.o
    0x08003c30   0x08003c30   0x00000010   Code   RO         2261    i.TIM_ITRx_SetConfig  stm32f4xx_hal_tim.o
    0x08003c40   0x08003c40   0x00000022   Code   RO         2267    i.TIM_TI1_ConfigInputStage  stm32f4xx_hal_tim.o
    0x08003c62   0x08003c62   0x00000024   Code   RO         2269    i.TIM_TI2_ConfigInputStage  stm32f4xx_hal_tim.o
    0x08003c86   0x08003c86   0x00000010   Code   RO         3169    i.UART_DMAAbortOnError  stm32f4xx_hal_uart.o
    0x08003c96   0x08003c96   0x0000004e   Code   RO         3179    i.UART_EndRxTransfer  stm32f4xx_hal_uart.o
    0x08003ce4   0x08003ce4   0x000000c0   Code   RO         3181    i.UART_Receive_IT   stm32f4xx_hal_uart.o
    0x08003da4   0x08003da4   0x0000010c   Code   RO         3182    i.UART_SetConfig    stm32f4xx_hal_uart.o
    0x08003eb0   0x08003eb0   0x00000036   Code   RO         3184    i.UART_Start_Receive_IT  stm32f4xx_hal_uart.o
    0x08003ee6   0x08003ee6   0x00000002   PAD
    0x08003ee8   0x08003ee8   0x0000000c   Code   RO          564    i.USART6_IRQHandler  stm32f4xx_it.o
    0x08003ef4   0x08003ef4   0x00000002   Code   RO          565    i.UsageFault_Handler  stm32f4xx_it.o
    0x08003ef6   0x08003ef6   0x00000030   Code   RO         3694    i.__ARM_fpclassify  m_wm.l(fpclassify.o)
    0x08003f26   0x08003f26   0x00000020   Code   RO         1779    i.__NVIC_SetPriority  stm32f4xx_hal_cortex.o
    0x08003f46   0x08003f46   0x00000002   PAD
    0x08003f48   0x08003f48   0x00000118   Code   RO         3600    i.__hardfp_floor    m_wm.l(floor.o)
    0x08004060   0x08004060   0x00000c50   Code   RO         3606    i.__hardfp_pow      m_wm.l(pow.o)
    0x08004cb0   0x08004cb0   0x0000007a   Code   RO         3620    i.__hardfp_sqrt     m_wm.l(sqrt.o)
    0x08004d2a   0x08004d2a   0x000000f8   Code   RO         3696    i.__kernel_poly     m_wm.l(poly.o)
    0x08004e22   0x08004e22   0x00000006   PAD
    0x08004e28   0x08004e28   0x00000030   Code   RO         3674    i.__mathlib_dbl_divzero  m_wm.l(dunder.o)
    0x08004e58   0x08004e58   0x00000014   Code   RO         3676    i.__mathlib_dbl_infnan2  m_wm.l(dunder.o)
    0x08004e6c   0x08004e6c   0x00000004   PAD
    0x08004e70   0x08004e70   0x00000020   Code   RO         3677    i.__mathlib_dbl_invalid  m_wm.l(dunder.o)
    0x08004e90   0x08004e90   0x00000020   Code   RO         3678    i.__mathlib_dbl_overflow  m_wm.l(dunder.o)
    0x08004eb0   0x08004eb0   0x00000020   Code   RO         3680    i.__mathlib_dbl_underflow  m_wm.l(dunder.o)
    0x08004ed0   0x08004ed0   0x0000000e   Code   RO         3543    i._is_digit         c_w.l(__printf_wp.o)
    0x08004ede   0x08004ede   0x00000002   PAD
    0x08004ee0   0x08004ee0   0x000000b0   Code   RO          299    i.calculateSD       main.o
    0x08004f90   0x08004f90   0x00000018   Code   RO         3690    i.fabs              m_wm.l(fabs.o)
    0x08004fa8   0x08004fa8   0x0000008c   Code   RO          315    i.ftoa              main.o
    0x08005034   0x08005034   0x0000003e   Code   RO          316    i.intToStr          main.o
    0x08005072   0x08005072   0x0000001c   Code   RO           18    i.lcd_cmd           lcd_character.o
    0x0800508e   0x0800508e   0x0000001c   Code   RO           19    i.lcd_data          lcd_character.o
    0x080050aa   0x080050aa   0x00000002   PAD
    0x080050ac   0x080050ac   0x00000028   Code   RO           20    i.lcd_en_clk        lcd_character.o
    0x080050d4   0x080050d4   0x0000003c   Code   RO           22    i.lcd_gotoxy        lcd_character.o
    0x08005110   0x08005110   0x000000a4   Code   RO           27    i.lcd_init          lcd_character.o
    0x080051b4   0x080051b4   0x0000002c   Code   RO           28    i.lcd_ins           lcd_character.o
    0x080051e0   0x080051e0   0x0000002c   Code   RO           29    i.lcd_ins2          lcd_character.o
    0x0800520c   0x0800520c   0x00000014   Code   RO           32    i.lcd_puts          lcd_character.o
    0x08005220   0x08005220   0x0000006c   Code   RO           33    i.lcd_reset         lcd_character.o
    0x0800528c   0x0800528c   0x00000648   Code   RO          317    i.main              main.o
    0x080058d4   0x080058d4   0x0000001a   Code   RO          318    i.reverse           main.o
    0x080058ee   0x080058ee   0x0000006e   Code   RO         3622    i.sqrt              m_wm.l(sqrt.o)
    0x0800595c   0x0800595c   0x0000000e   Code   RO           38    i.wait_lcd          lcd_character.o
    0x0800596a   0x0800596a   0x00000002   PAD
    0x0800596c   0x0800596c   0x0000002c   Code   RO         3760    locale$$code        c_w.l(lc_numeric_c.o)
    0x08005998   0x08005998   0x0000002c   Code   RO         3773    locale$$code        c_w.l(lc_ctype_c.o)
    0x080059c4   0x080059c4   0x00000018   Code   RO         3655    x$fpl$basic         fz_wm.l(basic.o)
    0x080059dc   0x080059dc   0x00000062   Code   RO         3572    x$fpl$d2f           fz_wm.l(d2f.o)
    0x08005a3e   0x08005a3e   0x00000002   PAD
    0x08005a40   0x08005a40   0x00000150   Code   RO         3574    x$fpl$dadd          fz_wm.l(daddsub_clz.o)
    0x08005b90   0x08005b90   0x00000010   Code   RO         3762    x$fpl$dcheck1       fz_wm.l(dcheck1.o)
    0x08005ba0   0x08005ba0   0x00000018   Code   RO         3764    x$fpl$dcmpinf       fz_wm.l(dcmpi.o)
    0x08005bb8   0x08005bb8   0x000002b0   Code   RO         3581    x$fpl$ddiv          fz_wm.l(ddiv.o)
    0x08005e68   0x08005e68   0x0000005e   Code   RO         3584    x$fpl$dfix          fz_wm.l(dfix.o)
    0x08005ec6   0x08005ec6   0x0000002e   Code   RO         3589    x$fpl$dflt          fz_wm.l(dflt_clz.o)
    0x08005ef4   0x08005ef4   0x00000026   Code   RO         3588    x$fpl$dfltu         fz_wm.l(dflt_clz.o)
    0x08005f1a   0x08005f1a   0x00000002   PAD
    0x08005f1c   0x08005f1c   0x00000078   Code   RO         3657    x$fpl$dleqf         fz_wm.l(dleqf.o)
    0x08005f94   0x08005f94   0x00000154   Code   RO         3594    x$fpl$dmul          fz_wm.l(dmul.o)
    0x080060e8   0x080060e8   0x0000009c   Code   RO         3659    x$fpl$dnaninf       fz_wm.l(dnaninf.o)
    0x08006184   0x08006184   0x0000000c   Code   RO         3661    x$fpl$dretinf       fz_wm.l(dretinf.o)
    0x08006190   0x08006190   0x0000006c   Code   RO         3663    x$fpl$drleqf        fz_wm.l(drleqf.o)
    0x080061fc   0x080061fc   0x00000016   Code   RO         3575    x$fpl$drsb          fz_wm.l(daddsub_clz.o)
    0x08006212   0x08006212   0x00000002   PAD
    0x08006214   0x08006214   0x00000198   Code   RO         3665    x$fpl$dsqrt         fz_wm.l(dsqrt_umaal.o)
    0x080063ac   0x080063ac   0x000001d4   Code   RO         3576    x$fpl$dsub          fz_wm.l(daddsub_clz.o)
    0x08006580   0x08006580   0x00000056   Code   RO         3596    x$fpl$f2d           fz_wm.l(f2d.o)
    0x080065d6   0x080065d6   0x0000008c   Code   RO         3667    x$fpl$fnaninf       fz_wm.l(fnaninf.o)
    0x08006662   0x08006662   0x0000000a   Code   RO         3846    x$fpl$fpinit        fz_wm.l(fpinit.o)
    0x0800666c   0x0800666c   0x0000000a   Code   RO         3669    x$fpl$fretinf       fz_wm.l(fretinf.o)
    0x08006676   0x08006676   0x00000004   Code   RO         3598    x$fpl$printf1       fz_wm.l(printf1.o)
    0x0800667a   0x0800667a   0x00000064   Code   RO         3834    x$fpl$retnan        fz_wm.l(retnan.o)
    0x080066de   0x080066de   0x0000005c   Code   RO         3671    x$fpl$scalbn        fz_wm.l(scalbn.o)
    0x0800673a   0x0800673a   0x00000030   Code   RO         3848    x$fpl$trapveneer    fz_wm.l(trapv.o)
    0x0800676a   0x0800676a   0x00000000   Code   RO         3673    x$fpl$usenofp       fz_wm.l(usenofp.o)
    0x0800676a   0x0800676a   0x00000008   Data   RO         1496    .constdata          stm32f4xx_hal_dma.o
    0x08006772   0x08006772   0x00000010   Data   RO         3486    .constdata          system_stm32f4xx.o
    0x08006782   0x08006782   0x00000008   Data   RO         3487    .constdata          system_stm32f4xx.o
    0x0800678a   0x0800678a   0x00000006   PAD
    0x08006790   0x08006790   0x00000088   Data   RO         3609    .constdata          m_wm.l(pow.o)
    0x08006818   0x08006818   0x00000008   Data   RO         3698    .constdata          m_wm.l(qnan.o)
    0x08006820   0x08006820   0x00000094   Data   RO         3735    .constdata          c_w.l(bigflt0.o)
    0x080068b4   0x080068b4   0x00000020   Data   RO         3917    Region$$Table       anon$$obj.o
    0x080068d4   0x080068d4   0x0000001c   Data   RO         3759    locale$$data        c_w.l(lc_numeric_c.o)
    0x080068f0   0x080068f0   0x00000110   Data   RO         3772    locale$$data        c_w.l(lc_ctype_c.o)


    Execution Region RW_IRAM1 (Exec base: 0x20000000, Load base: 0x08006a00, Size: 0x00004d30, Max: 0x0001c000, ABSOLUTE, COMPRESSED[0x000001a8])

    Exec Addr    Load Addr    Size         Type   Attr      Idx    E Section Name        Object

    0x20000000   COMPRESSED   0x00000440   Data   RW          328    .data               main.o
    0x20000440   COMPRESSED   0x0000000c   Data   RW         1923    .data               stm32f4xx_hal.o
    0x2000044c   COMPRESSED   0x00000004   Data   RW         3488    .data               system_stm32f4xx.o
    0x20000450        -       0x0000415c   Zero   RW          321    .bss                main.o
    0x200045ac        -       0x00000060   Zero   RW          323    .bss                main.o
    0x2000460c        -       0x00000060   Zero   RW          324    .bss                main.o
    0x2000466c        -       0x00000060   Zero   RW          325    .bss                main.o
    0x200046cc        -       0x00000060   Zero   RW         3700    .bss                c_w.l(libspace.o)
    0x2000472c   COMPRESSED   0x00000004   PAD
    0x20004730        -       0x00000200   Zero   RW            2    HEAP                startup_stm32f407xx.o
    0x20004930        -       0x00000400   Zero   RW            1    STACK               startup_stm32f407xx.o


    Execution Region RW_IRAM2 (Exec base: 0x2001c000, Load base: 0x08006ba8, Size: 0x00000000, Max: 0x00004000, ABSOLUTE)

    **** No section assigned to this execution region ****


==============================================================================

Image component sizes


      Code (inc. data)   RO Data    RW Data    ZI Data      Debug   Object Name

       550         32          0          0          0     719145   lcd_character.o
      3644        424          0       1088      17020      17314   main.o
        64         26        392          0       1536        880   startup_stm32f407xx.o
       180         28          0         12          0       9709   stm32f4xx_hal.o
      1518         66          0          0          0       9405   stm32f4xx_hal_adc.o
         2          0          0          0          0       1057   stm32f4xx_hal_adc_ex.o
       198         14          0          0          0      34175   stm32f4xx_hal_cortex.o
      1084         16          8          0          0       7690   stm32f4xx_hal_dma.o
       556         52          0          0          0       4351   stm32f4xx_hal_gpio.o
       556         64          0          0          0       3424   stm32f4xx_hal_msp.o
      1348         76          0          0          0       5468   stm32f4xx_hal_rcc.o
      1110         72          0          0          0      10705   stm32f4xx_hal_tim.o
       148         28          0          0          0       2609   stm32f4xx_hal_tim_ex.o
      1432         16          0          0          0      10455   stm32f4xx_hal_uart.o
       134         54          0          0          0       9651   stm32f4xx_it.o
        16          4         24          4          0       1243   system_stm32f4xx.o

    ----------------------------------------------------------------------
     12568        972        462       1104      18556     847281   Object Totals
         0          0         32          0          0          0   (incl. Generated)
        28          0          6          0          0          0   (incl. Padding)

    ----------------------------------------------------------------------

      Code (inc. data)   RO Data    RW Data    ZI Data      Debug   Library Member Name

        90          0          0          0          0          0   __dczerorl2.o
         8          0          0          0          0         68   __main.o
       284          0          0          0          0        156   __printf_wp.o
         0          0          0          0          0          0   __rtentry.o
        12          0          0          0          0          0   __rtentry2.o
         6          0          0          0          0          0   __rtentry4.o
        52          8          0          0          0          0   __scatter.o
        28          0          0          0          0          0   __scatter_zi.o
        28          0          0          0          0         68   _chval.o
        48          6          0          0          0         96   _printf_char_common.o
         6          0          0          0          0          0   _printf_d.o
       120         16          0          0          0         92   _printf_dec.o
         6          0          0          0          0          0   _printf_f.o
      1054          0          0          0          0        216   _printf_fp_dec.o
       128         16          0          0          0         84   _printf_fp_infnan.o
       178          0          0          0          0         88   _printf_intcommon.o
        78          0          0          0          0        108   _printf_pad.o
         0          0          0          0          0          0   _printf_percent.o
         4          0          0          0          0          0   _printf_percent_end.o
        22          0          0          0          0        100   _rserrno.o
        10          0          0          0          0         68   _sputc.o
       158          0          0          0          0         92   _strtoul.o
        26          0          0          0          0         80   atoi.o
       228          4        148          0          0         96   bigflt0.o
      1936        128          0          0          0        672   btod.o
        18          0          0          0          0         80   exit.o
         6          0          0          0          0        152   heapauxi.o
         0          0          0          0          0          0   indicate_semi.o
        44         10        272          0          0         76   lc_ctype_c.o
        44         10         28          0          0         76   lc_numeric_c.o
         2          0          0          0          0          0   libinit.o
        34          0          0          0          0          0   libinit2.o
         2          0          0          0          0          0   libshutdown.o
         2          0          0          0          0          0   libshutdown2.o
         8          4          0          0         96         68   libspace.o
       138          0          0          0          0         80   lludiv10.o
       238          0          0          0          0        100   lludivv7m.o
        40          6          0          0          0         84   noretval__2sprintf.o
        16          4          0          0          0         76   rt_ctype_table.o
         8          4          0          0          0         68   rt_errno_addr_intlibspace.o
         8          4          0          0          0         68   rt_locale_intlibspace.o
        78          0          0          0          0         80   rt_memclr_w.o
         2          0          0          0          0          0   rtexit.o
        10          0          0          0          0          0   rtexit2.o
        24          0          0          0          0         68   strcat.o
       128          0          0          0          0         68   strcmpv7m.o
        72          0          0          0          0         80   strcpy.o
        62          0          0          0          0         76   strlen.o
       150          0          0          0          0         80   strncmp.o
       112          0          0          0          0         88   strtol.o
        12          4          0          0          0         68   sys_exit.o
        74          0          0          0          0         80   sys_stackheap_outer.o
         2          0          0          0          0         68   use_no_semi.o
        24          0          0          0          0        164   basic.o
        98          4          0          0          0        140   d2f.o
       826         16          0          0          0        492   daddsub_clz.o
        16          4          0          0          0        116   dcheck1.o
        24          0          0          0          0        116   dcmpi.o
       688        140          0          0          0        256   ddiv.o
        94          4          0          0          0        140   dfix.o
        84          0          0          0          0        232   dflt_clz.o
       120          4          0          0          0        140   dleqf.o
       340         12          0          0          0        152   dmul.o
       156          4          0          0          0        140   dnaninf.o
        12          0          0          0          0        116   dretinf.o
       108          0          0          0          0        128   drleqf.o
       408         56          0          0          0        168   dsqrt_umaal.o
        86          4          0          0          0        132   f2d.o
       140          4          0          0          0        132   fnaninf.o
        10          0          0          0          0        116   fpinit.o
        10          0          0          0          0        116   fretinf.o
         4          0          0          0          0        116   printf1.o
       100          0          0          0          0        116   retnan.o
        92          0          0          0          0        116   scalbn.o
        48          0          0          0          0        116   trapv.o
         0          0          0          0          0          0   usenofp.o
       164         44          0          0          0        620   dunder.o
        24          0          0          0          0        124   fabs.o
       280         28          0          0          0        156   floor.o
        48          0          0          0          0        124   fpclassify.o
       248          0          0          0          0        152   poly.o
      3152        296        136          0          0        352   pow.o
         0          0          8          0          0          0   qnan.o
       232          0          0          0          0        296   sqrt.o

    ----------------------------------------------------------------------
     13514        844        592          0        100       9052   Library Totals
        34          0          0          0          4          0   (incl. Padding)

    ----------------------------------------------------------------------

      Code (inc. data)   RO Data    RW Data    ZI Data      Debug   Library Name

      5844        224        448          0         96       3768   c_w.l
      3488        252          0          0          0       3460   fz_wm.l
      4148        368        144          0          0       1824   m_wm.l

    ----------------------------------------------------------------------
     13514        844        592          0        100       9052   Library Totals

    ----------------------------------------------------------------------

==============================================================================


      Code (inc. data)   RO Data    RW Data    ZI Data      Debug   

     26082       1816       1054       1104      18656     839701   Grand Totals
     26082       1816       1054        424      18656     839701   ELF Image Totals (compressed)
     26082       1816       1054        424          0          0   ROM Totals

==============================================================================

    Total RO  Size (Code + RO Data)                27136 (  26.50kB)
    Total RW  Size (RW Data + ZI Data)             19760 (  19.30kB)
    Total ROM Size (Code + RO Data + RW Data)      27560 (  26.91kB)

==============================================================================

